Archive member included to satisfy reference by file (symbol)

/home/enzo/.pico-sdk/toolchain/13_3_Rel1/bin/../lib/gcc/arm-none-eabi/13.3.1/thumb/v6-m/nofp/libgcc.a(_dvmd_tls.o)
                              CMakeFiles/pio_matrix.dir/home/enzo/.pico-sdk/sdk/2.1.0/src/rp2_common/pico_divider/divider_hardware.S.o (__aeabi_idiv0)
/home/enzo/.pico-sdk/toolchain/13_3_Rel1/bin/../lib/gcc/arm-none-eabi/13.3.1/../../../../arm-none-eabi/lib/thumb/v6-m/nofp/libg.a(libc_a-strlen-stub.o)
                              CMakeFiles/pio_matrix.dir/home/enzo/.pico-sdk/sdk/2.1.0/src/rp2_common/pico_stdio/stdio.c.o (strlen)
/home/enzo/.pico-sdk/toolchain/13_3_Rel1/bin/../lib/gcc/arm-none-eabi/13.3.1/../../../../arm-none-eabi/lib/thumb/v6-m/nofp/libg.a(libc_a-malloc.o)
                              CMakeFiles/pio_matrix.dir/home/enzo/.pico-sdk/sdk/2.1.0/src/rp2_common/pico_malloc/malloc.c.o (malloc)
/home/enzo/.pico-sdk/toolchain/13_3_Rel1/bin/../lib/gcc/arm-none-eabi/13.3.1/../../../../arm-none-eabi/lib/thumb/v6-m/nofp/libg.a(libc_a-mallocr.o)
                              /home/enzo/.pico-sdk/toolchain/13_3_Rel1/bin/../lib/gcc/arm-none-eabi/13.3.1/../../../../arm-none-eabi/lib/thumb/v6-m/nofp/libg.a(libc_a-malloc.o) (_malloc_r)
/home/enzo/.pico-sdk/toolchain/13_3_Rel1/bin/../lib/gcc/arm-none-eabi/13.3.1/../../../../arm-none-eabi/lib/thumb/v6-m/nofp/libg.a(libc_a-lcltime_r.o)
                              CMakeFiles/pio_matrix.dir/home/enzo/.pico-sdk/sdk/2.1.0/src/common/pico_util/datetime.c.o (localtime_r)
/home/enzo/.pico-sdk/toolchain/13_3_Rel1/bin/../lib/gcc/arm-none-eabi/13.3.1/../../../../arm-none-eabi/lib/thumb/v6-m/nofp/libg.a(libc_a-sbrkr.o)
                              /home/enzo/.pico-sdk/toolchain/13_3_Rel1/bin/../lib/gcc/arm-none-eabi/13.3.1/../../../../arm-none-eabi/lib/thumb/v6-m/nofp/libg.a(libc_a-mallocr.o) (_sbrk_r)
/home/enzo/.pico-sdk/toolchain/13_3_Rel1/bin/../lib/gcc/arm-none-eabi/13.3.1/../../../../arm-none-eabi/lib/thumb/v6-m/nofp/libg.a(libc_a-mktime.o)
                              CMakeFiles/pio_matrix.dir/home/enzo/.pico-sdk/sdk/2.1.0/src/common/pico_util/datetime.c.o (mktime)
/home/enzo/.pico-sdk/toolchain/13_3_Rel1/bin/../lib/gcc/arm-none-eabi/13.3.1/../../../../arm-none-eabi/lib/thumb/v6-m/nofp/libg.a(libc_a-month_lengths.o)
                              /home/enzo/.pico-sdk/toolchain/13_3_Rel1/bin/../lib/gcc/arm-none-eabi/13.3.1/../../../../arm-none-eabi/lib/thumb/v6-m/nofp/libg.a(libc_a-lcltime_r.o) (__month_lengths)
/home/enzo/.pico-sdk/toolchain/13_3_Rel1/bin/../lib/gcc/arm-none-eabi/13.3.1/../../../../arm-none-eabi/lib/thumb/v6-m/nofp/libg.a(libc_a-tzcalc_limits.o)
                              /home/enzo/.pico-sdk/toolchain/13_3_Rel1/bin/../lib/gcc/arm-none-eabi/13.3.1/../../../../arm-none-eabi/lib/thumb/v6-m/nofp/libg.a(libc_a-lcltime_r.o) (__tzcalc_limits)
/home/enzo/.pico-sdk/toolchain/13_3_Rel1/bin/../lib/gcc/arm-none-eabi/13.3.1/../../../../arm-none-eabi/lib/thumb/v6-m/nofp/libg.a(libc_a-tzlock.o)
                              /home/enzo/.pico-sdk/toolchain/13_3_Rel1/bin/../lib/gcc/arm-none-eabi/13.3.1/../../../../arm-none-eabi/lib/thumb/v6-m/nofp/libg.a(libc_a-lcltime_r.o) (__tz_lock)
/home/enzo/.pico-sdk/toolchain/13_3_Rel1/bin/../lib/gcc/arm-none-eabi/13.3.1/../../../../arm-none-eabi/lib/thumb/v6-m/nofp/libg.a(libc_a-tzset.o)
                              /home/enzo/.pico-sdk/toolchain/13_3_Rel1/bin/../lib/gcc/arm-none-eabi/13.3.1/../../../../arm-none-eabi/lib/thumb/v6-m/nofp/libg.a(libc_a-lcltime_r.o) (_tzset_unlocked)
/home/enzo/.pico-sdk/toolchain/13_3_Rel1/bin/../lib/gcc/arm-none-eabi/13.3.1/../../../../arm-none-eabi/lib/thumb/v6-m/nofp/libg.a(libc_a-mlock.o)
                              /home/enzo/.pico-sdk/toolchain/13_3_Rel1/bin/../lib/gcc/arm-none-eabi/13.3.1/../../../../arm-none-eabi/lib/thumb/v6-m/nofp/libg.a(libc_a-mallocr.o) (__malloc_lock)
/home/enzo/.pico-sdk/toolchain/13_3_Rel1/bin/../lib/gcc/arm-none-eabi/13.3.1/../../../../arm-none-eabi/lib/thumb/v6-m/nofp/libg.a(libc_a-calloc.o)
                              CMakeFiles/pio_matrix.dir/home/enzo/.pico-sdk/sdk/2.1.0/src/rp2_common/pico_malloc/malloc.c.o (calloc)
/home/enzo/.pico-sdk/toolchain/13_3_Rel1/bin/../lib/gcc/arm-none-eabi/13.3.1/../../../../arm-none-eabi/lib/thumb/v6-m/nofp/libg.a(libc_a-memcmp.o)
                              CMakeFiles/pio_matrix.dir/home/enzo/.pico-sdk/sdk/2.1.0/src/rp2_common/pico_atomic/atomic.c.o (memcmp)
/home/enzo/.pico-sdk/toolchain/13_3_Rel1/bin/../lib/gcc/arm-none-eabi/13.3.1/../../../../arm-none-eabi/lib/thumb/v6-m/nofp/libg.a(libc_a-callocr.o)
                              /home/enzo/.pico-sdk/toolchain/13_3_Rel1/bin/../lib/gcc/arm-none-eabi/13.3.1/../../../../arm-none-eabi/lib/thumb/v6-m/nofp/libg.a(libc_a-calloc.o) (_calloc_r)
/home/enzo/.pico-sdk/toolchain/13_3_Rel1/bin/../lib/gcc/arm-none-eabi/13.3.1/../../../../arm-none-eabi/lib/thumb/v6-m/nofp/libg.a(libc_a-div.o)
[...]
Memory Configuration

Name             Origin             Length             Attributes
FLASH            0x10000000         0x00200000         xr
RAM              0x20000000         0x00040000         xrw
SCRATCH_X        0x20040000         0x00001000         xrw
SCRATCH_Y        0x20041000         0x00001000         xrw
*default*        0x00000000         0xffffffff

Linker script and memory map

LOAD /home/enzo/.pico-sdk/toolchain/13_3_Rel1/bin/../lib/gcc/arm-none-eabi/13.3.1/thumb/v6-m/nofp/crti.o
LOAD /home/enzo/.pico-sdk/toolchain/13_3_Rel1/bin/../lib/gcc/arm-none-eabi/13.3.1/thumb/v6-m/nofp/crtbegin.o
LOAD /home/enzo/.pico-sdk/toolchain/13_3_Rel1/bin/../lib/gcc/arm-none-eabi/13.3.1/../../../../arm-none-eabi/lib/thumb/v6-m/nofp/crt0.o

.flash_begin    0x10000000        0x0
                0x10000000                        __flash_binary_start = .

.boot2          0x10000000      0x100
                0x10000000                        __boot2_start__ = .
 *(.boot2)
 .boot2         0x10000000      0x100 pico-sdk/src/rp2040/boot_stage2/CMakeFiles/bs2_default_library.dir/./bs2_default_padded_checksummed.S.o
                0x10000100                        __boot2_end__ = .
                0x00000001                        ASSERT (((__boot2_end__ - __boot2_start__) == 0x100), ERROR: Pico second stage bootloader must be 256 bytes in size)

.text           0x10000100     0x757c
                0x10000100                        __logical_binary_start = .
 *(.vectors)
 .vectors       0x10000100       0xd4 CMakeFiles/pio_matrix.dir/home/enzo/.pico-sdk/sdk/2.1.0/src/rp2_common/pico_crt0/crt0.S.o
                0x10000100                __vectors
                0x10000100                __VECTOR_TABLE
                0x100001c0                isr_invalid
                0x100001c0                __default_isrs_start
                0x100001c2                isr_nmi
                0x100001c4                isr_hardfault
                0x100001c6                isr_svcall
                0x100001c8                isr_pendsv
                0x100001ca                isr_systick
                0x100001cc                isr_irq30
                0x100001cc                __unhandled_user_irq
                0x100001cc                isr_irq13
                0x100001cc                isr_irq27
                0x100001cc                isr_irq31
                0x100001cc                isr_irq5
                0x100001cc                isr_irq11
                0x100001cc                isr_irq23
                0x100001cc                isr_irq18
                0x100001cc                isr_irq28
                0x100001cc                isr_irq19
                0x100001cc                isr_irq0
                0x100001cc                isr_irq6
                0x100001cc                isr_irq22
                0x100001cc                isr_irq17
                0x100001cc                isr_irq14
                0x100001cc                isr_irq2
                0x100001cc                isr_irq10
                0x100001cc                isr_irq8
                0x100001cc                isr_irq24
                0x100001cc                isr_irq1
                0x100001cc                isr_irq7
                0x100001cc                isr_irq21
                0x100001cc                isr_irq20
                0x100001cc                isr_irq15
                0x100001cc                isr_irq25
                0x100001cc                isr_irq4
                0x100001cc                isr_irq16
                0x100001cc                isr_irq29
                0x100001cc                isr_irq26
                0x100001cc                __default_isrs_end
                0x100001cc                isr_irq3
                0x100001cc                isr_irq12
                0x100001cc                isr_irq9
                0x100001d2                unhandled_user_irq_num_in_r0
 *(.binary_info_header)
 .binary_info_header
                0x100001d4       0x14 CMakeFiles/pio_matrix.dir/home/enzo/.pico-sdk/sdk/2.1.0/src/rp2_common/pico_crt0/crt0.S.o
                0x100001e8                        __binary_info_header_end = .
 *(.embedded_block)
                0x100001e8                        __embedded_block_end = .
 *(.reset)
 .reset         0x100001e8       0x9c CMakeFiles/pio_matrix.dir/home/enzo/.pico-sdk/sdk/2.1.0/src/rp2_common/pico_crt0/crt0.S.o
                0x100001e8                _entry_point
 *(.init)
 .init          0x10000284        0x4 /home/enzo/.pico-sdk/toolchain/13_3_Rel1/bin/../lib/gcc/arm-none-eabi/13.3.1/thumb/v6-m/nofp/crti.o
                0x10000284                _init
 *(EXCLUDE_FILE(*libm.a: *libc.a:*lib_a-mem*.o *libgcc.a:) .text*)
 .text.register_tm_clones
                0x10000288       0x28 /home/enzo/.pico-sdk/toolchain/13_3_Rel1/bin/../lib/gcc/arm-none-eabi/13.3.1/thumb/v6-m/nofp/crtbegin.o
 .text.frame_dummy
                0x100002b0       0x24 /home/enzo/.pico-sdk/toolchain/13_3_Rel1/bin/../lib/gcc/arm-none-eabi/13.3.1/thumb/v6-m/nofp/crtbegin.o
 .text.gpio_irq_handler
                0x100002d4       0x24 CMakeFiles/pio_matrix.dir/pio_matrix.c.o
 .text.init_pinos
                0x100002f8       0x60 CMakeFiles/pio_matrix.dir/pio_matrix.c.o
                0x100002f8                init_pinos
 .text.startup.main
                0x10000358      0x910 CMakeFiles/pio_matrix.dir/pio_matrix.c.o
                0x10000358                main
 .text.gpio_default_irq_handler
                0x10000c68      0x274 CMakeFiles/pio_matrix.dir/home/enzo/.pico-sdk/sdk/2.1.0/src/rp2_common/hardware_gpio/gpio.c.o
 .text.gpio_set_function
                0x10000edc       0x34 CMakeFiles/pio_matrix.dir/home/enzo/.pico-sdk/sdk/2.1.0/src/rp2_common/hardware_gpio/gpio.c.o
                0x10000edc                gpio_set_function
 .text.gpio_set_pulls
                0x10000f10       0x28 CMakeFiles/pio_matrix.dir/home/enzo/.pico-sdk/sdk/2.1.0/src/rp2_common/hardware_gpio/gpio.c.o
                0x10000f10                gpio_set_pulls
 .text.gpio_set_irq_enabled_with_callback
                0x10000f38       0xd0 CMakeFiles/pio_matrix.dir/home/enzo/.pico-sdk/sdk/2.1.0/src/rp2_common/hardware_gpio/gpio.c.o
                0x10000f38                gpio_set_irq_enabled_with_callback
 .text.gpio_init
                0x10001008       0x40 CMakeFiles/pio_matrix.dir/home/enzo/.pico-sdk/sdk/2.1.0/src/rp2_common/hardware_gpio/gpio.c.o
                0x10001008                gpio_init
 .text.rp2040_chip_version
                0x10001048        0xc CMakeFiles/pio_matrix.dir/home/enzo/.pico-sdk/sdk/2.1.0/src/rp2040/pico_platform/platform.c.o
                0x10001048                rp2040_chip_version
 .text.panic    0x10001054       0x30 CMakeFiles/pio_matrix.dir/home/enzo/.pico-sdk/sdk/2.1.0/src/rp2_common/pico_platform_panic/panic.c.o
                0x10001054                panic
 .text.hw_claim_lock
                0x10001084       0x18 CMakeFiles/pio_matrix.dir/home/enzo/.pico-sdk/sdk/2.1.0/src/common/hardware_claim/claim.c.o
                0x10001084                hw_claim_lock
 .text.hw_claim_unlock
                0x1000109c       0x14 CMakeFiles/pio_matrix.dir/home/enzo/.pico-sdk/sdk/2.1.0/src/common/hardware_claim/claim.c.o
                0x1000109c                hw_claim_unlock
 .text.hw_claim_or_assert
                0x100010b0       0x44 CMakeFiles/pio_matrix.dir/home/enzo/.pico-sdk/sdk/2.1.0/src/common/hardware_claim/claim.c.o
                0x100010b0                hw_claim_or_assert
 .text.hw_claim_unused_from_range
                0x100010f4       0x9c CMakeFiles/pio_matrix.dir/home/enzo/.pico-sdk/sdk/2.1.0/src/common/hardware_claim/claim.c.o
                0x100010f4                hw_claim_unused_from_range
 .text.next_striped_spin_lock_num
                0x10001190       0x18 CMakeFiles/pio_matrix.dir/home/enzo/.pico-sdk/sdk/2.1.0/src/rp2_common/hardware_sync/sync.c.o
                0x10001190                next_striped_spin_lock_num
 .text.spin_lock_claim_unused
                0x100011a8       0x24 CMakeFiles/pio_matrix.dir/home/enzo/.pico-sdk/sdk/2.1.0/src/rp2_common/hardware_sync/sync.c.o
                0x100011a8                spin_lock_claim_unused
 .text.spin_locks_reset
                0x100011cc       0x1c CMakeFiles/pio_matrix.dir/home/enzo/.pico-sdk/sdk/2.1.0/src/rp2_common/hardware_sync_spin_lock/sync_spin_lock.c.o
                0x100011cc                spin_locks_reset
 .text.runtime_init_per_core_irq_priorities
                0x100011e8       0x24 CMakeFiles/pio_matrix.dir/home/enzo/.pico-sdk/sdk/2.1.0/src/rp2_common/hardware_irq/irq.c.o
                0x100011e8                runtime_init_per_core_irq_priorities
 .text.irq_set_enabled
                0x1000120c       0x24 CMakeFiles/pio_matrix.dir/home/enzo/.pico-sdk/sdk/2.1.0/src/rp2_common/hardware_irq/irq.c.o
                0x1000120c                irq_set_enabled
 .text.irq_is_enabled
                0x10001230       0x18 CMakeFiles/pio_matrix.dir/home/enzo/.pico-sdk/sdk/2.1.0/src/rp2_common/hardware_irq/irq.c.o
                0x10001230                irq_is_enabled
 .text.irq_set_pending
                0x10001248       0x10 CMakeFiles/pio_matrix.dir/home/enzo/.pico-sdk/sdk/2.1.0/src/rp2_common/hardware_irq/irq.c.o
                0x10001248                irq_set_pending
 .text.irq_has_shared_handler
                0x10001258       0x2c CMakeFiles/pio_matrix.dir/home/enzo/.pico-sdk/sdk/2.1.0/src/rp2_common/hardware_irq/irq.c.o
                0x10001258                irq_has_shared_handler
 .text.irq_set_exclusive_handler
                0x10001284       0x54 CMakeFiles/pio_matrix.dir/home/enzo/.pico-sdk/sdk/2.1.0/src/rp2_common/hardware_irq/irq.c.o
                0x10001284                irq_set_exclusive_handler
 .text.irq_add_shared_handler
                0x100012d8      0x1f4 CMakeFiles/pio_matrix.dir/home/enzo/.pico-sdk/sdk/2.1.0/src/rp2_common/hardware_irq/irq.c.o
                0x100012d8                irq_add_shared_handler
 .text.irq_remove_handler
                0x100014cc      0x1d4 CMakeFiles/pio_matrix.dir/home/enzo/.pico-sdk/sdk/2.1.0/src/rp2_common/hardware_irq/irq.c.o
                0x100014cc                irq_remove_handler
 .text.irq_add_tail_to_free_list
                0x100016a0       0xb4 CMakeFiles/pio_matrix.dir/home/enzo/.pico-sdk/sdk/2.1.0/src/rp2_common/hardware_irq/irq.c.o
                0x100016a0                irq_add_tail_to_free_list
 .text.user_irq_claim_unused
                0x10001754       0x2c CMakeFiles/pio_matrix.dir/home/enzo/.pico-sdk/sdk/2.1.0/src/rp2_common/hardware_irq/irq.c.o
                0x10001754                user_irq_claim_unused
 .text.lock_init
                0x10001780       0x10 CMakeFiles/pio_matrix.dir/home/enzo/.pico-sdk/sdk/2.1.0/src/common/pico_sync/lock_core.c.o
                0x10001780                lock_init
 .text.runtime_init_mutex
                0x10001790       0x50 CMakeFiles/pio_matrix.dir/home/enzo/.pico-sdk/sdk/2.1.0/src/common/pico_sync/mutex.c.o
                0x10001790                runtime_init_mutex
 .text.mutex_init
                0x100017e0       0x1c CMakeFiles/pio_matrix.dir/home/enzo/.pico-sdk/sdk/2.1.0/src/common/pico_sync/mutex.c.o
                0x100017e0                mutex_init
 .text.critical_section_init
                0x100017fc       0x1c CMakeFiles/pio_matrix.dir/home/enzo/.pico-sdk/sdk/2.1.0/src/common/pico_sync/critical_section.c.o
                0x100017fc                critical_section_init
 .text.critical_section_init_with_lock_num
                0x10001818       0x14 CMakeFiles/pio_matrix.dir/home/enzo/.pico-sdk/sdk/2.1.0/src/common/pico_sync/critical_section.c.o
                0x10001818                critical_section_init_with_lock_num
 .text.sleep_until_callback
                0x1000182c       0x30 CMakeFiles/pio_matrix.dir/home/enzo/.pico-sdk/sdk/2.1.0/src/common/pico_time/time.c.o
 .text.alarm_pool_irq_handler
                0x1000185c      0x2fc CMakeFiles/pio_matrix.dir/home/enzo/.pico-sdk/sdk/2.1.0/src/common/pico_time/time.c.o
 .text.runtime_init_default_alarm_pool
                0x10001b58       0xdc CMakeFiles/pio_matrix.dir/home/enzo/.pico-sdk/sdk/2.1.0/src/common/pico_time/time.c.o
                0x10001b58                runtime_init_default_alarm_pool
 .text.alarm_pool_get_default
                0x10001c34        0x8 CMakeFiles/pio_matrix.dir/home/enzo/.pico-sdk/sdk/2.1.0/src/common/pico_time/time.c.o
                0x10001c34                alarm_pool_get_default
 .text.alarm_pool_add_alarm_at
                0x10001c3c       0xd4 CMakeFiles/pio_matrix.dir/home/enzo/.pico-sdk/sdk/2.1.0/src/common/pico_time/time.c.o
                0x10001c3c                alarm_pool_add_alarm_at
 .text.alarm_pool_add_alarm_at_force_in_context
                0x10001d10       0xb0 CMakeFiles/pio_matrix.dir/home/enzo/.pico-sdk/sdk/2.1.0/src/common/pico_time/time.c.o
                0x10001d10                alarm_pool_add_alarm_at_force_in_context
 .text.alarm_pool_cancel_alarm
                0x10001dc0       0x74 CMakeFiles/pio_matrix.dir/home/enzo/.pico-sdk/sdk/2.1.0/src/common/pico_time/time.c.o
                0x10001dc0                alarm_pool_cancel_alarm
 .text.alarm_pool_core_num
                0x10001e34        0x4 CMakeFiles/pio_matrix.dir/home/enzo/.pico-sdk/sdk/2.1.0/src/common/pico_time/time.c.o
                0x10001e34                alarm_pool_core_num
 .text.sleep_until
                0x10001e38       0xd8 CMakeFiles/pio_matrix.dir/home/enzo/.pico-sdk/sdk/2.1.0/src/common/pico_time/time.c.o
                0x10001e38                sleep_until
 .text.sleep_ms
                0x10001f10       0x38 CMakeFiles/pio_matrix.dir/home/enzo/.pico-sdk/sdk/2.1.0/src/common/pico_time/time.c.o
                0x10001f10                sleep_ms
 .text.best_effort_wfe_or_timeout
                0x10001f48       0xe0 CMakeFiles/pio_matrix.dir/home/enzo/.pico-sdk/sdk/2.1.0/src/common/pico_time/time.c.o
                0x10001f48                best_effort_wfe_or_timeout
 .text.timer_hardware_alarm_claim
                0x10002028       0x14 CMakeFiles/pio_matrix.dir/home/enzo/.pico-sdk/sdk/2.1.0/src/rp2_common/hardware_timer/timer.c.o
                0x10002028                timer_hardware_alarm_claim
 .text.timer_time_us_64
                0x1000203c       0x10 CMakeFiles/pio_matrix.dir/home/enzo/.pico-sdk/sdk/2.1.0/src/rp2_common/hardware_timer/timer.c.o
                0x1000203c                timer_time_us_64
 .text.time_us_64
                0x1000204c       0x14 CMakeFiles/pio_matrix.dir/home/enzo/.pico-sdk/sdk/2.1.0/src/rp2_common/hardware_timer/timer.c.o
                0x1000204c                time_us_64
 .text.busy_wait_us
                0x10002060       0x68 CMakeFiles/pio_matrix.dir/home/enzo/.pico-sdk/sdk/2.1.0/src/rp2_common/hardware_timer/timer.c.o
                0x10002060                busy_wait_us
 .text.busy_wait_until
                0x100020c8       0x20 CMakeFiles/pio_matrix.dir/home/enzo/.pico-sdk/sdk/2.1.0/src/rp2_common/hardware_timer/timer.c.o
                0x100020c8                busy_wait_until
 .text.clock_configure_int_divider
                0x100020e8       0xf4 CMakeFiles/pio_matrix.dir/home/enzo/.pico-sdk/sdk/2.1.0/src/rp2_common/hardware_clocks/clocks.c.o
                0x100020e8                clock_configure_int_divider
 .text.clock_configure_undivided
                0x100021dc       0xe8 CMakeFiles/pio_matrix.dir/home/enzo/.pico-sdk/sdk/2.1.0/src/rp2_common/hardware_clocks/clocks.c.o
                0x100021dc                clock_configure_undivided
 .text.clock_get_hz
                0x100022c4        0xc CMakeFiles/pio_matrix.dir/home/enzo/.pico-sdk/sdk/2.1.0/src/rp2_common/hardware_clocks/clocks.c.o
                0x100022c4                clock_get_hz
 .text.pll_init
                0x100022d0       0xa4 CMakeFiles/pio_matrix.dir/home/enzo/.pico-sdk/sdk/2.1.0/src/rp2_common/hardware_pll/pll.c.o
                0x100022d0                pll_init
 .text.watchdog_reboot
                0x10002374       0x9c CMakeFiles/pio_matrix.dir/home/enzo/.pico-sdk/sdk/2.1.0/src/rp2_common/hardware_watchdog/watchdog.c.o
                0x10002374                watchdog_reboot
 .text.tick_start
                0x10002410       0x10 CMakeFiles/pio_matrix.dir/home/enzo/.pico-sdk/sdk/2.1.0/src/rp2_common/hardware_ticks/ticks.c.o
                0x10002410                tick_start
 .text.rom_func_lookup
                0x10002420       0x10 CMakeFiles/pio_matrix.dir/home/enzo/.pico-sdk/sdk/2.1.0/src/rp2_common/pico_bootrom/bootrom.c.o
                0x10002420                rom_func_lookup
 .text.rom_data_lookup
                0x10002430       0x10 CMakeFiles/pio_matrix.dir/home/enzo/.pico-sdk/sdk/2.1.0/src/rp2_common/pico_bootrom/bootrom.c.o
                0x10002430                rom_data_lookup
 .text.rom_funcs_lookup
                0x10002440       0x44 CMakeFiles/pio_matrix.dir/home/enzo/.pico-sdk/sdk/2.1.0/src/rp2_common/pico_bootrom/bootrom.c.o
                0x10002440                rom_funcs_lookup
 .text.rom_reset_usb_boot
                0x10002484       0x20 CMakeFiles/pio_matrix.dir/home/enzo/.pico-sdk/sdk/2.1.0/src/rp2_common/pico_bootrom/bootrom.c.o
                0x10002484                rom_reset_usb_boot
 .text.rom_reset_usb_boot_extra
                0x100024a4       0x28 CMakeFiles/pio_matrix.dir/home/enzo/.pico-sdk/sdk/2.1.0/src/rp2_common/pico_bootrom/bootrom.c.o
                0x100024a4                rom_reset_usb_boot_extra
 .text.xosc_init
                0x100024cc       0x28 CMakeFiles/pio_matrix.dir/home/enzo/.pico-sdk/sdk/2.1.0/src/rp2_common/hardware_xosc/xosc.c.o
                0x100024cc                xosc_init
 .text.first_per_core_initializer
                0x100024f4        0x4 CMakeFiles/pio_matrix.dir/home/enzo/.pico-sdk/sdk/2.1.0/src/rp2_common/pico_runtime/runtime.c.o
 .text.hard_assertion_failure
                0x100024f8        0xc CMakeFiles/pio_matrix.dir/home/enzo/.pico-sdk/sdk/2.1.0/src/rp2_common/pico_runtime/runtime.c.o
                0x100024f8                hard_assertion_failure
 .text.runtime_run_initializers
                0x10002504       0x28 CMakeFiles/pio_matrix.dir/home/enzo/.pico-sdk/sdk/2.1.0/src/rp2_common/pico_runtime/runtime.c.o
                0x10002504                runtime_run_initializers
 .text.runtime_init_early_resets
                0x1000252c       0x2c CMakeFiles/pio_matrix.dir/home/enzo/.pico-sdk/sdk/2.1.0/src/rp2_common/pico_runtime_init/runtime_init.c.o
                0x1000252c                runtime_init_early_resets
 .text.runtime_init_usb_power_down
                0x10002558       0x1c CMakeFiles/pio_matrix.dir/home/enzo/.pico-sdk/sdk/2.1.0/src/rp2_common/pico_runtime_init/runtime_init.c.o
                0x10002558                runtime_init_usb_power_down
 .text.runtime_init_post_clock_resets
                0x10002574       0x20 CMakeFiles/pio_matrix.dir/home/enzo/.pico-sdk/sdk/2.1.0/src/rp2_common/pico_runtime_init/runtime_init.c.o
                0x10002574                runtime_init_post_clock_resets
 .text.runtime_init_rp2040_gpio_ie_disable
                0x10002594       0x14 CMakeFiles/pio_matrix.dir/home/enzo/.pico-sdk/sdk/2.1.0/src/rp2_common/pico_runtime_init/runtime_init.c.o
                0x10002594                runtime_init_rp2040_gpio_ie_disable
 .text.runtime_init_spin_locks_reset
                0x100025a8        0x8 CMakeFiles/pio_matrix.dir/home/enzo/.pico-sdk/sdk/2.1.0/src/rp2_common/pico_runtime_init/runtime_init.c.o
                0x100025a8                runtime_init_spin_locks_reset
 .text.runtime_init_install_ram_vector_table
                0x100025b0       0x1c CMakeFiles/pio_matrix.dir/home/enzo/.pico-sdk/sdk/2.1.0/src/rp2_common/pico_runtime_init/runtime_init.c.o
                0x100025b0                runtime_init_install_ram_vector_table
 .text.runtime_init_clocks
                0x100025cc       0xd8 CMakeFiles/pio_matrix.dir/home/enzo/.pico-sdk/sdk/2.1.0/src/rp2_common/pico_runtime_init/runtime_init_clocks.c.o
                0x100025cc                runtime_init_clocks
 .text          0x100026a4       0x10 CMakeFiles/pio_matrix.dir/home/enzo/.pico-sdk/sdk/2.1.0/src/rp2_common/pico_bit_ops/bit_ops_aeabi.S.o
 .text.__wrap___aeabi_idiv
                0x100026b4       0x50 CMakeFiles/pio_matrix.dir/home/enzo/.pico-sdk/sdk/2.1.0/src/rp2_common/pico_divider/divider_hardware.S.o
                0x100026b4                __wrap___aeabi_idivmod
                0x100026b4                divmod_s32s32
                0x100026b4                div_s32s32
                0x100026b4                __wrap___aeabi_idiv
                0x100026bc                divmod_s32s32_unsafe
                0x100026e8                divmod_s32s32_savestate
 .text.__wrap___aeabi_uidiv
                0x10002704       0x4c CMakeFiles/pio_matrix.dir/home/enzo/.pico-sdk/sdk/2.1.0/src/rp2_common/pico_divider/divider_hardware.S.o
                0x10002704                __wrap___aeabi_uidiv
                0x10002704                __wrap___aeabi_uidivmod
                0x10002704                div_u32u32
                0x10002704                divmod_u32u32
                0x1000270c                divmod_u32u32_unsafe
                0x10002734                divmod_u32u32_savestate
 .text.__wrap___aeabi_ldiv
                0x10002750      0x424 CMakeFiles/pio_matrix.dir/home/enzo/.pico-sdk/sdk/2.1.0/src/rp2_common/pico_divider/divider_hardware.S.o
                0x10002750                div_s64s64
                0x10002750                divmod_s64s64
                0x10002750                __wrap___aeabi_ldivmod
                0x10002780                div_u64u64
                0x10002780                divmod_u64u64
                0x10002780                __wrap___aeabi_uldivmod
                0x10002790                divmod_u64u64_savestate
                0x100027b0                divmod_s64s64_unsafe
                0x10002838                divmod_u64u64_unsafe
 .text.__wrap___aeabi_darithmetic
                0x10002b74       0x60 CMakeFiles/pio_matrix.dir/home/enzo/.pico-sdk/sdk/2.1.0/src/rp2_common/pico_double/double_aeabi_rp2040.S.o
                0x10002b74                __wrap___aeabi_drsub
                0x10002b7a                __wrap___aeabi_dsub
                0x10002b84                __wrap___aeabi_dadd
                0x10002b8e                __wrap___aeabi_ddiv
                0x10002bc2                __wrap___aeabi_dmul
 .text.__wrap___aeabi_cdcmple
                0x10002bd4       0x6c CMakeFiles/pio_matrix.dir/home/enzo/.pico-sdk/sdk/2.1.0/src/rp2_common/pico_double/double_aeabi_rp2040.S.o
                0x10002bd4                __wrap___aeabi_cdrcmple
                0x10002be4                __wrap___aeabi_cdcmple
                0x10002be4                __wrap___aeabi_cdcmpeq
 .text.__wrap___aeabi_dcmplt
                0x10002c40        0xc CMakeFiles/pio_matrix.dir/home/enzo/.pico-sdk/sdk/2.1.0/src/rp2_common/pico_double/double_aeabi_rp2040.S.o
                0x10002c40                __wrap___aeabi_dcmplt
 .text.__wrap___aeabi_dcmpge
                0x10002c4c       0x10 CMakeFiles/pio_matrix.dir/home/enzo/.pico-sdk/sdk/2.1.0/src/rp2_common/pico_double/double_aeabi_rp2040.S.o
                0x10002c4c                __wrap___aeabi_dcmpge
 .text.__wrap___aeabi_dcmpgt
                0x10002c5c        0xa CMakeFiles/pio_matrix.dir/home/enzo/.pico-sdk/sdk/2.1.0/src/rp2_common/pico_double/double_aeabi_rp2040.S.o
                0x10002c5c                __wrap___aeabi_dcmpgt
 .text.__wrap___aeabi_dcmpun
                0x10002c66       0x18 CMakeFiles/pio_matrix.dir/home/enzo/.pico-sdk/sdk/2.1.0/src/rp2_common/pico_double/double_aeabi_rp2040.S.o
                0x10002c66                __wrap___aeabi_dcmpun
 *fill*         0x10002c7e        0x2 
 .text.__wrap___aeabi_i2d
                0x10002c80       0x38 CMakeFiles/pio_matrix.dir/home/enzo/.pico-sdk/sdk/2.1.0/src/rp2_common/pico_double/double_aeabi_rp2040.S.o
                0x10002c80                __wrap___aeabi_ui2d
                0x10002c88                __wrap___aeabi_i2d
 .text.__wrap___aeabi_d2iz
                0x10002cb8       0x48 CMakeFiles/pio_matrix.dir/home/enzo/.pico-sdk/sdk/2.1.0/src/rp2_common/pico_double/double_aeabi_rp2040.S.o
                0x10002cb8                __wrap___aeabi_d2iz
                0x10002cb8                double2int_z
 .text.__wrap___aeabi_d2uiz
                0x10002d00       0x10 CMakeFiles/pio_matrix.dir/home/enzo/.pico-sdk/sdk/2.1.0/src/rp2_common/pico_double/double_aeabi_rp2040.S.o
                0x10002d00                double2uint
                0x10002d00                __wrap___aeabi_d2uiz
 .text.__wrap___aeabi_d2f
                0x10002d10       0x10 CMakeFiles/pio_matrix.dir/home/enzo/.pico-sdk/sdk/2.1.0/src/rp2_common/pico_double/double_aeabi_rp2040.S.o
                0x10002d10                __wrap___aeabi_d2f
 .text.missing_double_func_shim
                0x10002d20        0xc CMakeFiles/pio_matrix.dir/home/enzo/.pico-sdk/sdk/2.1.0/src/rp2_common/pico_double/double_init_rom_rp2040.c.o
 .text.__aeabi_double_init
                0x10002d2c       0xa0 CMakeFiles/pio_matrix.dir/home/enzo/.pico-sdk/sdk/2.1.0/src/rp2_common/pico_double/double_init_rom_rp2040.c.o
                0x10002d2c                __aeabi_double_init
 .text.double_table_shim_on_use_helper
                0x10002dcc       0x2c CMakeFiles/pio_matrix.dir/home/enzo/.pico-sdk/sdk/2.1.0/src/rp2_common/pico_double/double_v1_rom_shim_rp2040.S.o
                0x10002dcc                double_table_shim_on_use_helper
 .text.__aeabi_lmul
                0x10002df8       0x32 CMakeFiles/pio_matrix.dir/home/enzo/.pico-sdk/sdk/2.1.0/src/rp2_common/pico_int64_ops/pico_int64_ops_aeabi.S.o
                0x10002df8                __wrap___aeabi_lmul
 *fill*         0x10002e2a        0x2 
 .text.__wrap___aeabi_farithmetic
                0x10002e2c       0x48 CMakeFiles/pio_matrix.dir/home/enzo/.pico-sdk/sdk/2.1.0/src/rp2_common/pico_float/float_aeabi_rp2040.S.o
                0x10002e2c                __wrap___aeabi_frsub
                0x10002e32                __wrap___aeabi_fsub
                0x10002e38                __wrap___aeabi_fadd
                0x10002e3e                __wrap___aeabi_fdiv
                0x10002e66                __wrap___aeabi_fmul
 .text.__wrap___aeabi_ui2f
                0x10002e74        0xa CMakeFiles/pio_matrix.dir/home/enzo/.pico-sdk/sdk/2.1.0/src/rp2_common/pico_float/float_aeabi_rp2040.S.o
                0x10002e74                uint2float
                0x10002e74                __wrap___aeabi_ui2f
 *fill*         0x10002e7e        0x2 
 .text.__wrap___aeabi_i2f
                0x10002e80       0x44 CMakeFiles/pio_matrix.dir/home/enzo/.pico-sdk/sdk/2.1.0/src/rp2_common/pico_float/float_aeabi_rp2040.S.o
                0x10002e80                int2float
                0x10002e80                __wrap___aeabi_i2f
 .text.__wrap___aeabi_f2uiz
                0x10002ec4        0xc CMakeFiles/pio_matrix.dir/home/enzo/.pico-sdk/sdk/2.1.0/src/rp2_common/pico_float/float_aeabi_rp2040.S.o
                0x10002ec4                float2uint_z
                0x10002ec4                __wrap___aeabi_f2uiz
 .text.missing_float_func_shim
                0x10002ed0        0xc CMakeFiles/pio_matrix.dir/home/enzo/.pico-sdk/sdk/2.1.0/src/rp2_common/pico_float/float_init_rom_rp2040.c.o
 .text.__aeabi_float_init
                0x10002edc       0x5c CMakeFiles/pio_matrix.dir/home/enzo/.pico-sdk/sdk/2.1.0/src/rp2_common/pico_float/float_init_rom_rp2040.c.o
                0x10002edc                __aeabi_float_init
 .text          0x10002f38       0x10 CMakeFiles/pio_matrix.dir/home/enzo/.pico-sdk/sdk/2.1.0/src/rp2_common/pico_mem_ops/mem_ops_aeabi.S.o
                0x10002f38                __aeabi_mem_init
 .text.memset   0x10002f48        0xc CMakeFiles/pio_matrix.dir/home/enzo/.pico-sdk/sdk/2.1.0/src/rp2_common/pico_mem_ops/mem_ops_aeabi.S.o
                0x10002f48                __wrap_memset
 .text.memcpy   0x10002f54        0xc CMakeFiles/pio_matrix.dir/home/enzo/.pico-sdk/sdk/2.1.0/src/rp2_common/pico_mem_ops/mem_ops_aeabi.S.o
                0x10002f54                __wrap___aeabi_memcpy
                0x10002f54                __wrap_memcpy
 .text._out_null
                0x10002f60        0x4 CMakeFiles/pio_matrix.dir/home/enzo/.pico-sdk/sdk/2.1.0/src/rp2_common/pico_printf/printf.c.o
 .text._out_rev
                0x10002f64       0xac CMakeFiles/pio_matrix.dir/home/enzo/.pico-sdk/sdk/2.1.0/src/rp2_common/pico_printf/printf.c.o
 .text._ntoa_format
                0x10003010      0x250 CMakeFiles/pio_matrix.dir/home/enzo/.pico-sdk/sdk/2.1.0/src/rp2_common/pico_printf/printf.c.o
 .text._out_char
                0x10003260       0x10 CMakeFiles/pio_matrix.dir/home/enzo/.pico-sdk/sdk/2.1.0/src/rp2_common/pico_printf/printf.c.o
 .text._out_fct
                0x10003270       0x10 CMakeFiles/pio_matrix.dir/home/enzo/.pico-sdk/sdk/2.1.0/src/rp2_common/pico_printf/printf.c.o
 .text._etoa    0x10003280      0x464 CMakeFiles/pio_matrix.dir/home/enzo/.pico-sdk/sdk/2.1.0/src/rp2_common/pico_printf/printf.c.o
 .text._ftoa    0x100036e4      0x3c0 CMakeFiles/pio_matrix.dir/home/enzo/.pico-sdk/sdk/2.1.0/src/rp2_common/pico_printf/printf.c.o
 .text._vsnprintf
                0x10003aa4      0xbc8 CMakeFiles/pio_matrix.dir/home/enzo/.pico-sdk/sdk/2.1.0/src/rp2_common/pico_printf/printf.c.o
 .text.vfctprintf
                0x1000466c       0x20 CMakeFiles/pio_matrix.dir/home/enzo/.pico-sdk/sdk/2.1.0/src/rp2_common/pico_printf/printf.c.o
                0x1000466c                vfctprintf
 .text.weak_raw_vprintf
                0x1000468c       0x30 CMakeFiles/pio_matrix.dir/home/enzo/.pico-sdk/sdk/2.1.0/src/rp2_common/pico_printf/printf.c.o
                0x1000468c                weak_raw_vprintf
 .text._exit    0x100046bc        0x4 CMakeFiles/pio_matrix.dir/home/enzo/.pico-sdk/sdk/2.1.0/src/rp2_common/pico_clib_interface/newlib_interface.c.o
                0x100046bc                _exit
 .text.exit     0x100046c0        0x8 CMakeFiles/pio_matrix.dir/home/enzo/.pico-sdk/sdk/2.1.0/src/rp2_common/pico_clib_interface/newlib_interface.c.o
                0x100046c0                exit
 .text.runtime_init
                0x100046c8       0x2c CMakeFiles/pio_matrix.dir/home/enzo/.pico-sdk/sdk/2.1.0/src/rp2_common/pico_clib_interface/newlib_interface.c.o
                0x100046c8                runtime_init
 .text.stdio_out_chars_no_crlf
                0x100046f4       0x10 CMakeFiles/pio_matrix.dir/home/enzo/.pico-sdk/sdk/2.1.0/src/rp2_common/pico_stdio/stdio.c.o
 .text.stdio_out_chars_crlf
                0x10004704       0x94 CMakeFiles/pio_matrix.dir/home/enzo/.pico-sdk/sdk/2.1.0/src/rp2_common/pico_stdio/stdio.c.o
 .text.stdio_buffered_printer
                0x10004798       0x64 CMakeFiles/pio_matrix.dir/home/enzo/.pico-sdk/sdk/2.1.0/src/rp2_common/pico_stdio/stdio.c.o
 .text.stdio_put_string
                0x100047fc      0x100 CMakeFiles/pio_matrix.dir/home/enzo/.pico-sdk/sdk/2.1.0/src/rp2_common/pico_stdio/stdio.c.o
                0x100047fc                stdio_put_string
 .text.stdio_set_driver_enabled
                0x100048fc       0x30 CMakeFiles/pio_matrix.dir/home/enzo/.pico-sdk/sdk/2.1.0/src/rp2_common/pico_stdio/stdio.c.o
                0x100048fc                stdio_set_driver_enabled
 .text.stdio_init_all
                0x1000492c        0x8 CMakeFiles/pio_matrix.dir/home/enzo/.pico-sdk/sdk/2.1.0/src/rp2_common/pico_stdio/stdio.c.o
                0x1000492c                stdio_init_all
 .text.__wrap_putchar
                0x10004934       0x98 CMakeFiles/pio_matrix.dir/home/enzo/.pico-sdk/sdk/2.1.0/src/rp2_common/pico_stdio/stdio.c.o
                0x10004934                stdio_putchar
                0x10004934                __wrap_putchar
 .text.__wrap_puts
                0x100049cc       0x3c CMakeFiles/pio_matrix.dir/home/enzo/.pico-sdk/sdk/2.1.0/src/rp2_common/pico_stdio/stdio.c.o
                0x100049cc                __wrap_puts
                0x100049cc                stdio_puts
 .text.__wrap_vprintf
                0x10004a08       0xd4 CMakeFiles/pio_matrix.dir/home/enzo/.pico-sdk/sdk/2.1.0/src/rp2_common/pico_stdio/stdio.c.o
                0x10004a08                __wrap_vprintf
                0x10004a08                stdio_vprintf
 .text.__wrap_printf
                0x10004adc       0x18 CMakeFiles/pio_matrix.dir/home/enzo/.pico-sdk/sdk/2.1.0/src/rp2_common/pico_stdio/stdio.c.o
                0x10004adc                stdio_printf
                0x10004adc                __wrap_printf
 .text.resetd_init
                0x10004af4        0x4 CMakeFiles/pio_matrix.dir/home/enzo/.pico-sdk/sdk/2.1.0/src/rp2_common/pico_stdio_usb/reset_interface.c.o
 .text.resetd_reset
                0x10004af8        0xc CMakeFiles/pio_matrix.dir/home/enzo/.pico-sdk/sdk/2.1.0/src/rp2_common/pico_stdio_usb/reset_interface.c.o
 .text.resetd_open
                0x10004b04       0x28 CMakeFiles/pio_matrix.dir/home/enzo/.pico-sdk/sdk/2.1.0/src/rp2_common/pico_stdio_usb/reset_interface.c.o
 .text.resetd_xfer_cb
                0x10004b2c        0x4 CMakeFiles/pio_matrix.dir/home/enzo/.pico-sdk/sdk/2.1.0/src/rp2_common/pico_stdio_usb/reset_interface.c.o
 .text.resetd_control_xfer_cb
                0x10004b30       0x5c CMakeFiles/pio_matrix.dir/home/enzo/.pico-sdk/sdk/2.1.0/src/rp2_common/pico_stdio_usb/reset_interface.c.o
 .text.tud_descriptor_bos_cb
                0x10004b8c        0x8 CMakeFiles/pio_matrix.dir/home/enzo/.pico-sdk/sdk/2.1.0/src/rp2_common/pico_stdio_usb/reset_interface.c.o
                0x10004b8c                tud_descriptor_bos_cb
 .text.tud_vendor_control_xfer_cb
                0x10004b94       0x34 CMakeFiles/pio_matrix.dir/home/enzo/.pico-sdk/sdk/2.1.0/src/rp2_common/pico_stdio_usb/reset_interface.c.o
                0x10004b94                tud_vendor_control_xfer_cb
 .text.usbd_app_driver_get_cb
                0x10004bc8        0xc CMakeFiles/pio_matrix.dir/home/enzo/.pico-sdk/sdk/2.1.0/src/rp2_common/pico_stdio_usb/reset_interface.c.o
                0x10004bc8                usbd_app_driver_get_cb
 .text.tud_cdc_line_coding_cb
                0x10004bd4       0x2c CMakeFiles/pio_matrix.dir/home/enzo/.pico-sdk/sdk/2.1.0/src/rp2_common/pico_stdio_usb/reset_interface.c.o
                0x10004bd4                tud_cdc_line_coding_cb
 .text.stdio_usb_set_chars_available_callback
                0x10004c00       0x14 CMakeFiles/pio_matrix.dir/home/enzo/.pico-sdk/sdk/2.1.0/src/rp2_common/pico_stdio_usb/stdio_usb.c.o
                0x10004c00                stdio_usb_set_chars_available_callback
 .text.usb_irq  0x10004c14       0x10 CMakeFiles/pio_matrix.dir/home/enzo/.pico-sdk/sdk/2.1.0/src/rp2_common/pico_stdio_usb/stdio_usb.c.o
 .text.timer_task
                0x10004c24       0x64 CMakeFiles/pio_matrix.dir/home/enzo/.pico-sdk/sdk/2.1.0/src/rp2_common/pico_stdio_usb/stdio_usb.c.o
 .text.stdio_usb_in_chars
                0x10004c88       0x90 CMakeFiles/pio_matrix.dir/home/enzo/.pico-sdk/sdk/2.1.0/src/rp2_common/pico_stdio_usb/stdio_usb.c.o
                0x10004c88                stdio_usb_in_chars
 .text.stdio_usb_out_flush
                0x10004d18       0x50 CMakeFiles/pio_matrix.dir/home/enzo/.pico-sdk/sdk/2.1.0/src/rp2_common/pico_stdio_usb/stdio_usb.c.o
 .text.stdio_usb_out_chars
                0x10004d68      0x104 CMakeFiles/pio_matrix.dir/home/enzo/.pico-sdk/sdk/2.1.0/src/rp2_common/pico_stdio_usb/stdio_usb.c.o
 .text.low_priority_worker_irq
                0x10004e6c       0xcc CMakeFiles/pio_matrix.dir/home/enzo/.pico-sdk/sdk/2.1.0/src/rp2_common/pico_stdio_usb/stdio_usb.c.o
 .text.stdio_usb_init
                0x10004f38       0xe8 CMakeFiles/pio_matrix.dir/home/enzo/.pico-sdk/sdk/2.1.0/src/rp2_common/pico_stdio_usb/stdio_usb.c.o
                0x10004f38                stdio_usb_init
 .text.tud_descriptor_device_cb
                0x10005020        0x8 CMakeFiles/pio_matrix.dir/home/enzo/.pico-sdk/sdk/2.1.0/src/rp2_common/pico_stdio_usb/stdio_usb_descriptors.c.o
                0x10005020                tud_descriptor_device_cb
 .text.tud_descriptor_configuration_cb
                0x10005028        0x8 CMakeFiles/pio_matrix.dir/home/enzo/.pico-sdk/sdk/2.1.0/src/rp2_common/pico_stdio_usb/stdio_usb_descriptors.c.o
                0x10005028                tud_descriptor_configuration_cb
 .text.tud_descriptor_string_cb
                0x10005030       0x78 CMakeFiles/pio_matrix.dir/home/enzo/.pico-sdk/sdk/2.1.0/src/rp2_common/pico_stdio_usb/stdio_usb_descriptors.c.o
                0x10005030                tud_descriptor_string_cb
 .text.startup._retrieve_unique_id_on_boot
                0x100050a8       0x10 CMakeFiles/pio_matrix.dir/home/enzo/.pico-sdk/sdk/2.1.0/src/rp2_common/pico_unique_id/unique_id.c.o
 .text.pico_get_unique_board_id_string
                0x100050b8      0x1a8 CMakeFiles/pio_matrix.dir/home/enzo/.pico-sdk/sdk/2.1.0/src/rp2_common/pico_unique_id/unique_id.c.o
                0x100050b8                pico_get_unique_board_id_string
 .text.flash_get_unique_id
                0x10005260       0x3c CMakeFiles/pio_matrix.dir/home/enzo/.pico-sdk/sdk/2.1.0/src/rp2_common/hardware_flash/flash.c.o
                0x10005260                flash_get_unique_id
 .text.dcd_init
                0x1000529c       0x8c CMakeFiles/pio_matrix.dir/home/enzo/.pico-sdk/sdk/2.1.0/lib/tinyusb/src/portable/raspberrypi/rp2040/dcd_rp2040.c.o
                0x1000529c                dcd_init
 .text.dcd_int_enable
                0x10005328        0xc CMakeFiles/pio_matrix.dir/home/enzo/.pico-sdk/sdk/2.1.0/lib/tinyusb/src/portable/raspberrypi/rp2040/dcd_rp2040.c.o
                0x10005328                dcd_int_enable
 .text.dcd_set_address
                0x10005334       0x14 CMakeFiles/pio_matrix.dir/home/enzo/.pico-sdk/sdk/2.1.0/lib/tinyusb/src/portable/raspberrypi/rp2040/dcd_rp2040.c.o
                0x10005334                dcd_set_address
 .text.dcd_sof_enable
                0x10005348       0x1c CMakeFiles/pio_matrix.dir/home/enzo/.pico-sdk/sdk/2.1.0/lib/tinyusb/src/portable/raspberrypi/rp2040/dcd_rp2040.c.o
                0x10005348                dcd_sof_enable
 .text.dcd_edpt0_status_complete
                0x10005364       0x1c CMakeFiles/pio_matrix.dir/home/enzo/.pico-sdk/sdk/2.1.0/lib/tinyusb/src/portable/raspberrypi/rp2040/dcd_rp2040.c.o
                0x10005364                dcd_edpt0_status_complete
 .text.dcd_edpt_open
                0x10005380      0x108 CMakeFiles/pio_matrix.dir/home/enzo/.pico-sdk/sdk/2.1.0/lib/tinyusb/src/portable/raspberrypi/rp2040/dcd_rp2040.c.o
                0x10005380                dcd_edpt_open
 .text.dcd_edpt_close_all
                0x10005488        0x8 CMakeFiles/pio_matrix.dir/home/enzo/.pico-sdk/sdk/2.1.0/lib/tinyusb/src/portable/raspberrypi/rp2040/dcd_rp2040.c.o
                0x10005488                dcd_edpt_close_all
 .text.dcd_edpt_xfer
                0x10005490       0x24 CMakeFiles/pio_matrix.dir/home/enzo/.pico-sdk/sdk/2.1.0/lib/tinyusb/src/portable/raspberrypi/rp2040/dcd_rp2040.c.o
                0x10005490                dcd_edpt_xfer
 .text.dcd_edpt_stall
                0x100054b4       0x34 CMakeFiles/pio_matrix.dir/home/enzo/.pico-sdk/sdk/2.1.0/lib/tinyusb/src/portable/raspberrypi/rp2040/dcd_rp2040.c.o
                0x100054b4                dcd_edpt_stall
 .text.dcd_edpt_clear_stall
                0x100054e8       0x30 CMakeFiles/pio_matrix.dir/home/enzo/.pico-sdk/sdk/2.1.0/lib/tinyusb/src/portable/raspberrypi/rp2040/dcd_rp2040.c.o
                0x100054e8                dcd_edpt_clear_stall
 .text.rp2040_usb_init
                0x10005518       0x40 CMakeFiles/pio_matrix.dir/home/enzo/.pico-sdk/sdk/2.1.0/lib/tinyusb/src/portable/raspberrypi/rp2040/rp2040_usb.c.o
                0x10005518                rp2040_usb_init
 .text.hw_endpoint_xfer_start
                0x10005558       0x40 CMakeFiles/pio_matrix.dir/home/enzo/.pico-sdk/sdk/2.1.0/lib/tinyusb/src/portable/raspberrypi/rp2040/rp2040_usb.c.o
                0x10005558                hw_endpoint_xfer_start
 .text.tud_event_hook_cb
                0x10005598        0x4 CMakeFiles/pio_matrix.dir/home/enzo/.pico-sdk/sdk/2.1.0/lib/tinyusb/src/device/usbd.c.o
                0x10005598                tud_event_hook_cb
 .text.tud_sof_cb
                0x1000559c        0x4 CMakeFiles/pio_matrix.dir/home/enzo/.pico-sdk/sdk/2.1.0/lib/tinyusb/src/device/usbd.c.o
                0x1000559c                tud_sof_cb
 .text.tud_descriptor_device_qualifier_cb
                0x100055a0        0x4 CMakeFiles/pio_matrix.dir/home/enzo/.pico-sdk/sdk/2.1.0/lib/tinyusb/src/device/usbd.c.o
                0x100055a0                tud_descriptor_device_qualifier_cb
 .text.tud_descriptor_other_speed_configuration_cb
                0x100055a4        0x4 CMakeFiles/pio_matrix.dir/home/enzo/.pico-sdk/sdk/2.1.0/lib/tinyusb/src/device/usbd.c.o
                0x100055a4                tud_descriptor_other_speed_configuration_cb
 .text.tud_mount_cb
                0x100055a8        0x4 CMakeFiles/pio_matrix.dir/home/enzo/.pico-sdk/sdk/2.1.0/lib/tinyusb/src/device/usbd.c.o
                0x100055a8                tud_mount_cb
 .text.tud_umount_cb
                0x100055ac        0x4 CMakeFiles/pio_matrix.dir/home/enzo/.pico-sdk/sdk/2.1.0/lib/tinyusb/src/device/usbd.c.o
                0x100055ac                tud_umount_cb
 .text.tud_suspend_cb
                0x100055b0        0x4 CMakeFiles/pio_matrix.dir/home/enzo/.pico-sdk/sdk/2.1.0/lib/tinyusb/src/device/usbd.c.o
                0x100055b0                tud_suspend_cb
 .text.tud_resume_cb
                0x100055b4        0x4 CMakeFiles/pio_matrix.dir/home/enzo/.pico-sdk/sdk/2.1.0/lib/tinyusb/src/device/usbd.c.o
                0x100055b4                tud_resume_cb
 .text.tud_mounted
                0x100055b8       0x10 CMakeFiles/pio_matrix.dir/home/enzo/.pico-sdk/sdk/2.1.0/lib/tinyusb/src/device/usbd.c.o
                0x100055b8                tud_mounted
 .text.tud_suspended
                0x100055c8       0x10 CMakeFiles/pio_matrix.dir/home/enzo/.pico-sdk/sdk/2.1.0/lib/tinyusb/src/device/usbd.c.o
                0x100055c8                tud_suspended
 .text.tud_init
                0x100055d8       0xe4 CMakeFiles/pio_matrix.dir/home/enzo/.pico-sdk/sdk/2.1.0/lib/tinyusb/src/device/usbd.c.o
                0x100055d8                tud_init
 .text.tud_task_ext
                0x100056bc      0x800 CMakeFiles/pio_matrix.dir/home/enzo/.pico-sdk/sdk/2.1.0/lib/tinyusb/src/device/usbd.c.o
                0x100056bc                tud_task_ext
 .text.usbd_open_edpt_pair
                0x10005ebc       0x9c CMakeFiles/pio_matrix.dir/home/enzo/.pico-sdk/sdk/2.1.0/lib/tinyusb/src/device/usbd.c.o
                0x10005ebc                usbd_open_edpt_pair
 .text.usbd_edpt_open
                0x10005f58       0x34 CMakeFiles/pio_matrix.dir/home/enzo/.pico-sdk/sdk/2.1.0/lib/tinyusb/src/device/usbd.c.o
                0x10005f58                usbd_edpt_open
 .text.usbd_edpt_claim
                0x10005f8c       0x28 CMakeFiles/pio_matrix.dir/home/enzo/.pico-sdk/sdk/2.1.0/lib/tinyusb/src/device/usbd.c.o
                0x10005f8c                usbd_edpt_claim
 .text.usbd_edpt_release
                0x10005fb4       0x28 CMakeFiles/pio_matrix.dir/home/enzo/.pico-sdk/sdk/2.1.0/lib/tinyusb/src/device/usbd.c.o
                0x10005fb4                usbd_edpt_release
 .text.usbd_edpt_xfer
                0x10005fdc       0x4c CMakeFiles/pio_matrix.dir/home/enzo/.pico-sdk/sdk/2.1.0/lib/tinyusb/src/device/usbd.c.o
                0x10005fdc                usbd_edpt_xfer
 .text.tud_control_status
                0x10006028       0x2c CMakeFiles/pio_matrix.dir/home/enzo/.pico-sdk/sdk/2.1.0/lib/tinyusb/src/device/usbd_control.c.o
                0x10006028                tud_control_status
 .text.tud_control_xfer
                0x10006054       0xac CMakeFiles/pio_matrix.dir/home/enzo/.pico-sdk/sdk/2.1.0/lib/tinyusb/src/device/usbd_control.c.o
                0x10006054                tud_control_xfer
 .text.usbd_control_reset
                0x10006100       0x14 CMakeFiles/pio_matrix.dir/home/enzo/.pico-sdk/sdk/2.1.0/lib/tinyusb/src/device/usbd_control.c.o
                0x10006100                usbd_control_reset
 .text.usbd_control_set_complete_callback
                0x10006114        0xc CMakeFiles/pio_matrix.dir/home/enzo/.pico-sdk/sdk/2.1.0/lib/tinyusb/src/device/usbd_control.c.o
                0x10006114                usbd_control_set_complete_callback
 .text.usbd_control_set_request
                0x10006120       0x1c CMakeFiles/pio_matrix.dir/home/enzo/.pico-sdk/sdk/2.1.0/lib/tinyusb/src/device/usbd_control.c.o
                0x10006120                usbd_control_set_request
 .text.usbd_control_xfer_cb
                0x1000613c       0xec CMakeFiles/pio_matrix.dir/home/enzo/.pico-sdk/sdk/2.1.0/lib/tinyusb/src/device/usbd_control.c.o
                0x1000613c                usbd_control_xfer_cb
 .text._prep_out_transaction.isra.0
                0x10006228       0x5c CMakeFiles/pio_matrix.dir/home/enzo/.pico-sdk/sdk/2.1.0/lib/tinyusb/src/class/cdc/cdc_device.c.o
 .text.tud_cdc_n_connected
                0x10006284       0x30 CMakeFiles/pio_matrix.dir/home/enzo/.pico-sdk/sdk/2.1.0/lib/tinyusb/src/class/cdc/cdc_device.c.o
                0x10006284                tud_cdc_n_connected
 .text.tud_cdc_n_available
                0x100062b4       0x18 CMakeFiles/pio_matrix.dir/home/enzo/.pico-sdk/sdk/2.1.0/lib/tinyusb/src/class/cdc/cdc_device.c.o
                0x100062b4                tud_cdc_n_available
 .text.tud_cdc_n_read
                0x100062cc       0x98 CMakeFiles/pio_matrix.dir/home/enzo/.pico-sdk/sdk/2.1.0/lib/tinyusb/src/class/cdc/cdc_device.c.o
                0x100062cc                tud_cdc_n_read
 .text.tud_cdc_n_write_flush
                0x10006364       0x78 CMakeFiles/pio_matrix.dir/home/enzo/.pico-sdk/sdk/2.1.0/lib/tinyusb/src/class/cdc/cdc_device.c.o
                0x10006364                tud_cdc_n_write_flush
 .text.tud_cdc_n_write
                0x100063dc       0x40 CMakeFiles/pio_matrix.dir/home/enzo/.pico-sdk/sdk/2.1.0/lib/tinyusb/src/class/cdc/cdc_device.c.o
                0x100063dc                tud_cdc_n_write
 .text.tud_cdc_n_write_available
                0x1000641c       0x18 CMakeFiles/pio_matrix.dir/home/enzo/.pico-sdk/sdk/2.1.0/lib/tinyusb/src/class/cdc/cdc_device.c.o
                0x1000641c                tud_cdc_n_write_available
 .text.cdcd_init
                0x10006434       0x7c CMakeFiles/pio_matrix.dir/home/enzo/.pico-sdk/sdk/2.1.0/lib/tinyusb/src/class/cdc/cdc_device.c.o
                0x10006434                cdcd_init
 .text.cdcd_deinit
                0x100064b0       0x34 CMakeFiles/pio_matrix.dir/home/enzo/.pico-sdk/sdk/2.1.0/lib/tinyusb/src/class/cdc/cdc_device.c.o
                0x100064b0                cdcd_deinit
 .text.cdcd_reset
                0x100064e4       0x4c CMakeFiles/pio_matrix.dir/home/enzo/.pico-sdk/sdk/2.1.0/lib/tinyusb/src/class/cdc/cdc_device.c.o
                0x100064e4                cdcd_reset
 .text.cdcd_open
                0x10006530       0xb0 CMakeFiles/pio_matrix.dir/home/enzo/.pico-sdk/sdk/2.1.0/lib/tinyusb/src/class/cdc/cdc_device.c.o
                0x10006530                cdcd_open
 .text.cdcd_control_xfer_cb
                0x100065e0       0xe4 CMakeFiles/pio_matrix.dir/home/enzo/.pico-sdk/sdk/2.1.0/lib/tinyusb/src/class/cdc/cdc_device.c.o
                0x100065e0                cdcd_control_xfer_cb
 .text.cdcd_xfer_cb
                0x100066c4      0x100 CMakeFiles/pio_matrix.dir/home/enzo/.pico-sdk/sdk/2.1.0/lib/tinyusb/src/class/cdc/cdc_device.c.o
                0x100066c4                cdcd_xfer_cb
 .text.vendord_init
                0x100067c4       0x5c CMakeFiles/pio_matrix.dir/home/enzo/.pico-sdk/sdk/2.1.0/lib/tinyusb/src/class/vendor/vendor_device.c.o
                0x100067c4                vendord_init
 .text.vendord_deinit
                0x10006820       0x1c CMakeFiles/pio_matrix.dir/home/enzo/.pico-sdk/sdk/2.1.0/lib/tinyusb/src/class/vendor/vendor_device.c.o
                0x10006820                vendord_deinit
 .text.vendord_reset
                0x1000683c       0x20 CMakeFiles/pio_matrix.dir/home/enzo/.pico-sdk/sdk/2.1.0/lib/tinyusb/src/class/vendor/vendor_device.c.o
                0x1000683c                vendord_reset
 .text.vendord_open
                0x1000685c      0x138 CMakeFiles/pio_matrix.dir/home/enzo/.pico-sdk/sdk/2.1.0/lib/tinyusb/src/class/vendor/vendor_device.c.o
                0x1000685c                vendord_open
 .text.vendord_xfer_cb
                0x10006994       0x9c CMakeFiles/pio_matrix.dir/home/enzo/.pico-sdk/sdk/2.1.0/lib/tinyusb/src/class/vendor/vendor_device.c.o
                0x10006994                vendord_xfer_cb
 .text.tusb_init
                0x10006a30        0xc CMakeFiles/pio_matrix.dir/home/enzo/.pico-sdk/sdk/2.1.0/lib/tinyusb/src/tusb.c.o
                0x10006a30                tusb_init
 .text.tu_edpt_claim
                0x10006a3c       0x50 CMakeFiles/pio_matrix.dir/home/enzo/.pico-sdk/sdk/2.1.0/lib/tinyusb/src/tusb.c.o
                0x10006a3c                tu_edpt_claim
 .text.tu_edpt_release
                0x10006a8c       0x38 CMakeFiles/pio_matrix.dir/home/enzo/.pico-sdk/sdk/2.1.0/lib/tinyusb/src/tusb.c.o
                0x10006a8c                tu_edpt_release
 .text.tu_edpt_validate
                0x10006ac4       0x7c CMakeFiles/pio_matrix.dir/home/enzo/.pico-sdk/sdk/2.1.0/lib/tinyusb/src/tusb.c.o
                0x10006ac4                tu_edpt_validate
 .text.tu_edpt_bind_driver
                0x10006b40       0x34 CMakeFiles/pio_matrix.dir/home/enzo/.pico-sdk/sdk/2.1.0/lib/tinyusb/src/tusb.c.o
                0x10006b40                tu_edpt_bind_driver
 .text.tu_edpt_stream_init
                0x10006b74       0x6c CMakeFiles/pio_matrix.dir/home/enzo/.pico-sdk/sdk/2.1.0/lib/tinyusb/src/tusb.c.o
                0x10006b74                tu_edpt_stream_init
 .text.tu_edpt_stream_deinit
                0x10006be0        0x4 CMakeFiles/pio_matrix.dir/home/enzo/.pico-sdk/sdk/2.1.0/lib/tinyusb/src/tusb.c.o
                0x10006be0                tu_edpt_stream_deinit
 .text.tu_edpt_stream_write_zlp_if_needed
                0x10006be4       0x68 CMakeFiles/pio_matrix.dir/home/enzo/.pico-sdk/sdk/2.1.0/lib/tinyusb/src/tusb.c.o
                0x10006be4                tu_edpt_stream_write_zlp_if_needed
 .text.tu_edpt_stream_write_xfer
                0x10006c4c       0x64 CMakeFiles/pio_matrix.dir/home/enzo/.pico-sdk/sdk/2.1.0/lib/tinyusb/src/tusb.c.o
                0x10006c4c                tu_edpt_stream_write_xfer
 .text.tu_edpt_stream_read_xfer
                0x10006cb0       0xdc CMakeFiles/pio_matrix.dir/home/enzo/.pico-sdk/sdk/2.1.0/lib/tinyusb/src/tusb.c.o
                0x10006cb0                tu_edpt_stream_read_xfer
 .text.tu_fifo_config
                0x10006d8c       0x6c CMakeFiles/pio_matrix.dir/home/enzo/.pico-sdk/sdk/2.1.0/lib/tinyusb/src/common/tusb_fifo.c.o
                0x10006d8c                tu_fifo_config
 .text.tu_fifo_count
                0x10006df8       0x2c CMakeFiles/pio_matrix.dir/home/enzo/.pico-sdk/sdk/2.1.0/lib/tinyusb/src/common/tusb_fifo.c.o
                0x10006df8                tu_fifo_count
 .text.tu_fifo_empty
                0x10006e24       0x10 CMakeFiles/pio_matrix.dir/home/enzo/.pico-sdk/sdk/2.1.0/lib/tinyusb/src/common/tusb_fifo.c.o
                0x10006e24                tu_fifo_empty
 .text.tu_fifo_remaining
                0x10006e34       0x2c CMakeFiles/pio_matrix.dir/home/enzo/.pico-sdk/sdk/2.1.0/lib/tinyusb/src/common/tusb_fifo.c.o
                0x10006e34                tu_fifo_remaining
 .text.tu_fifo_read
                0x10006e60       0x9c CMakeFiles/pio_matrix.dir/home/enzo/.pico-sdk/sdk/2.1.0/lib/tinyusb/src/common/tusb_fifo.c.o
                0x10006e60                tu_fifo_read
 .text.tu_fifo_read_n
                0x10006efc       0xe8 CMakeFiles/pio_matrix.dir/home/enzo/.pico-sdk/sdk/2.1.0/lib/tinyusb/src/common/tusb_fifo.c.o
                0x10006efc                tu_fifo_read_n
 .text.tu_fifo_write
                0x10006fe4       0xa8 CMakeFiles/pio_matrix.dir/home/enzo/.pico-sdk/sdk/2.1.0/lib/tinyusb/src/common/tusb_fifo.c.o
                0x10006fe4                tu_fifo_write
 .text.tu_fifo_write_n
                0x1000708c      0x178 CMakeFiles/pio_matrix.dir/home/enzo/.pico-sdk/sdk/2.1.0/lib/tinyusb/src/common/tusb_fifo.c.o
                0x1000708c                tu_fifo_write_n
 .text.tu_fifo_clear
                0x10007204       0x40 CMakeFiles/pio_matrix.dir/home/enzo/.pico-sdk/sdk/2.1.0/lib/tinyusb/src/common/tusb_fifo.c.o
                0x10007204                tu_fifo_clear
 .text.tu_fifo_set_overwritable
                0x10007244       0x48 CMakeFiles/pio_matrix.dir/home/enzo/.pico-sdk/sdk/2.1.0/lib/tinyusb/src/common/tusb_fifo.c.o
                0x10007244                tu_fifo_set_overwritable
 .text.pio_claim_unused_sm
                0x1000728c       0x38 CMakeFiles/pio_matrix.dir/home/enzo/.pico-sdk/sdk/2.1.0/src/rp2_common/hardware_pio/pio.c.o
                0x1000728c                pio_claim_unused_sm
 .text.pio_add_program
                0x100072c4      0x104 CMakeFiles/pio_matrix.dir/home/enzo/.pico-sdk/sdk/2.1.0/src/rp2_common/hardware_pio/pio.c.o
                0x100072c4                pio_add_program
 .text.pio_sm_set_consecutive_pindirs
                0x100073c8       0xb4 CMakeFiles/pio_matrix.dir/home/enzo/.pico-sdk/sdk/2.1.0/src/rp2_common/hardware_pio/pio.c.o
                0x100073c8                pio_sm_set_consecutive_pindirs
 .text.pio_sm_init
                0x1000747c       0x9c CMakeFiles/pio_matrix.dir/home/enzo/.pico-sdk/sdk/2.1.0/src/rp2_common/hardware_pio/pio.c.o
                0x1000747c                pio_sm_init
 .text.strlen   0x10007518       0x5c /home/enzo/.pico-sdk/toolchain/13_3_Rel1/bin/../lib/gcc/arm-none-eabi/13.3.1/../../../../arm-none-eabi/lib/thumb/v6-m/nofp/libg.a(libc_a-strlen-stub.o)
                0x10007518                strlen
 *(.fini)
 .fini          0x10007574        0x4 /home/enzo/.pico-sdk/toolchain/13_3_Rel1/bin/../lib/gcc/arm-none-eabi/13.3.1/thumb/v6-m/nofp/crti.o
                0x10007574                _fini
 .fini.__stub   0x10007578       0xc0 linker stubs
 *crtbegin.o(.ctors)
 *crtbegin?.o(.ctors)
 *(EXCLUDE_FILE(*crtend.o *crtend?.o) .ctors)
 *(SORT_BY_NAME(.ctors.*))
 *(.ctors)
 *crtbegin.o(.dtors)
 *crtbegin?.o(.dtors)
 *(EXCLUDE_FILE(*crtend.o *crtend?.o) .dtors)
 *(SORT_BY_NAME(.dtors.*))
 *(.dtors)
                0x10007638                        . = ALIGN (0x4)
                0x10007638                        PROVIDE (__preinit_array_start = .)
 *(SORT_BY_NAME(.preinit_array.*))
 .preinit_array.00100
                0x10007638        0x4 CMakeFiles/pio_matrix.dir/home/enzo/.pico-sdk/sdk/2.1.0/src/rp2_common/pico_runtime_init/runtime_init.c.o
                0x10007638                __pre_init_runtime_init_early_resets
 .preinit_array.00101
                0x1000763c        0x4 CMakeFiles/pio_matrix.dir/home/enzo/.pico-sdk/sdk/2.1.0/src/rp2_common/pico_runtime_init/runtime_init.c.o
                0x1000763c                __pre_init_runtime_init_usb_power_down
 .preinit_array.00275
                0x10007640        0x4 CMakeFiles/pio_matrix.dir/home/enzo/.pico-sdk/sdk/2.1.0/src/rp2_common/pico_bit_ops/bit_ops_aeabi.S.o
 .preinit_array.00300
                0x10007644        0x4 CMakeFiles/pio_matrix.dir/home/enzo/.pico-sdk/sdk/2.1.0/src/rp2_common/pico_mem_ops/mem_ops_aeabi.S.o
 .preinit_array.00350
                0x10007648        0x4 CMakeFiles/pio_matrix.dir/home/enzo/.pico-sdk/sdk/2.1.0/src/rp2_common/pico_double/double_aeabi_rp2040.S.o
 .preinit_array.00350
                0x1000764c        0x4 CMakeFiles/pio_matrix.dir/home/enzo/.pico-sdk/sdk/2.1.0/src/rp2_common/pico_float/float_aeabi_rp2040.S.o
 .preinit_array.00500
                0x10007650        0x4 CMakeFiles/pio_matrix.dir/home/enzo/.pico-sdk/sdk/2.1.0/src/rp2_common/pico_runtime_init/runtime_init.c.o
                0x10007650                __pre_init_runtime_init_clocks
 .preinit_array.00600
                0x10007654        0x4 CMakeFiles/pio_matrix.dir/home/enzo/.pico-sdk/sdk/2.1.0/src/rp2_common/pico_runtime_init/runtime_init.c.o
                0x10007654                __pre_init_runtime_init_post_clock_resets
 .preinit_array.00700
                0x10007658        0x4 CMakeFiles/pio_matrix.dir/home/enzo/.pico-sdk/sdk/2.1.0/src/rp2_common/pico_runtime_init/runtime_init.c.o
                0x10007658                __pre_init_runtime_init_rp2040_gpio_ie_disable
 .preinit_array.01000
                0x1000765c        0x4 CMakeFiles/pio_matrix.dir/home/enzo/.pico-sdk/sdk/2.1.0/src/rp2_common/pico_runtime_init/runtime_init.c.o
                0x1000765c                __pre_init_runtime_init_spin_locks_reset
 .preinit_array.01100
                0x10007660        0x4 CMakeFiles/pio_matrix.dir/home/enzo/.pico-sdk/sdk/2.1.0/src/common/pico_sync/mutex.c.o
                0x10007660                __pre_init_runtime_init_mutex
 .preinit_array.10080
                0x10007664        0x4 CMakeFiles/pio_matrix.dir/home/enzo/.pico-sdk/sdk/2.1.0/src/rp2_common/pico_runtime_init/runtime_init.c.o
                0x10007664                __pre_init_runtime_init_install_ram_vector_table
 .preinit_array.11000
                0x10007668        0x4 CMakeFiles/pio_matrix.dir/home/enzo/.pico-sdk/sdk/2.1.0/src/common/pico_time/time.c.o
                0x10007668                __pre_init_runtime_init_default_alarm_pool
 .preinit_array.YYYYY
                0x1000766c        0x4 CMakeFiles/pio_matrix.dir/home/enzo/.pico-sdk/sdk/2.1.0/src/rp2_common/pico_runtime/runtime.c.o
                0x1000766c                __pre_init_first_per_core_initializer
 .preinit_array.ZZZZZ.01200
                0x10007670        0x4 CMakeFiles/pio_matrix.dir/home/enzo/.pico-sdk/sdk/2.1.0/src/rp2_common/hardware_irq/irq.c.o
                0x10007670                __pre_init_runtime_init_per_core_irq_priorities
 *(.preinit_array)
                0x10007674                        PROVIDE (__preinit_array_end = .)
                0x10007674                        . = ALIGN (0x4)
                0x10007674                        PROVIDE (__init_array_start = .)
 *(SORT_BY_NAME(.init_array.*))
 *(.init_array)
 .init_array    0x10007674        0x4 /home/enzo/.pico-sdk/toolchain/13_3_Rel1/bin/../lib/gcc/arm-none-eabi/13.3.1/thumb/v6-m/nofp/crtbegin.o
 .init_array    0x10007678        0x4 CMakeFiles/pio_matrix.dir/home/enzo/.pico-sdk/sdk/2.1.0/src/rp2_common/pico_unique_id/unique_id.c.o
                0x1000767c                        PROVIDE (__init_array_end = .)
                0x1000767c                        . = ALIGN (0x4)
                [!provide]                        PROVIDE (__fini_array_start = .)
 *(SORT_BY_NAME(.fini_array.*))
 *(.fini_array)
                [!provide]                        PROVIDE (__fini_array_end = .)
 *(.eh_frame*)
 .eh_frame      0x1000767c        0x0 /home/enzo/.pico-sdk/toolchain/13_3_Rel1/bin/../lib/gcc/arm-none-eabi/13.3.1/thumb/v6-m/nofp/crtbegin.o
                0x1000767c                        . = ALIGN (0x4)

.glue_7         0x1000767c        0x0
 .glue_7        0x1000767c        0x0 linker stubs

.glue_7t        0x1000767c        0x0
 .glue_7t       0x1000767c        0x0 linker stubs

.vfp11_veneer   0x1000767c        0x0
 .vfp11_veneer  0x1000767c        0x0 linker stubs

.v4_bx          0x1000767c        0x0
 .v4_bx         0x1000767c        0x0 linker stubs

.iplt           0x1000767c        0x0
 .iplt          0x1000767c        0x0 /home/enzo/.pico-sdk/toolchain/13_3_Rel1/bin/../lib/gcc/arm-none-eabi/13.3.1/thumb/v6-m/nofp/crtbegin.o

.rodata         0x10007680      0x74c
 *(EXCLUDE_FILE(*libm.a: *libc.a:*lib_a-mem*.o *libgcc.a:) .rodata*)
 .rodata.gpio_irq_handler.str1.4
                0x10007680      0x200 CMakeFiles/pio_matrix.dir/pio_matrix.c.o
                                 0x4e (size before relaxing)
 .rodata.linhas
                0x10007880       0x10 CMakeFiles/pio_matrix.dir/pio_matrix.c.o
                0x10007880                linhas
 .rodata.colunas
                0x10007890       0x10 CMakeFiles/pio_matrix.dir/pio_matrix.c.o
                0x10007890                colunas
 .rodata.pio_matrix_program
                0x100078a0        0x8 CMakeFiles/pio_matrix.dir/pio_matrix.c.o
 .rodata.pio_matrix_program_instructions
                0x100078a8        0xe CMakeFiles/pio_matrix.dir/pio_matrix.c.o
 *fill*         0x100078b6        0x2 
 .rodata        0x100078b8       0x64 CMakeFiles/pio_matrix.dir/pio_matrix.c.o
 .rodata.panic.str1.4
                0x1000791c       0x12 CMakeFiles/pio_matrix.dir/home/enzo/.pico-sdk/sdk/2.1.0/src/rp2_common/pico_platform_panic/panic.c.o
 .rodata.spin_lock_claim_unused.str1.4
                0x1000791c       0x1b CMakeFiles/pio_matrix.dir/home/enzo/.pico-sdk/sdk/2.1.0/src/rp2_common/hardware_sync/sync.c.o
 .rodata.user_irq_claim_unused.str1.4
                0x1000791c       0x1b CMakeFiles/pio_matrix.dir/home/enzo/.pico-sdk/sdk/2.1.0/src/rp2_common/hardware_irq/irq.c.o
 .rodata.timer_hardware_alarm_claim.str1.4
                0x1000791c       0x22 CMakeFiles/pio_matrix.dir/home/enzo/.pico-sdk/sdk/2.1.0/src/rp2_common/hardware_timer/timer.c.o
 .rodata.hard_assertion_failure.str1.4
                0x1000791c        0xc CMakeFiles/pio_matrix.dir/home/enzo/.pico-sdk/sdk/2.1.0/src/rp2_common/pico_runtime/runtime.c.o
 .rodata.missing_double_func_shim.str1.4
                0x1000791c       0x18 CMakeFiles/pio_matrix.dir/home/enzo/.pico-sdk/sdk/2.1.0/src/rp2_common/pico_double/double_init_rom_rp2040.c.o
 .rodata.missing_float_func_shim.str1.4
                0x1000791c        0x1 CMakeFiles/pio_matrix.dir/home/enzo/.pico-sdk/sdk/2.1.0/src/rp2_common/pico_float/float_init_rom_rp2040.c.o
 .rodata.str1.4
                0x1000791c       0x44 CMakeFiles/pio_matrix.dir/home/enzo/.pico-sdk/sdk/2.1.0/src/rp2_common/pico_standard_binary_info/standard_binary_info.c.o
 .rodata.__bi_84
                0x1000791c        0xc CMakeFiles/pio_matrix.dir/home/enzo/.pico-sdk/sdk/2.1.0/src/rp2_common/pico_standard_binary_info/standard_binary_info.c.o
 .rodata.__bi_78
                0x10007928        0xc CMakeFiles/pio_matrix.dir/home/enzo/.pico-sdk/sdk/2.1.0/src/rp2_common/pico_standard_binary_info/standard_binary_info.c.o
 .rodata.__bi_60
                0x10007934        0xc CMakeFiles/pio_matrix.dir/home/enzo/.pico-sdk/sdk/2.1.0/src/rp2_common/pico_standard_binary_info/standard_binary_info.c.o
 .rodata.__bi_54
                0x10007940        0xc CMakeFiles/pio_matrix.dir/home/enzo/.pico-sdk/sdk/2.1.0/src/rp2_common/pico_standard_binary_info/standard_binary_info.c.o
 .rodata.__bi_48
                0x1000794c        0xc CMakeFiles/pio_matrix.dir/home/enzo/.pico-sdk/sdk/2.1.0/src/rp2_common/pico_standard_binary_info/standard_binary_info.c.o
 .rodata.__bi_42
                0x10007958        0xc CMakeFiles/pio_matrix.dir/home/enzo/.pico-sdk/sdk/2.1.0/src/rp2_common/pico_standard_binary_info/standard_binary_info.c.o
 .rodata.__bi_34
                0x10007964        0xc CMakeFiles/pio_matrix.dir/home/enzo/.pico-sdk/sdk/2.1.0/src/rp2_common/pico_standard_binary_info/standard_binary_info.c.o
 .rodata.__bi_26
                0x10007970        0xc CMakeFiles/pio_matrix.dir/home/enzo/.pico-sdk/sdk/2.1.0/src/rp2_common/pico_standard_binary_info/standard_binary_info.c.o
 .rodata._ftoa.str1.4
                0x1000797c       0x15 CMakeFiles/pio_matrix.dir/home/enzo/.pico-sdk/sdk/2.1.0/src/rp2_common/pico_printf/printf.c.o
 .rodata._vsnprintf
                0x1000797c      0x19c CMakeFiles/pio_matrix.dir/home/enzo/.pico-sdk/sdk/2.1.0/src/rp2_common/pico_printf/printf.c.o
 .rodata.pow10.0
                0x10007b18       0x50 CMakeFiles/pio_matrix.dir/home/enzo/.pico-sdk/sdk/2.1.0/src/rp2_common/pico_printf/printf.c.o
 .rodata.crlf_str.0
                0x10007b68        0x2 CMakeFiles/pio_matrix.dir/home/enzo/.pico-sdk/sdk/2.1.0/src/rp2_common/pico_stdio/stdio.c.o
 *fill*         0x10007b6a        0x2 
 .rodata._resetd_driver
                0x10007b6c       0x20 CMakeFiles/pio_matrix.dir/home/enzo/.pico-sdk/sdk/2.1.0/src/rp2_common/pico_stdio_usb/reset_interface.c.o
 .rodata.desc_ms_os_20
                0x10007b8c       0xa6 CMakeFiles/pio_matrix.dir/home/enzo/.pico-sdk/sdk/2.1.0/src/rp2_common/pico_stdio_usb/reset_interface.c.o
 *fill*         0x10007c32        0x2 
 .rodata.desc_bos
                0x10007c34       0x21 CMakeFiles/pio_matrix.dir/home/enzo/.pico-sdk/sdk/2.1.0/src/rp2_common/pico_stdio_usb/reset_interface.c.o
                0x10007c34                desc_bos
 .rodata.str1.4
                0x10007c55       0x13 CMakeFiles/pio_matrix.dir/home/enzo/.pico-sdk/sdk/2.1.0/src/rp2_common/pico_stdio_usb/stdio_usb.c.o
 *fill*         0x10007c55        0x3 
 .rodata.__bi_197.0
                0x10007c58        0xc CMakeFiles/pio_matrix.dir/home/enzo/.pico-sdk/sdk/2.1.0/src/rp2_common/pico_stdio_usb/stdio_usb.c.o
 .rodata.str1.4
                0x10007c64       0x2a CMakeFiles/pio_matrix.dir/home/enzo/.pico-sdk/sdk/2.1.0/src/rp2_common/pico_stdio_usb/stdio_usb_descriptors.c.o
 .rodata.usbd_desc_str
                0x10007c64       0x18 CMakeFiles/pio_matrix.dir/home/enzo/.pico-sdk/sdk/2.1.0/src/rp2_common/pico_stdio_usb/stdio_usb_descriptors.c.o
 .rodata.usbd_desc_cfg
                0x10007c7c       0x54 CMakeFiles/pio_matrix.dir/home/enzo/.pico-sdk/sdk/2.1.0/src/rp2_common/pico_stdio_usb/stdio_usb_descriptors.c.o
 .rodata.usbd_desc_device
                0x10007cd0       0x12 CMakeFiles/pio_matrix.dir/home/enzo/.pico-sdk/sdk/2.1.0/src/rp2_common/pico_stdio_usb/stdio_usb_descriptors.c.o
 .rodata.str1.4
                0x10007ce2       0x14 CMakeFiles/pio_matrix.dir/home/enzo/.pico-sdk/sdk/2.1.0/lib/tinyusb/src/portable/raspberrypi/rp2040/dcd_rp2040.c.o
 .rodata.str1.4
                0x10007ce2       0x48 CMakeFiles/pio_matrix.dir/home/enzo/.pico-sdk/sdk/2.1.0/lib/tinyusb/src/portable/raspberrypi/rp2040/rp2040_usb.c.o
 *fill*         0x10007ce2        0x2 
 .rodata.tud_task_ext
                0x10007ce4       0x8c CMakeFiles/pio_matrix.dir/home/enzo/.pico-sdk/sdk/2.1.0/lib/tinyusb/src/device/usbd.c.o
 .rodata        0x10007d70       0x1c CMakeFiles/pio_matrix.dir/home/enzo/.pico-sdk/sdk/2.1.0/lib/tinyusb/src/device/usbd.c.o
 .rodata._usbd_driver
                0x10007d8c       0x40 CMakeFiles/pio_matrix.dir/home/enzo/.pico-sdk/sdk/2.1.0/lib/tinyusb/src/device/usbd.c.o
 .rodata.pio_claim_unused_sm.str1.4
                0x10007dcc       0x24 CMakeFiles/pio_matrix.dir/home/enzo/.pico-sdk/sdk/2.1.0/src/rp2_common/hardware_pio/pio.c.o
                0x10007df0                        . = ALIGN (0x4)
 *(SORT_BY_ALIGNMENT(SORT_BY_NAME(.flashdata*)))
                0x10007df0                        . = ALIGN (0x4)

.ARM.extab
 *(.ARM.extab* .gnu.linkonce.armextab.*)
                0x10007dcc                        __exidx_start = .

.ARM.exidx
 *(.ARM.exidx* .gnu.linkonce.armexidx.*)
                0x10007dcc                        __exidx_end = .
                0x10007df0                        . = ALIGN (0x4)
                0x10007dcc                        __binary_info_start = .

.binary_info    0x10007dcc       0x24
 *(.binary_info.keep.*)
 .binary_info.keep.__bi_ptr84
                0x10007dcc        0x4 CMakeFiles/pio_matrix.dir/home/enzo/.pico-sdk/sdk/2.1.0/src/rp2_common/pico_standard_binary_info/standard_binary_info.c.o
 .binary_info.keep.__bi_ptr78
                0x10007dd0        0x4 CMakeFiles/pio_matrix.dir/home/enzo/.pico-sdk/sdk/2.1.0/src/rp2_common/pico_standard_binary_info/standard_binary_info.c.o
 .binary_info.keep.__bi_ptr60
                0x10007dd4        0x4 CMakeFiles/pio_matrix.dir/home/enzo/.pico-sdk/sdk/2.1.0/src/rp2_common/pico_standard_binary_info/standard_binary_info.c.o
 .binary_info.keep.__bi_ptr54
                0x10007dd8        0x4 CMakeFiles/pio_matrix.dir/home/enzo/.pico-sdk/sdk/2.1.0/src/rp2_common/pico_standard_binary_info/standard_binary_info.c.o
 .binary_info.keep.__bi_ptr48
                0x10007ddc        0x4 CMakeFiles/pio_matrix.dir/home/enzo/.pico-sdk/sdk/2.1.0/src/rp2_common/pico_standard_binary_info/standard_binary_info.c.o
 .binary_info.keep.__bi_ptr42
                0x10007de0        0x4 CMakeFiles/pio_matrix.dir/home/enzo/.pico-sdk/sdk/2.1.0/src/rp2_common/pico_standard_binary_info/standard_binary_info.c.o
 .binary_info.keep.__bi_ptr34
                0x10007de4        0x4 CMakeFiles/pio_matrix.dir/home/enzo/.pico-sdk/sdk/2.1.0/src/rp2_common/pico_standard_binary_info/standard_binary_info.c.o
 .binary_info.keep.__bi_ptr26
                0x10007de8        0x4 CMakeFiles/pio_matrix.dir/home/enzo/.pico-sdk/sdk/2.1.0/src/rp2_common/pico_standard_binary_info/standard_binary_info.c.o
 *(.binary_info.*)
 .binary_info.__bi_ptr197
                0x10007dec        0x4 CMakeFiles/pio_matrix.dir/home/enzo/.pico-sdk/sdk/2.1.0/src/rp2_common/pico_stdio_usb/stdio_usb.c.o
                0x10007df0                        __binary_info_end = .

.rel.dyn        0x10007df0        0x0
 .rel.iplt      0x10007df0        0x0 /home/enzo/.pico-sdk/toolchain/13_3_Rel1/bin/../lib/gcc/arm-none-eabi/13.3.1/thumb/v6-m/nofp/crtbegin.o
                0x10007df0                        . = ALIGN (0x4)

.ram_vector_table
                0x20000000       0xc0
 *(.ram_vector_table)
 .ram_vector_table
                0x20000000       0xc0 CMakeFiles/pio_matrix.dir/home/enzo/.pico-sdk/sdk/2.1.0/src/rp2_common/pico_runtime_init/runtime_init.c.o
                0x20000000                ram_vector_table

.uninitialized_data
                0x200000c0        0x0
                0x200000c0                        . = ALIGN (0x4)
 *(.uninitialized_data*)

.data           0x200000c0     0x2330 load address 0x10007df0
                0x200000c0                        __data_start__ = .
 *(vtable)
 *(.time_critical*)
 .time_critical.mutex_try_enter
                0x200000c0       0x40 CMakeFiles/pio_matrix.dir/home/enzo/.pico-sdk/sdk/2.1.0/src/common/pico_sync/mutex.c.o
                0x200000c0                mutex_try_enter
 .time_critical.mutex_try_enter_block_until
                0x20000100       0x9c CMakeFiles/pio_matrix.dir/home/enzo/.pico-sdk/sdk/2.1.0/src/common/pico_sync/mutex.c.o
                0x20000100                mutex_try_enter_block_until
 .time_critical.mutex_enter_timeout_ms
                0x2000019c       0x90 CMakeFiles/pio_matrix.dir/home/enzo/.pico-sdk/sdk/2.1.0/src/common/pico_sync/mutex.c.o
                0x2000019c                mutex_enter_timeout_ms
 .time_critical.mutex_exit
                0x2000022c       0x28 CMakeFiles/pio_matrix.dir/home/enzo/.pico-sdk/sdk/2.1.0/src/common/pico_sync/mutex.c.o
                0x2000022c                mutex_exit
 .time_critical.flash_init_boot2_copyout
                0x20000254       0x30 CMakeFiles/pio_matrix.dir/home/enzo/.pico-sdk/sdk/2.1.0/src/rp2_common/hardware_flash/flash.c.o
 .time_critical.flash_enable_xip_via_boot2
                0x20000284        0xc CMakeFiles/pio_matrix.dir/home/enzo/.pico-sdk/sdk/2.1.0/src/rp2_common/hardware_flash/flash.c.o
 .time_critical.flash_cs_force
                0x20000290       0x38 CMakeFiles/pio_matrix.dir/home/enzo/.pico-sdk/sdk/2.1.0/src/rp2_common/hardware_flash/flash.c.o
 .time_critical.flash_do_cmd
                0x200002c8       0xc0 CMakeFiles/pio_matrix.dir/home/enzo/.pico-sdk/sdk/2.1.0/src/rp2_common/hardware_flash/flash.c.o
                0x200002c8                flash_do_cmd
 .time_critical.reset_non_control_endpoints
                0x20000388       0x68 CMakeFiles/pio_matrix.dir/home/enzo/.pico-sdk/sdk/2.1.0/lib/tinyusb/src/portable/raspberrypi/rp2040/dcd_rp2040.c.o
 .time_critical.hw_handle_buff_status
                0x200003f0       0xb0 CMakeFiles/pio_matrix.dir/home/enzo/.pico-sdk/sdk/2.1.0/lib/tinyusb/src/portable/raspberrypi/rp2040/dcd_rp2040.c.o
 .time_critical.dcd_rp2040_irq
                0x200004a0      0x578 CMakeFiles/pio_matrix.dir/home/enzo/.pico-sdk/sdk/2.1.0/lib/tinyusb/src/portable/raspberrypi/rp2040/dcd_rp2040.c.o
 .time_critical.prepare_ep_buffer
                0x20000a18       0xe0 CMakeFiles/pio_matrix.dir/home/enzo/.pico-sdk/sdk/2.1.0/lib/tinyusb/src/portable/raspberrypi/rp2040/rp2040_usb.c.o
 .time_critical.sync_ep_buffer
                0x20000af8       0xa8 CMakeFiles/pio_matrix.dir/home/enzo/.pico-sdk/sdk/2.1.0/lib/tinyusb/src/portable/raspberrypi/rp2040/rp2040_usb.c.o
 .time_critical._hw_endpoint_xfer_sync
                0x20000ba0       0x28 CMakeFiles/pio_matrix.dir/home/enzo/.pico-sdk/sdk/2.1.0/lib/tinyusb/src/portable/raspberrypi/rp2040/rp2040_usb.c.o
 .time_critical.e15_is_bulkin_ep
                0x20000bc8       0x28 CMakeFiles/pio_matrix.dir/home/enzo/.pico-sdk/sdk/2.1.0/lib/tinyusb/src/portable/raspberrypi/rp2040/rp2040_usb.c.o
 .time_critical.e15_is_critical_frame_period
                0x20000bf0       0x34 CMakeFiles/pio_matrix.dir/home/enzo/.pico-sdk/sdk/2.1.0/lib/tinyusb/src/portable/raspberrypi/rp2040/rp2040_usb.c.o
 .time_critical.hw_endpoint_reset_transfer
                0x20000c24        0xc CMakeFiles/pio_matrix.dir/home/enzo/.pico-sdk/sdk/2.1.0/lib/tinyusb/src/portable/raspberrypi/rp2040/rp2040_usb.c.o
                0x20000c24                hw_endpoint_reset_transfer
 .time_critical._hw_endpoint_buffer_control_update32
                0x20000c30       0x50 CMakeFiles/pio_matrix.dir/home/enzo/.pico-sdk/sdk/2.1.0/lib/tinyusb/src/portable/raspberrypi/rp2040/rp2040_usb.c.o
                0x20000c30                _hw_endpoint_buffer_control_update32
 .time_critical.hw_endpoint_start_next_buffer
                0x20000c80       0x6c CMakeFiles/pio_matrix.dir/home/enzo/.pico-sdk/sdk/2.1.0/lib/tinyusb/src/portable/raspberrypi/rp2040/rp2040_usb.c.o
                0x20000c80                hw_endpoint_start_next_buffer
 .time_critical.hw_endpoint_xfer_continue
                0x20000cec       0x40 CMakeFiles/pio_matrix.dir/home/enzo/.pico-sdk/sdk/2.1.0/lib/tinyusb/src/portable/raspberrypi/rp2040/rp2040_usb.c.o
                0x20000cec                hw_endpoint_xfer_continue
 .time_critical.tinyusb
                0x20000d2c      0x1e4 CMakeFiles/pio_matrix.dir/home/enzo/.pico-sdk/sdk/2.1.0/lib/tinyusb/src/device/usbd.c.o
                0x20000d2c                dcd_event_handler
 *(.text*)
 .text          0x20000f10        0x4 /home/enzo/.pico-sdk/toolchain/13_3_Rel1/bin/../lib/gcc/arm-none-eabi/13.3.1/thumb/v6-m/nofp/libgcc.a(_dvmd_tls.o)
                0x20000f10                __aeabi_ldiv0
                0x20000f10                __aeabi_idiv0
 *fill*         0x20000f14        0x4 
 .text.__stub   0x20000f18       0x80 linker stubs
                0x20000f98                        . = ALIGN (0x4)
 *(.rodata*)
                0x20000f98                        . = ALIGN (0x4)
 *(.data*)
 *fill*         0x20000f98        0x0 
 .data.desenho6
                0x20000f98      0x3e8 CMakeFiles/pio_matrix.dir/pio_matrix.c.o
                0x20000f98                desenho6
 .data.desenho5
                0x20001380      0x3e8 CMakeFiles/pio_matrix.dir/pio_matrix.c.o
                0x20001380                desenho5
 .data.desenho4
                0x20001768      0x3e8 CMakeFiles/pio_matrix.dir/pio_matrix.c.o
                0x20001768                desenho4
 .data.desenho3
                0x20001b50      0x3e8 CMakeFiles/pio_matrix.dir/pio_matrix.c.o
                0x20001b50                desenho3
 .data.desenho2
                0x20001f38      0x3e8 CMakeFiles/pio_matrix.dir/pio_matrix.c.o
                0x20001f38                desenho2
 .data.striped_spin_lock_num
                0x20002320        0x1 CMakeFiles/pio_matrix.dir/home/enzo/.pico-sdk/sdk/2.1.0/src/rp2_common/hardware_sync/sync.c.o
 *fill*         0x20002321        0x3 
 .data          0x20002324       0x48 CMakeFiles/pio_matrix.dir/home/enzo/.pico-sdk/sdk/2.1.0/src/rp2_common/hardware_irq/irq_handler_chain.S.o
                0x20002324                irq_handler_chain_slots
                0x20002354                irq_handler_chain_first_slot
                0x2000235e                irq_handler_chain_remove_tail
 .data.default_alarm_pool
                0x2000236c       0x18 CMakeFiles/pio_matrix.dir/home/enzo/.pico-sdk/sdk/2.1.0/src/common/pico_time/time.c.o
 *fill*         0x20002384        0xc 
 .data.aeabi_bits_funcs
                0x20002390       0x10 CMakeFiles/pio_matrix.dir/home/enzo/.pico-sdk/sdk/2.1.0/src/rp2_common/pico_bit_ops/bit_ops_aeabi.S.o
                0x20002390                aeabi_bits_funcs
                0x200023a0                aeabi_bits_funcs_end
 .data.aeabi_mem_funcs
                0x200023a0       0x10 CMakeFiles/pio_matrix.dir/home/enzo/.pico-sdk/sdk/2.1.0/src/rp2_common/pico_mem_ops/mem_ops_aeabi.S.o
                0x200023a0                aeabi_mem_funcs
                0x200023b0                aeabi_mem_funcs_end
 .data.stdio_usb
                0x200023b0       0x18 CMakeFiles/pio_matrix.dir/home/enzo/.pico-sdk/sdk/2.1.0/src/rp2_common/pico_stdio_usb/stdio_usb.c.o
                0x200023b0                stdio_usb
 .data._usbd_qdef
                0x200023c8       0x1c CMakeFiles/pio_matrix.dir/home/enzo/.pico-sdk/sdk/2.1.0/lib/tinyusb/src/device/usbd.c.o
                0x200023c8                _usbd_qdef
 .data._usbd_rhport
                0x200023e4        0x1 CMakeFiles/pio_matrix.dir/home/enzo/.pico-sdk/sdk/2.1.0/lib/tinyusb/src/device/usbd.c.o
                0x200023e8                        . = ALIGN (0x4)
 *fill*         0x200023e5        0x3 
 *(.after_data.*)
                0x200023e8                        . = ALIGN (0x4)
                0x200023e8                        PROVIDE (__mutex_array_start = .)
 *(SORT_BY_NAME(.mutex_array.*))
 *(.mutex_array)
 .mutex_array   0x200023e8        0x8 CMakeFiles/pio_matrix.dir/home/enzo/.pico-sdk/sdk/2.1.0/src/rp2_common/pico_stdio/stdio.c.o
                0x200023f0                        PROVIDE (__mutex_array_end = .)
                0x200023f0                        . = ALIGN (0x4)
 *(.jcr)
                0x200023f0                        . = ALIGN (0x4)

.tm_clone_table
                0x200023f0        0x0 load address 0x1000a120
 .tm_clone_table
                0x200023f0        0x0 /home/enzo/.pico-sdk/toolchain/13_3_Rel1/bin/../lib/gcc/arm-none-eabi/13.3.1/thumb/v6-m/nofp/crtbegin.o
 .tm_clone_table
                0x200023f0        0x0 /home/enzo/.pico-sdk/toolchain/13_3_Rel1/bin/../lib/gcc/arm-none-eabi/13.3.1/thumb/v6-m/nofp/crtend.o

.igot.plt       0x200023f0        0x0 load address 0x1000a120
 .igot.plt      0x200023f0        0x0 /home/enzo/.pico-sdk/toolchain/13_3_Rel1/bin/../lib/gcc/arm-none-eabi/13.3.1/thumb/v6-m/nofp/crtbegin.o

.tdata          0x200023f0        0x0 load address 0x1000a120
                0x200023f0                        . = ALIGN (0x4)
 *(.tdata .tdata.* .gnu.linkonce.td.*)
                0x200023f0                        __tdata_end = .
                0x200023f0                        PROVIDE (__data_end__ = .)
                0x10007df0                        __etext = LOADADDR (.data)

.tbss           0x200023f0        0x0 load address 0x1000a120
                0x200023f0                        . = ALIGN (0x4)
                0x200023f0                        __bss_start__ = .
                0x200023f0                        __tls_base = .
 *(.tbss .tbss.* .gnu.linkonce.tb.*)
 *(.tcommon)
                0x200023f0                        __tls_end = .

.bss            0x200023f0     0x1094 load address 0x1000a120
                0x200023f0                        . = ALIGN (0x4)
                0x200023f0                        __tbss_end = .
 *(SORT_BY_ALIGNMENT(SORT_BY_NAME(.bss*)))
 .bss.default_alarm_pool_entries
                0x200023f0      0x180 CMakeFiles/pio_matrix.dir/home/enzo/.pico-sdk/sdk/2.1.0/src/common/pico_time/time.c.o
 .bss.last_avail_time.1
                0x20002570        0x8 CMakeFiles/pio_matrix.dir/home/enzo/.pico-sdk/sdk/2.1.0/src/rp2_common/pico_stdio_usb/stdio_usb.c.o
 .bss.sd_table  0x20002578      0x100 CMakeFiles/pio_matrix.dir/home/enzo/.pico-sdk/sdk/2.1.0/src/rp2_common/pico_double/double_init_rom_rp2040.c.o
                0x20002578                sd_table
 .bss._app_driver
                0x20002678        0x4 CMakeFiles/pio_matrix.dir/home/enzo/.pico-sdk/sdk/2.1.0/lib/tinyusb/src/device/usbd.c.o
 .bss._cdcd_fifo_cfg
                0x2000267c        0x1 CMakeFiles/pio_matrix.dir/home/enzo/.pico-sdk/sdk/2.1.0/lib/tinyusb/src/class/cdc/cdc_device.c.o
 *fill*         0x2000267d        0x3 
 .bss._cdcd_itf
                0x20002680      0x2c8 CMakeFiles/pio_matrix.dir/home/enzo/.pico-sdk/sdk/2.1.0/lib/tinyusb/src/class/cdc/cdc_device.c.o
 .bss._ctrl_xfer
                0x20002948       0x14 CMakeFiles/pio_matrix.dir/home/enzo/.pico-sdk/sdk/2.1.0/lib/tinyusb/src/device/usbd_control.c.o
 .bss._ubsd_mutexdef
                0x2000295c        0x8 CMakeFiles/pio_matrix.dir/home/enzo/.pico-sdk/sdk/2.1.0/lib/tinyusb/src/device/usbd.c.o
 .bss._usbd_ctrl_buf
                0x20002964       0x40 CMakeFiles/pio_matrix.dir/home/enzo/.pico-sdk/sdk/2.1.0/lib/tinyusb/src/device/usbd_control.c.o
 .bss._usbd_dev
                0x200029a4       0x54 CMakeFiles/pio_matrix.dir/home/enzo/.pico-sdk/sdk/2.1.0/lib/tinyusb/src/device/usbd.c.o
 .bss._usbd_mutex
                0x200029f8        0x4 CMakeFiles/pio_matrix.dir/home/enzo/.pico-sdk/sdk/2.1.0/lib/tinyusb/src/device/usbd.c.o
 .bss._usbd_q   0x200029fc        0x4 CMakeFiles/pio_matrix.dir/home/enzo/.pico-sdk/sdk/2.1.0/lib/tinyusb/src/device/usbd.c.o
 .bss._usbd_qdef_buf
                0x20002a00       0xc0 CMakeFiles/pio_matrix.dir/home/enzo/.pico-sdk/sdk/2.1.0/lib/tinyusb/src/device/usbd.c.o
                0x20002a00                _usbd_qdef_buf
 .bss._used_instruction_space
                0x20002ac0        0x8 CMakeFiles/pio_matrix.dir/home/enzo/.pico-sdk/sdk/2.1.0/src/rp2_common/hardware_pio/pio.c.o
 .bss._vendord_itf
                0x20002ac8      0x2cc CMakeFiles/pio_matrix.dir/home/enzo/.pico-sdk/sdk/2.1.0/lib/tinyusb/src/class/vendor/vendor_device.c.o
 .bss.boot2_copyout
                0x20002d94      0x100 CMakeFiles/pio_matrix.dir/home/enzo/.pico-sdk/sdk/2.1.0/src/rp2_common/hardware_flash/flash.c.o
 .bss.callbacks
                0x20002e94        0x8 CMakeFiles/pio_matrix.dir/home/enzo/.pico-sdk/sdk/2.1.0/src/rp2_common/hardware_gpio/gpio.c.o
 .bss.chars_available_callback
                0x20002e9c        0x4 CMakeFiles/pio_matrix.dir/home/enzo/.pico-sdk/sdk/2.1.0/src/rp2_common/pico_stdio_usb/stdio_usb.c.o
 .bss.chars_available_param
                0x20002ea0        0x4 CMakeFiles/pio_matrix.dir/home/enzo/.pico-sdk/sdk/2.1.0/src/rp2_common/pico_stdio_usb/stdio_usb.c.o
 .bss.claimed   0x20002ea4        0x4 CMakeFiles/pio_matrix.dir/home/enzo/.pico-sdk/sdk/2.1.0/src/rp2_common/hardware_sync/sync.c.o
 .bss.claimed   0x20002ea8        0x1 CMakeFiles/pio_matrix.dir/home/enzo/.pico-sdk/sdk/2.1.0/src/rp2_common/hardware_timer/timer.c.o
 *fill*         0x20002ea9        0x3 
 .bss.claimed   0x20002eac        0x1 CMakeFiles/pio_matrix.dir/home/enzo/.pico-sdk/sdk/2.1.0/src/rp2_common/hardware_pio/pio.c.o
 *fill*         0x20002ead        0x3 
 .bss.configured_freq
                0x20002eb0       0x28 CMakeFiles/pio_matrix.dir/home/enzo/.pico-sdk/sdk/2.1.0/src/rp2_common/hardware_clocks/clocks.c.o
 .bss.desc_str.0
                0x20002ed8       0x28 CMakeFiles/pio_matrix.dir/home/enzo/.pico-sdk/sdk/2.1.0/src/rp2_common/pico_stdio_usb/stdio_usb_descriptors.c.o
 .bss.drivers   0x20002f00        0x4 CMakeFiles/pio_matrix.dir/home/enzo/.pico-sdk/sdk/2.1.0/src/rp2_common/pico_stdio/stdio.c.o
 .bss.e15_last_sof
                0x20002f04        0x4 CMakeFiles/pio_matrix.dir/home/enzo/.pico-sdk/sdk/2.1.0/lib/tinyusb/src/portable/raspberrypi/rp2040/rp2040_usb.c.o
                0x20002f04                e15_last_sof
 .bss.filter    0x20002f08        0x4 CMakeFiles/pio_matrix.dir/home/enzo/.pico-sdk/sdk/2.1.0/src/rp2_common/pico_stdio/stdio.c.o
 .bss.hw_endpoints
                0x20002f0c      0x400 CMakeFiles/pio_matrix.dir/home/enzo/.pico-sdk/sdk/2.1.0/lib/tinyusb/src/portable/raspberrypi/rp2040/dcd_rp2040.c.o
 .bss.lazy_vsnprintf
                0x2000330c        0x4 CMakeFiles/pio_matrix.dir/home/enzo/.pico-sdk/sdk/2.1.0/src/rp2_common/pico_printf/printf.c.o
 .bss.load_value
                0x20003310        0x4 CMakeFiles/pio_matrix.dir/home/enzo/.pico-sdk/sdk/2.1.0/src/rp2_common/hardware_watchdog/watchdog.c.o
 .bss.next_buffer_ptr
                0x20003314        0x4 CMakeFiles/pio_matrix.dir/home/enzo/.pico-sdk/sdk/2.1.0/lib/tinyusb/src/portable/raspberrypi/rp2040/dcd_rp2040.c.o
 .bss.object.0  0x20003318       0x18 /home/enzo/.pico-sdk/toolchain/13_3_Rel1/bin/../lib/gcc/arm-none-eabi/13.3.1/thumb/v6-m/nofp/crtbegin.o
 .bss.one_shot_timer_crit_sec
                0x20003330        0x8 CMakeFiles/pio_matrix.dir/home/enzo/.pico-sdk/sdk/2.1.0/src/rp2_common/pico_stdio_usb/stdio_usb.c.o
 .bss.pools     0x20003338       0x10 CMakeFiles/pio_matrix.dir/home/enzo/.pico-sdk/sdk/2.1.0/src/common/pico_time/time.c.o
 .bss.raw_irq_mask
                0x20003348        0x8 CMakeFiles/pio_matrix.dir/home/enzo/.pico-sdk/sdk/2.1.0/src/rp2_common/hardware_gpio/gpio.c.o
 .bss.retrieved_id
                0x20003350        0x8 CMakeFiles/pio_matrix.dir/home/enzo/.pico-sdk/sdk/2.1.0/src/rp2_common/pico_unique_id/unique_id.c.o
 .bss.sf_clz_func
                0x20003358        0x4 CMakeFiles/pio_matrix.dir/home/enzo/.pico-sdk/sdk/2.1.0/src/rp2_common/pico_double/double_init_rom_rp2040.c.o
                0x20003358                sf_clz_func
 .bss.sf_table  0x2000335c      0x100 CMakeFiles/pio_matrix.dir/home/enzo/.pico-sdk/sdk/2.1.0/src/rp2_common/pico_float/float_init_rom_rp2040.c.o
                0x2000335c                sf_table
 .bss.sleep_notifier
                0x2000345c        0x4 CMakeFiles/pio_matrix.dir/home/enzo/.pico-sdk/sdk/2.1.0/src/common/pico_time/time.c.o
 .bss.stdio_usb_mutex
                0x20003460        0x8 CMakeFiles/pio_matrix.dir/home/enzo/.pico-sdk/sdk/2.1.0/src/rp2_common/pico_stdio_usb/stdio_usb.c.o
 .bss.usbd_serial_str
                0x20003468       0x11 CMakeFiles/pio_matrix.dir/home/enzo/.pico-sdk/sdk/2.1.0/src/rp2_common/pico_stdio_usb/stdio_usb_descriptors.c.o
 .bss._app_driver_count
                0x20003479        0x1 CMakeFiles/pio_matrix.dir/home/enzo/.pico-sdk/sdk/2.1.0/lib/tinyusb/src/device/usbd.c.o
 .bss._sof_enable
                0x2000347a        0x1 CMakeFiles/pio_matrix.dir/home/enzo/.pico-sdk/sdk/2.1.0/lib/tinyusb/src/portable/raspberrypi/rp2040/dcd_rp2040.c.o
 .bss._usbd_queued_setup
                0x2000347b        0x1 CMakeFiles/pio_matrix.dir/home/enzo/.pico-sdk/sdk/2.1.0/lib/tinyusb/src/device/usbd.c.o
 .bss.boot2_copyout_valid
                0x2000347c        0x1 CMakeFiles/pio_matrix.dir/home/enzo/.pico-sdk/sdk/2.1.0/src/rp2_common/hardware_flash/flash.c.o
 .bss.irq_handler_chain_free_slot_head
                0x2000347d        0x1 CMakeFiles/pio_matrix.dir/home/enzo/.pico-sdk/sdk/2.1.0/src/rp2_common/hardware_irq/irq.c.o
 .bss.itf_num   0x2000347e        0x1 CMakeFiles/pio_matrix.dir/home/enzo/.pico-sdk/sdk/2.1.0/src/rp2_common/pico_stdio_usb/reset_interface.c.o
 .bss.low_priority_irq_num
                0x2000347f        0x1 CMakeFiles/pio_matrix.dir/home/enzo/.pico-sdk/sdk/2.1.0/src/rp2_common/pico_stdio_usb/stdio_usb.c.o
 .bss.one_shot_timer_pending
                0x20003480        0x1 CMakeFiles/pio_matrix.dir/home/enzo/.pico-sdk/sdk/2.1.0/src/rp2_common/pico_stdio_usb/stdio_usb.c.o
 .bss.user_irq_claimed
                0x20003481        0x1 CMakeFiles/pio_matrix.dir/home/enzo/.pico-sdk/sdk/2.1.0/src/rp2_common/hardware_irq/irq.c.o
 *(COMMON)
                0x20003484                        . = ALIGN (0x4)
 *fill*         0x20003482        0x2 
                0x20003484                        __bss_end__ = .

.heap           0x20003484      0x800 load address 0x1000a120
                0x20003484                        __end__ = .
                0x20003484                        end = __end__
 *(.heap*)
 .heap          0x20003484      0x800 CMakeFiles/pio_matrix.dir/home/enzo/.pico-sdk/sdk/2.1.0/src/rp2_common/pico_crt0/crt0.S.o
                0x20040000                        __HeapLimit = (ORIGIN (RAM) + LENGTH (RAM))

.scratch_x      0x20040000        0x0 load address 0x1000a120
                0x20040000                        __scratch_x_start__ = .
 *(.scratch_x.*)
                0x20040000                        . = ALIGN (0x4)
                0x20040000                        __scratch_x_end__ = .
                0x1000a120                        __scratch_x_source__ = LOADADDR (.scratch_x)

.scratch_y      0x20041000        0x0 load address 0x1000a120
                0x20041000                        __scratch_y_start__ = .
 *(.scratch_y.*)
                0x20041000                        . = ALIGN (0x4)
                0x20041000                        __scratch_y_end__ = .
                0x1000a120                        __scratch_y_source__ = LOADADDR (.scratch_y)

.stack1_dummy
 *(.stack1*)

.stack_dummy    0x20041000      0x800
 *(.stack*)
 .stack         0x20041000      0x800 CMakeFiles/pio_matrix.dir/home/enzo/.pico-sdk/sdk/2.1.0/src/rp2_common/pico_crt0/crt0.S.o

.flash_end      0x1000a120        0x0
 *(.embedded_end_block*)
                0x1000a120                        PROVIDE (__flash_binary_end = .)
                0x20040000                        __StackLimit = (ORIGIN (RAM) + LENGTH (RAM))
                0x20041000                        __StackOneTop = (ORIGIN (SCRATCH_X) + LENGTH (SCRATCH_X))
                0x20042000                        __StackTop = (ORIGIN (SCRATCH_Y) + LENGTH (SCRATCH_Y))
                0x20041000                        __StackOneBottom = (__StackOneTop - SIZEOF (.stack1_dummy))
                0x20041800                        __StackBottom = (__StackTop - SIZEOF (.stack_dummy))
                0x20042000                        PROVIDE (__stack = __StackTop)
                [!provide]                        PROVIDE (__heap_start = __end__)
                [!provide]                        PROVIDE (__heap_end = __HeapLimit)
                [!provide]                        PROVIDE (__tls_align = MAX (ALIGNOF (.tdata), ALIGNOF (.tbss)))
                [!provide]                        PROVIDE (__tls_size_align = (((__tls_size + __tls_align) - 0x1) & ~ ((__tls_align - 0x1))))
                [!provide]                        PROVIDE (__arm32_tls_tcb_offset = MAX (0x8, __tls_align))
                [!provide]                        PROVIDE (_end = __end__)
                [!provide]                        PROVIDE (__llvm_libc_heap_limit = __HeapLimit)
                0x00000001                        ASSERT ((__StackLimit >= __HeapLimit), region RAM overflowed)
                0x00000001                        ASSERT (((__binary_info_header_end - __logical_binary_start) <= 0x100), Binary info must be in first 256 bytes of the binary)
LOAD CMakeFiles/pio_matrix.dir/pio_matrix.c.o
LOAD CMakeFiles/pio_matrix.dir/home/enzo/.pico-sdk/sdk/2.1.0/src/rp2_common/pico_stdlib/stdlib.c.o
LOAD CMakeFiles/pio_matrix.dir/home/enzo/.pico-sdk/sdk/2.1.0/src/rp2_common/hardware_gpio/gpio.c.o
LOAD CMakeFiles/pio_matrix.dir/home/enzo/.pico-sdk/sdk/2.1.0/src/rp2040/pico_platform/platform.c.o
LOAD CMakeFiles/pio_matrix.dir/home/enzo/.pico-sdk/sdk/2.1.0/src/rp2_common/pico_platform_panic/panic.c.o
LOAD CMakeFiles/pio_matrix.dir/home/enzo/.pico-sdk/sdk/2.1.0/src/common/hardware_claim/claim.c.o
LOAD CMakeFiles/pio_matrix.dir/home/enzo/.pico-sdk/sdk/2.1.0/src/rp2_common/hardware_sync/sync.c.o
LOAD CMakeFiles/pio_matrix.dir/home/enzo/.pico-sdk/sdk/2.1.0/src/rp2_common/hardware_sync_spin_lock/sync_spin_lock.c.o
LOAD CMakeFiles/pio_matrix.dir/home/enzo/.pico-sdk/sdk/2.1.0/src/rp2_common/hardware_irq/irq.c.o
LOAD CMakeFiles/pio_matrix.dir/home/enzo/.pico-sdk/sdk/2.1.0/src/rp2_common/hardware_irq/irq_handler_chain.S.o
LOAD CMakeFiles/pio_matrix.dir/home/enzo/.pico-sdk/sdk/2.1.0/src/common/pico_sync/sem.c.o
LOAD CMakeFiles/pio_matrix.dir/home/enzo/.pico-sdk/sdk/2.1.0/src/common/pico_sync/lock_core.c.o
LOAD CMakeFiles/pio_matrix.dir/home/enzo/.pico-sdk/sdk/2.1.0/src/common/pico_sync/mutex.c.o
LOAD CMakeFiles/pio_matrix.dir/home/enzo/.pico-sdk/sdk/2.1.0/src/common/pico_sync/critical_section.c.o
LOAD CMakeFiles/pio_matrix.dir/home/enzo/.pico-sdk/sdk/2.1.0/src/common/pico_time/time.c.o
LOAD CMakeFiles/pio_matrix.dir/home/enzo/.pico-sdk/sdk/2.1.0/src/common/pico_time/timeout_helper.c.o
LOAD CMakeFiles/pio_matrix.dir/home/enzo/.pico-sdk/sdk/2.1.0/src/rp2_common/hardware_timer/timer.c.o
LOAD CMakeFiles/pio_matrix.dir/home/enzo/.pico-sdk/sdk/2.1.0/src/common/pico_util/datetime.c.o
LOAD CMakeFiles/pio_matrix.dir/home/enzo/.pico-sdk/sdk/2.1.0/src/common/pico_util/pheap.c.o
LOAD CMakeFiles/pio_matrix.dir/home/enzo/.pico-sdk/sdk/2.1.0/src/common/pico_util/queue.c.o
LOAD CMakeFiles/pio_matrix.dir/home/enzo/.pico-sdk/sdk/2.1.0/src/rp2_common/hardware_uart/uart.c.o
LOAD CMakeFiles/pio_matrix.dir/home/enzo/.pico-sdk/sdk/2.1.0/src/rp2_common/hardware_clocks/clocks.c.o
LOAD CMakeFiles/pio_matrix.dir/home/enzo/.pico-sdk/sdk/2.1.0/src/rp2_common/hardware_pll/pll.c.o
LOAD CMakeFiles/pio_matrix.dir/home/enzo/.pico-sdk/sdk/2.1.0/src/rp2_common/hardware_vreg/vreg.c.o
LOAD CMakeFiles/pio_matrix.dir/home/enzo/.pico-sdk/sdk/2.1.0/src/rp2_common/hardware_watchdog/watchdog.c.o
LOAD CMakeFiles/pio_matrix.dir/home/enzo/.pico-sdk/sdk/2.1.0/src/rp2_common/hardware_ticks/ticks.c.o
LOAD CMakeFiles/pio_matrix.dir/home/enzo/.pico-sdk/sdk/2.1.0/src/rp2_common/pico_bootrom/bootrom.c.o
LOAD CMakeFiles/pio_matrix.dir/home/enzo/.pico-sdk/sdk/2.1.0/src/rp2_common/pico_bootrom/bootrom_lock.c.o
LOAD CMakeFiles/pio_matrix.dir/home/enzo/.pico-sdk/sdk/2.1.0/src/rp2_common/hardware_boot_lock/boot_lock.c.o
LOAD CMakeFiles/pio_matrix.dir/home/enzo/.pico-sdk/sdk/2.1.0/src/rp2_common/pico_flash/flash.c.o
LOAD CMakeFiles/pio_matrix.dir/home/enzo/.pico-sdk/sdk/2.1.0/src/rp2_common/hardware_xosc/xosc.c.o
LOAD CMakeFiles/pio_matrix.dir/home/enzo/.pico-sdk/sdk/2.1.0/src/rp2_common/hardware_divider/divider.S.o
LOAD CMakeFiles/pio_matrix.dir/home/enzo/.pico-sdk/sdk/2.1.0/src/rp2_common/pico_runtime/runtime.c.o