Archive member included to satisfy reference by file (symbol)

C:/Users/Rodrigo/.pico-sdk/toolchain/13_3_Rel1/bin/../lib/gcc/arm-none-eabi/13.3.1/thumb/v6-m/nofp\libgcc.a(_dvmd_tls.o)
                              CMakeFiles/pio_matrix.dir/C_/Users/Rodrigo/.pico-sdk/sdk/2.1.0/src/rp2_common/pico_divider/divider_hardware.S.obj (__aeabi_idiv0)
C:/Users/Rodrigo/.pico-sdk/toolchain/13_3_Rel1/bin/../lib/gcc/arm-none-eabi/13.3.1/thumb/v6-m/nofp\libg.a(libc_a-calloc.o)
                              CMakeFiles/pio_matrix.dir/C_/Users/Rodrigo/.pico-sdk/sdk/2.1.0/src/rp2_common/pico_malloc/malloc.c.obj (calloc)
C:/Users/Rodrigo/.pico-sdk/toolchain/13_3_Rel1/bin/../lib/gcc/arm-none-eabi/13.3.1/thumb/v6-m/nofp\libg.a(libc_a-callocr.o)
                              C:/Users/Rodrigo/.pico-sdk/toolchain/13_3_Rel1/bin/../lib/gcc/arm-none-eabi/13.3.1/thumb/v6-m/nofp\libg.a(libc_a-calloc.o) (_calloc_r)
C:/Users/Rodrigo/.pico-sdk/toolchain/13_3_Rel1/bin/../lib/gcc/arm-none-eabi/13.3.1/thumb/v6-m/nofp\libg.a(libc_a-malloc.o)
                              CMakeFiles/pio_matrix.dir/C_/Users/Rodrigo/.pico-sdk/sdk/2.1.0/src/rp2_common/pico_malloc/malloc.c.obj (malloc)
C:/Users/Rodrigo/.pico-sdk/toolchain/13_3_Rel1/bin/../lib/gcc/arm-none-eabi/13.3.1/thumb/v6-m/nofp\libg.a(libc_a-mallocr.o)
                              C:/Users/Rodrigo/.pico-sdk/toolchain/13_3_Rel1/bin/../lib/gcc/arm-none-eabi/13.3.1/thumb/v6-m/nofp\libg.a(libc_a-callocr.o) (_malloc_r)
C:/Users/Rodrigo/.pico-sdk/toolchain/13_3_Rel1/bin/../lib/gcc/arm-none-eabi/13.3.1/thumb/v6-m/nofp\libg.a(libc_a-mlock.o)
                              C:/Users/Rodrigo/.pico-sdk/toolchain/13_3_Rel1/bin/../lib/gcc/arm-none-eabi/13.3.1/thumb/v6-m/nofp\libg.a(libc_a-mallocr.o) (__malloc_lock)
C:/Users/Rodrigo/.pico-sdk/toolchain/13_3_Rel1/bin/../lib/gcc/arm-none-eabi/13.3.1/thumb/v6-m/nofp\libg.a(libc_a-realloc.o)
                              CMakeFiles/pio_matrix.dir/C_/Users/Rodrigo/.pico-sdk/sdk/2.1.0/src/rp2_common/pico_malloc/malloc.c.obj (realloc)
C:/Users/Rodrigo/.pico-sdk/toolchain/13_3_Rel1/bin/../lib/gcc/arm-none-eabi/13.3.1/thumb/v6-m/nofp\libg.a(libc_a-reallocr.o)
                              C:/Users/Rodrigo/.pico-sdk/toolchain/13_3_Rel1/bin/../lib/gcc/arm-none-eabi/13.3.1/thumb/v6-m/nofp\libg.a(libc_a-realloc.o) (_realloc_r)
C:/Users/Rodrigo/.pico-sdk/toolchain/13_3_Rel1/bin/../lib/gcc/arm-none-eabi/13.3.1/thumb/v6-m/nofp\libg.a(libc_a-memcmp.o)
                              CMakeFiles/pio_matrix.dir/C_/Users/Rodrigo/.pico-sdk/sdk/2.1.0/src/rp2_common/pico_atomic/atomic.c.obj (memcmp)
C:/Users/Rodrigo/.pico-sdk/toolchain/13_3_Rel1/bin/../lib/gcc/arm-none-eabi/13.3.1/thumb/v6-m/nofp\libg.a(libc_a-memmove.o)
                              C:/Users/Rodrigo/.pico-sdk/toolchain/13_3_Rel1/bin/../lib/gcc/arm-none-eabi/13.3.1/thumb/v6-m/nofp\libg.a(libc_a-reallocr.o) (memmove)
C:/Users/Rodrigo/.pico-sdk/toolchain/13_3_Rel1/bin/../lib/gcc/arm-none-eabi/13.3.1/thumb/v6-m/nofp\libg.a(libc_a-lcltime_r.o)
                              CMakeFiles/pio_matrix.dir/C_/Users/Rodrigo/.pico-sdk/sdk/2.1.0/src/common/pico_util/datetime.c.obj (localtime_r)
C:/Users/Rodrigo/.pico-sdk/toolchain/13_3_Rel1/bin/../lib/gcc/arm-none-eabi/13.3.1/thumb/v6-m/nofp\libg.a(libc_a-mktime.o)
                              CMakeFiles/pio_matrix.dir/C_/Users/Rodrigo/.pico-sdk/sdk/2.1.0/src/common/pico_util/datetime.c.obj (mktime)
C:/Users/Rodrigo/.pico-sdk/toolchain/13_3_Rel1/bin/../lib/gcc/arm-none-eabi/13.3.1/thumb/v6-m/nofp\libg.a(libc_a-month_lengths.o)
                              C:/Users/Rodrigo/.pico-sdk/toolchain/13_3_Rel1/bin/../lib/gcc/arm-none-eabi/13.3.1/thumb/v6-m/nofp\libg.a(libc_a-lcltime_r.o) (__month_lengths)
C:/Users/Rodrigo/.pico-sdk/toolchain/13_3_Rel1/bin/../lib/gcc/arm-none-eabi/13.3.1/thumb/v6-m/nofp\libg.a(libc_a-tzcalc_limits.o)
                              C:/Users/Rodrigo/.pico-sdk/toolchain/13_3_Rel1/bin/../lib/gcc/arm-none-eabi/13.3.1/thumb/v6-m/nofp\libg.a(libc_a-lcltime_r.o) (__tzcalc_limits)
C:/Users/Rodrigo/.pico-sdk/toolchain/13_3_Rel1/bin/../lib/gcc/arm-none-eabi/13.3.1/thumb/v6-m/nofp\libg.a(libc_a-tzlock.o)
                              C:/Users/Rodrigo/.pico-sdk/toolchain/13_3_Rel1/bin/../lib/gcc/arm-none-eabi/13.3.1/thumb/v6-m/nofp\libg.a(libc_a-lcltime_r.o) (__tz_lock)
C:/Users/Rodrigo/.pico-sdk/toolchain/13_3_Rel1/bin/../lib/gcc/arm-none-eabi/13.3.1/thumb/v6-m/nofp\libg.a(libc_a-tzset.o)
                              C:/Users/Rodrigo/.pico-sdk/toolchain/13_3_Rel1/bin/../lib/gcc/arm-none-eabi/13.3.1/thumb/v6-m/nofp\libg.a(libc_a-lcltime_r.o) (_tzset_unlocked)
C:/Users/Rodrigo/.pico-sdk/toolchain/13_3_Rel1/bin/../lib/gcc/arm-none-eabi/13.3.1/thumb/v6-m/nofp\libg.a(libc_a-tzset_r.o)
                              C:/Users/Rodrigo/.pico-sdk/toolchain/13_3_Rel1/bin/../lib/gcc/arm-none-eabi/13.3.1/thumb/v6-m/nofp\libg.a(libc_a-tzset.o) (_tzset_unlocked_r)
[...]
Memory Configuration

Name             Origin             Length             Attributes
FLASH            0x10000000         0x00200000         xr
RAM              0x20000000         0x00040000         xrw
SCRATCH_X        0x20040000         0x00001000         xrw
SCRATCH_Y        0x20041000         0x00001000         xrw
*default*        0x00000000         0xffffffff

Linker script and memory map

LOAD C:/Users/Rodrigo/.pico-sdk/toolchain/13_3_Rel1/bin/../lib/gcc/arm-none-eabi/13.3.1/thumb/v6-m/nofp/crti.o
LOAD C:/Users/Rodrigo/.pico-sdk/toolchain/13_3_Rel1/bin/../lib/gcc/arm-none-eabi/13.3.1/thumb/v6-m/nofp/crtbegin.o
LOAD C:/Users/Rodrigo/.pico-sdk/toolchain/13_3_Rel1/bin/../lib/gcc/arm-none-eabi/13.3.1/thumb/v6-m/nofp/crt0.o

.flash_begin    0x10000000        0x0
                0x10000000                        __flash_binary_start = .

.boot2          0x10000000      0x100
                0x10000000                        __boot2_start__ = .
 *(.boot2)
 .boot2         0x10000000      0x100 pico-sdk/src/rp2040/boot_stage2/CMakeFiles/bs2_default_library.dir/./bs2_default_padded_checksummed.S.obj
                0x10000100                        __boot2_end__ = .
                0x00000001                        ASSERT (((__boot2_end__ - __boot2_start__) == 0x100), ERROR: Pico second stage bootloader must be 256 bytes in size)

.text           0x10000100     0x7324
                0x10000100                        __logical_binary_start = .
 *(.vectors)
 .vectors       0x10000100       0xd4 CMakeFiles/pio_matrix.dir/C_/Users/Rodrigo/.pico-sdk/sdk/2.1.0/src/rp2_common/pico_crt0/crt0.S.obj
                0x10000100                __VECTOR_TABLE
                0x10000100                __vectors
                0x100001c0                isr_invalid
                0x100001c0                __default_isrs_start
                0x100001c2                isr_nmi
                0x100001c4                isr_hardfault
                0x100001c6                isr_svcall
                0x100001c8                isr_pendsv
                0x100001ca                isr_systick
                0x100001cc                isr_irq23
                0x100001cc                isr_irq18
                0x100001cc                isr_irq11
                0x100001cc                isr_irq28
                0x100001cc                isr_irq19
                0x100001cc                isr_irq0
                0x100001cc                isr_irq6
                0x100001cc                isr_irq5
                0x100001cc                isr_irq12
                0x100001cc                isr_irq22
                0x100001cc                isr_irq31
                0x100001cc                isr_irq17
                0x100001cc                isr_irq27
                0x100001cc                isr_irq30
                0x100001cc                isr_irq2
                0x100001cc                isr_irq10
                0x100001cc                isr_irq8
                0x100001cc                isr_irq24
                0x100001cc                isr_irq1
                0x100001cc                isr_irq7
                0x100001cc                isr_irq21
                0x100001cc                isr_irq20
                0x100001cc                isr_irq15
                0x100001cc                isr_irq25
                0x100001cc                isr_irq13
                0x100001cc                __unhandled_user_irq
                0x100001cc                isr_irq4
                0x100001cc                isr_irq16
                0x100001cc                isr_irq29
                0x100001cc                isr_irq26
                0x100001cc                __default_isrs_end
                0x100001cc                isr_irq3
                0x100001cc                isr_irq14
                0x100001cc                isr_irq9
                0x100001d2                unhandled_user_irq_num_in_r0
 *(.binary_info_header)
 .binary_info_header
                0x100001d4       0x14 CMakeFiles/pio_matrix.dir/C_/Users/Rodrigo/.pico-sdk/sdk/2.1.0/src/rp2_common/pico_crt0/crt0.S.obj
                0x100001e8                        __binary_info_header_end = .
 *(.embedded_block)
                0x100001e8                        __embedded_block_end = .
 *(.reset)
 .reset         0x100001e8       0x9c CMakeFiles/pio_matrix.dir/C_/Users/Rodrigo/.pico-sdk/sdk/2.1.0/src/rp2_common/pico_crt0/crt0.S.obj
                0x100001e8                _entry_point
 *(.init)
 .init          0x10000284        0x4 C:/Users/Rodrigo/.pico-sdk/toolchain/13_3_Rel1/bin/../lib/gcc/arm-none-eabi/13.3.1/thumb/v6-m/nofp/crti.o
                0x10000284                _init
 *(EXCLUDE_FILE(*libm.a: *libc.a:*lib_a-mem*.o *libgcc.a:) .text*)
 .text.register_tm_clones
                0x10000288       0x28 C:/Users/Rodrigo/.pico-sdk/toolchain/13_3_Rel1/bin/../lib/gcc/arm-none-eabi/13.3.1/thumb/v6-m/nofp/crtbegin.o
 .text.frame_dummy
                0x100002b0       0x24 C:/Users/Rodrigo/.pico-sdk/toolchain/13_3_Rel1/bin/../lib/gcc/arm-none-eabi/13.3.1/thumb/v6-m/nofp/crtbegin.o
 .text.gpio_irq_handler
                0x100002d4       0x24 CMakeFiles/pio_matrix.dir/pio_matrix.c.obj
 .text.init_pinos
                0x100002f8       0x60 CMakeFiles/pio_matrix.dir/pio_matrix.c.obj
                0x100002f8                init_pinos
 .text.startup.main
                0x10000358      0x6b4 CMakeFiles/pio_matrix.dir/pio_matrix.c.obj
                0x10000358                main
 .text.gpio_default_irq_handler
                0x10000a0c      0x274 CMakeFiles/pio_matrix.dir/C_/Users/Rodrigo/.pico-sdk/sdk/2.1.0/src/rp2_common/hardware_gpio/gpio.c.obj
 .text.gpio_set_function
                0x10000c80       0x34 CMakeFiles/pio_matrix.dir/C_/Users/Rodrigo/.pico-sdk/sdk/2.1.0/src/rp2_common/hardware_gpio/gpio.c.obj
                0x10000c80                gpio_set_function
 .text.gpio_set_pulls
                0x10000cb4       0x28 CMakeFiles/pio_matrix.dir/C_/Users/Rodrigo/.pico-sdk/sdk/2.1.0/src/rp2_common/hardware_gpio/gpio.c.obj
                0x10000cb4                gpio_set_pulls
 .text.gpio_set_irq_enabled_with_callback
                0x10000cdc       0xd0 CMakeFiles/pio_matrix.dir/C_/Users/Rodrigo/.pico-sdk/sdk/2.1.0/src/rp2_common/hardware_gpio/gpio.c.obj
                0x10000cdc                gpio_set_irq_enabled_with_callback
 .text.gpio_init
                0x10000dac       0x40 CMakeFiles/pio_matrix.dir/C_/Users/Rodrigo/.pico-sdk/sdk/2.1.0/src/rp2_common/hardware_gpio/gpio.c.obj
                0x10000dac                gpio_init
 .text.rp2040_chip_version
                0x10000dec        0xc CMakeFiles/pio_matrix.dir/C_/Users/Rodrigo/.pico-sdk/sdk/2.1.0/src/rp2040/pico_platform/platform.c.obj
                0x10000dec                rp2040_chip_version
 .text.panic    0x10000df8       0x30 CMakeFiles/pio_matrix.dir/C_/Users/Rodrigo/.pico-sdk/sdk/2.1.0/src/rp2_common/pico_platform_panic/panic.c.obj
                0x10000df8                panic
 .text.hw_claim_lock
                0x10000e28       0x18 CMakeFiles/pio_matrix.dir/C_/Users/Rodrigo/.pico-sdk/sdk/2.1.0/src/common/hardware_claim/claim.c.obj
                0x10000e28                hw_claim_lock
 .text.hw_claim_unlock
                0x10000e40       0x14 CMakeFiles/pio_matrix.dir/C_/Users/Rodrigo/.pico-sdk/sdk/2.1.0/src/common/hardware_claim/claim.c.obj
                0x10000e40                hw_claim_unlock
 .text.hw_claim_or_assert
                0x10000e54       0x44 CMakeFiles/pio_matrix.dir/C_/Users/Rodrigo/.pico-sdk/sdk/2.1.0/src/common/hardware_claim/claim.c.obj
                0x10000e54                hw_claim_or_assert
 .text.hw_claim_unused_from_range
                0x10000e98       0x9c CMakeFiles/pio_matrix.dir/C_/Users/Rodrigo/.pico-sdk/sdk/2.1.0/src/common/hardware_claim/claim.c.obj
                0x10000e98                hw_claim_unused_from_range
 .text.next_striped_spin_lock_num
                0x10000f34       0x18 CMakeFiles/pio_matrix.dir/C_/Users/Rodrigo/.pico-sdk/sdk/2.1.0/src/rp2_common/hardware_sync/sync.c.obj
                0x10000f34                next_striped_spin_lock_num
 .text.spin_lock_claim_unused
                0x10000f4c       0x24 CMakeFiles/pio_matrix.dir/C_/Users/Rodrigo/.pico-sdk/sdk/2.1.0/src/rp2_common/hardware_sync/sync.c.obj
                0x10000f4c                spin_lock_claim_unused
 .text.spin_locks_reset
                0x10000f70       0x1c CMakeFiles/pio_matrix.dir/C_/Users/Rodrigo/.pico-sdk/sdk/2.1.0/src/rp2_common/hardware_sync_spin_lock/sync_spin_lock.c.obj
                0x10000f70                spin_locks_reset
 .text.runtime_init_per_core_irq_priorities
                0x10000f8c       0x24 CMakeFiles/pio_matrix.dir/C_/Users/Rodrigo/.pico-sdk/sdk/2.1.0/src/rp2_common/hardware_irq/irq.c.obj
                0x10000f8c                runtime_init_per_core_irq_priorities
 .text.irq_set_enabled
                0x10000fb0       0x24 CMakeFiles/pio_matrix.dir/C_/Users/Rodrigo/.pico-sdk/sdk/2.1.0/src/rp2_common/hardware_irq/irq.c.obj
                0x10000fb0                irq_set_enabled
 .text.irq_is_enabled
                0x10000fd4       0x18 CMakeFiles/pio_matrix.dir/C_/Users/Rodrigo/.pico-sdk/sdk/2.1.0/src/rp2_common/hardware_irq/irq.c.obj
                0x10000fd4                irq_is_enabled
 .text.irq_set_pending
                0x10000fec       0x10 CMakeFiles/pio_matrix.dir/C_/Users/Rodrigo/.pico-sdk/sdk/2.1.0/src/rp2_common/hardware_irq/irq.c.obj
                0x10000fec                irq_set_pending
 .text.irq_has_shared_handler
                0x10000ffc       0x2c CMakeFiles/pio_matrix.dir/C_/Users/Rodrigo/.pico-sdk/sdk/2.1.0/src/rp2_common/hardware_irq/irq.c.obj
                0x10000ffc                irq_has_shared_handler
 .text.irq_set_exclusive_handler
                0x10001028       0x54 CMakeFiles/pio_matrix.dir/C_/Users/Rodrigo/.pico-sdk/sdk/2.1.0/src/rp2_common/hardware_irq/irq.c.obj
                0x10001028                irq_set_exclusive_handler
 .text.irq_add_shared_handler
                0x1000107c      0x1f4 CMakeFiles/pio_matrix.dir/C_/Users/Rodrigo/.pico-sdk/sdk/2.1.0/src/rp2_common/hardware_irq/irq.c.obj
                0x1000107c                irq_add_shared_handler
 .text.irq_remove_handler
                0x10001270      0x1d4 CMakeFiles/pio_matrix.dir/C_/Users/Rodrigo/.pico-sdk/sdk/2.1.0/src/rp2_common/hardware_irq/irq.c.obj
                0x10001270                irq_remove_handler
 .text.irq_add_tail_to_free_list
                0x10001444       0xb4 CMakeFiles/pio_matrix.dir/C_/Users/Rodrigo/.pico-sdk/sdk/2.1.0/src/rp2_common/hardware_irq/irq.c.obj
                0x10001444                irq_add_tail_to_free_list
 .text.user_irq_claim_unused
                0x100014f8       0x2c CMakeFiles/pio_matrix.dir/C_/Users/Rodrigo/.pico-sdk/sdk/2.1.0/src/rp2_common/hardware_irq/irq.c.obj
                0x100014f8                user_irq_claim_unused
 .text.lock_init
                0x10001524       0x10 CMakeFiles/pio_matrix.dir/C_/Users/Rodrigo/.pico-sdk/sdk/2.1.0/src/common/pico_sync/lock_core.c.obj
                0x10001524                lock_init
 .text.runtime_init_mutex
                0x10001534       0x50 CMakeFiles/pio_matrix.dir/C_/Users/Rodrigo/.pico-sdk/sdk/2.1.0/src/common/pico_sync/mutex.c.obj
                0x10001534                runtime_init_mutex
 .text.mutex_init
                0x10001584       0x1c CMakeFiles/pio_matrix.dir/C_/Users/Rodrigo/.pico-sdk/sdk/2.1.0/src/common/pico_sync/mutex.c.obj
                0x10001584                mutex_init
 .text.critical_section_init
                0x100015a0       0x1c CMakeFiles/pio_matrix.dir/C_/Users/Rodrigo/.pico-sdk/sdk/2.1.0/src/common/pico_sync/critical_section.c.obj
                0x100015a0                critical_section_init
 .text.critical_section_init_with_lock_num
                0x100015bc       0x14 CMakeFiles/pio_matrix.dir/C_/Users/Rodrigo/.pico-sdk/sdk/2.1.0/src/common/pico_sync/critical_section.c.obj
                0x100015bc                critical_section_init_with_lock_num
 .text.sleep_until_callback
                0x100015d0       0x30 CMakeFiles/pio_matrix.dir/C_/Users/Rodrigo/.pico-sdk/sdk/2.1.0/src/common/pico_time/time.c.obj
 .text.alarm_pool_irq_handler
                0x10001600      0x2fc CMakeFiles/pio_matrix.dir/C_/Users/Rodrigo/.pico-sdk/sdk/2.1.0/src/common/pico_time/time.c.obj
 .text.runtime_init_default_alarm_pool
                0x100018fc       0xdc CMakeFiles/pio_matrix.dir/C_/Users/Rodrigo/.pico-sdk/sdk/2.1.0/src/common/pico_time/time.c.obj
                0x100018fc                runtime_init_default_alarm_pool
 .text.alarm_pool_get_default
                0x100019d8        0x8 CMakeFiles/pio_matrix.dir/C_/Users/Rodrigo/.pico-sdk/sdk/2.1.0/src/common/pico_time/time.c.obj
                0x100019d8                alarm_pool_get_default
 .text.alarm_pool_add_alarm_at
                0x100019e0       0xd4 CMakeFiles/pio_matrix.dir/C_/Users/Rodrigo/.pico-sdk/sdk/2.1.0/src/common/pico_time/time.c.obj
                0x100019e0                alarm_pool_add_alarm_at
 .text.alarm_pool_add_alarm_at_force_in_context
                0x10001ab4       0xb0 CMakeFiles/pio_matrix.dir/C_/Users/Rodrigo/.pico-sdk/sdk/2.1.0/src/common/pico_time/time.c.obj
                0x10001ab4                alarm_pool_add_alarm_at_force_in_context
 .text.alarm_pool_cancel_alarm
                0x10001b64       0x74 CMakeFiles/pio_matrix.dir/C_/Users/Rodrigo/.pico-sdk/sdk/2.1.0/src/common/pico_time/time.c.obj
                0x10001b64                alarm_pool_cancel_alarm
 .text.alarm_pool_core_num
                0x10001bd8        0x4 CMakeFiles/pio_matrix.dir/C_/Users/Rodrigo/.pico-sdk/sdk/2.1.0/src/common/pico_time/time.c.obj
                0x10001bd8                alarm_pool_core_num
 .text.sleep_until
                0x10001bdc       0xd8 CMakeFiles/pio_matrix.dir/C_/Users/Rodrigo/.pico-sdk/sdk/2.1.0/src/common/pico_time/time.c.obj
                0x10001bdc                sleep_until
 .text.sleep_ms
                0x10001cb4       0x38 CMakeFiles/pio_matrix.dir/C_/Users/Rodrigo/.pico-sdk/sdk/2.1.0/src/common/pico_time/time.c.obj
                0x10001cb4                sleep_ms
 .text.best_effort_wfe_or_timeout
                0x10001cec       0xe0 CMakeFiles/pio_matrix.dir/C_/Users/Rodrigo/.pico-sdk/sdk/2.1.0/src/common/pico_time/time.c.obj
                0x10001cec                best_effort_wfe_or_timeout
 .text.timer_hardware_alarm_claim
                0x10001dcc       0x14 CMakeFiles/pio_matrix.dir/C_/Users/Rodrigo/.pico-sdk/sdk/2.1.0/src/rp2_common/hardware_timer/timer.c.obj
                0x10001dcc                timer_hardware_alarm_claim
 .text.timer_time_us_64
                0x10001de0       0x10 CMakeFiles/pio_matrix.dir/C_/Users/Rodrigo/.pico-sdk/sdk/2.1.0/src/rp2_common/hardware_timer/timer.c.obj
                0x10001de0                timer_time_us_64
 .text.time_us_64
                0x10001df0       0x14 CMakeFiles/pio_matrix.dir/C_/Users/Rodrigo/.pico-sdk/sdk/2.1.0/src/rp2_common/hardware_timer/timer.c.obj
                0x10001df0                time_us_64
 .text.busy_wait_us
                0x10001e04       0x68 CMakeFiles/pio_matrix.dir/C_/Users/Rodrigo/.pico-sdk/sdk/2.1.0/src/rp2_common/hardware_timer/timer.c.obj
                0x10001e04                busy_wait_us
 .text.busy_wait_until
                0x10001e6c       0x20 CMakeFiles/pio_matrix.dir/C_/Users/Rodrigo/.pico-sdk/sdk/2.1.0/src/rp2_common/hardware_timer/timer.c.obj
                0x10001e6c                busy_wait_until
 .text.clock_configure_int_divider
                0x10001e8c       0xf4 CMakeFiles/pio_matrix.dir/C_/Users/Rodrigo/.pico-sdk/sdk/2.1.0/src/rp2_common/hardware_clocks/clocks.c.obj
                0x10001e8c                clock_configure_int_divider
 .text.clock_configure_undivided
                0x10001f80       0xe8 CMakeFiles/pio_matrix.dir/C_/Users/Rodrigo/.pico-sdk/sdk/2.1.0/src/rp2_common/hardware_clocks/clocks.c.obj
                0x10001f80                clock_configure_undivided
 .text.clock_get_hz
                0x10002068        0xc CMakeFiles/pio_matrix.dir/C_/Users/Rodrigo/.pico-sdk/sdk/2.1.0/src/rp2_common/hardware_clocks/clocks.c.obj
                0x10002068                clock_get_hz
 .text.pll_init
                0x10002074       0xa4 CMakeFiles/pio_matrix.dir/C_/Users/Rodrigo/.pico-sdk/sdk/2.1.0/src/rp2_common/hardware_pll/pll.c.obj
                0x10002074                pll_init
 .text.watchdog_reboot
                0x10002118       0x9c CMakeFiles/pio_matrix.dir/C_/Users/Rodrigo/.pico-sdk/sdk/2.1.0/src/rp2_common/hardware_watchdog/watchdog.c.obj
                0x10002118                watchdog_reboot
 .text.tick_start
                0x100021b4       0x10 CMakeFiles/pio_matrix.dir/C_/Users/Rodrigo/.pico-sdk/sdk/2.1.0/src/rp2_common/hardware_ticks/ticks.c.obj
                0x100021b4                tick_start
 .text.rom_func_lookup
                0x100021c4       0x10 CMakeFiles/pio_matrix.dir/C_/Users/Rodrigo/.pico-sdk/sdk/2.1.0/src/rp2_common/pico_bootrom/bootrom.c.obj
                0x100021c4                rom_func_lookup
 .text.rom_data_lookup
                0x100021d4       0x10 CMakeFiles/pio_matrix.dir/C_/Users/Rodrigo/.pico-sdk/sdk/2.1.0/src/rp2_common/pico_bootrom/bootrom.c.obj
                0x100021d4                rom_data_lookup
 .text.rom_funcs_lookup
                0x100021e4       0x44 CMakeFiles/pio_matrix.dir/C_/Users/Rodrigo/.pico-sdk/sdk/2.1.0/src/rp2_common/pico_bootrom/bootrom.c.obj
                0x100021e4                rom_funcs_lookup
 .text.rom_reset_usb_boot
                0x10002228       0x20 CMakeFiles/pio_matrix.dir/C_/Users/Rodrigo/.pico-sdk/sdk/2.1.0/src/rp2_common/pico_bootrom/bootrom.c.obj
                0x10002228                rom_reset_usb_boot
 .text.rom_reset_usb_boot_extra
                0x10002248       0x28 CMakeFiles/pio_matrix.dir/C_/Users/Rodrigo/.pico-sdk/sdk/2.1.0/src/rp2_common/pico_bootrom/bootrom.c.obj
                0x10002248                rom_reset_usb_boot_extra
 .text.xosc_init
                0x10002270       0x28 CMakeFiles/pio_matrix.dir/C_/Users/Rodrigo/.pico-sdk/sdk/2.1.0/src/rp2_common/hardware_xosc/xosc.c.obj
                0x10002270                xosc_init
 .text.first_per_core_initializer
                0x10002298        0x4 CMakeFiles/pio_matrix.dir/C_/Users/Rodrigo/.pico-sdk/sdk/2.1.0/src/rp2_common/pico_runtime/runtime.c.obj
 .text.hard_assertion_failure
                0x1000229c        0xc CMakeFiles/pio_matrix.dir/C_/Users/Rodrigo/.pico-sdk/sdk/2.1.0/src/rp2_common/pico_runtime/runtime.c.obj
                0x1000229c                hard_assertion_failure
 .text.runtime_run_initializers
                0x100022a8       0x28 CMakeFiles/pio_matrix.dir/C_/Users/Rodrigo/.pico-sdk/sdk/2.1.0/src/rp2_common/pico_runtime/runtime.c.obj
                0x100022a8                runtime_run_initializers
 .text.runtime_init_early_resets
                0x100022d0       0x2c CMakeFiles/pio_matrix.dir/C_/Users/Rodrigo/.pico-sdk/sdk/2.1.0/src/rp2_common/pico_runtime_init/runtime_init.c.obj
                0x100022d0                runtime_init_early_resets
 .text.runtime_init_usb_power_down
                0x100022fc       0x1c CMakeFiles/pio_matrix.dir/C_/Users/Rodrigo/.pico-sdk/sdk/2.1.0/src/rp2_common/pico_runtime_init/runtime_init.c.obj
                0x100022fc                runtime_init_usb_power_down
 .text.runtime_init_post_clock_resets
                0x10002318       0x20 CMakeFiles/pio_matrix.dir/C_/Users/Rodrigo/.pico-sdk/sdk/2.1.0/src/rp2_common/pico_runtime_init/runtime_init.c.obj
                0x10002318                runtime_init_post_clock_resets
 .text.runtime_init_rp2040_gpio_ie_disable
                0x10002338       0x14 CMakeFiles/pio_matrix.dir/C_/Users/Rodrigo/.pico-sdk/sdk/2.1.0/src/rp2_common/pico_runtime_init/runtime_init.c.obj
                0x10002338                runtime_init_rp2040_gpio_ie_disable
 .text.runtime_init_spin_locks_reset
                0x1000234c        0x8 CMakeFiles/pio_matrix.dir/C_/Users/Rodrigo/.pico-sdk/sdk/2.1.0/src/rp2_common/pico_runtime_init/runtime_init.c.obj
                0x1000234c                runtime_init_spin_locks_reset
 .text.runtime_init_install_ram_vector_table
                0x10002354       0x1c CMakeFiles/pio_matrix.dir/C_/Users/Rodrigo/.pico-sdk/sdk/2.1.0/src/rp2_common/pico_runtime_init/runtime_init.c.obj
                0x10002354                runtime_init_install_ram_vector_table
 .text.runtime_init_clocks
                0x10002370       0xd8 CMakeFiles/pio_matrix.dir/C_/Users/Rodrigo/.pico-sdk/sdk/2.1.0/src/rp2_common/pico_runtime_init/runtime_init_clocks.c.obj
                0x10002370                runtime_init_clocks
 .text          0x10002448       0x10 CMakeFiles/pio_matrix.dir/C_/Users/Rodrigo/.pico-sdk/sdk/2.1.0/src/rp2_common/pico_bit_ops/bit_ops_aeabi.S.obj
 .text.__wrap___aeabi_idiv
                0x10002458       0x50 CMakeFiles/pio_matrix.dir/C_/Users/Rodrigo/.pico-sdk/sdk/2.1.0/src/rp2_common/pico_divider/divider_hardware.S.obj
                0x10002458                __wrap___aeabi_idivmod
                0x10002458                divmod_s32s32
                0x10002458                div_s32s32
                0x10002458                __wrap___aeabi_idiv
                0x10002460                divmod_s32s32_unsafe
                0x1000248c                divmod_s32s32_savestate
 .text.__wrap___aeabi_uidiv
                0x100024a8       0x4c CMakeFiles/pio_matrix.dir/C_/Users/Rodrigo/.pico-sdk/sdk/2.1.0/src/rp2_common/pico_divider/divider_hardware.S.obj
                0x100024a8                __wrap___aeabi_uidiv
                0x100024a8                __wrap___aeabi_uidivmod
                0x100024a8                div_u32u32
                0x100024a8                divmod_u32u32
                0x100024b0                divmod_u32u32_unsafe
                0x100024d8                divmod_u32u32_savestate
 .text.__wrap___aeabi_ldiv
                0x100024f4      0x424 CMakeFiles/pio_matrix.dir/C_/Users/Rodrigo/.pico-sdk/sdk/2.1.0/src/rp2_common/pico_divider/divider_hardware.S.obj
                0x100024f4                div_s64s64
                0x100024f4                divmod_s64s64
                0x100024f4                __wrap___aeabi_ldivmod
                0x10002524                divmod_u64u64
                0x10002524                div_u64u64
                0x10002524                __wrap___aeabi_uldivmod
                0x10002534                divmod_u64u64_savestate
                0x10002554                divmod_s64s64_unsafe
                0x100025dc                divmod_u64u64_unsafe
 .text.__wrap___aeabi_darithmetic
                0x10002918       0x60 CMakeFiles/pio_matrix.dir/C_/Users/Rodrigo/.pico-sdk/sdk/2.1.0/src/rp2_common/pico_double/double_aeabi_rp2040.S.obj
                0x10002918                __wrap___aeabi_drsub
                0x1000291e                __wrap___aeabi_dsub
                0x10002928                __wrap___aeabi_dadd
                0x10002932                __wrap___aeabi_ddiv
                0x10002966                __wrap___aeabi_dmul
 .text.__wrap___aeabi_cdcmple
                0x10002978       0x6c CMakeFiles/pio_matrix.dir/C_/Users/Rodrigo/.pico-sdk/sdk/2.1.0/src/rp2_common/pico_double/double_aeabi_rp2040.S.obj
                0x10002978                __wrap___aeabi_cdrcmple
                0x10002988                __wrap___aeabi_cdcmpeq
                0x10002988                __wrap___aeabi_cdcmple
 .text.__wrap___aeabi_dcmplt
                0x100029e4        0xc CMakeFiles/pio_matrix.dir/C_/Users/Rodrigo/.pico-sdk/sdk/2.1.0/src/rp2_common/pico_double/double_aeabi_rp2040.S.obj
                0x100029e4                __wrap___aeabi_dcmplt
 .text.__wrap___aeabi_dcmpge
                0x100029f0       0x10 CMakeFiles/pio_matrix.dir/C_/Users/Rodrigo/.pico-sdk/sdk/2.1.0/src/rp2_common/pico_double/double_aeabi_rp2040.S.obj
                0x100029f0                __wrap___aeabi_dcmpge
 .text.__wrap___aeabi_dcmpgt
                0x10002a00        0xa CMakeFiles/pio_matrix.dir/C_/Users/Rodrigo/.pico-sdk/sdk/2.1.0/src/rp2_common/pico_double/double_aeabi_rp2040.S.obj
                0x10002a00                __wrap___aeabi_dcmpgt
 .text.__wrap___aeabi_dcmpun
                0x10002a0a       0x18 CMakeFiles/pio_matrix.dir/C_/Users/Rodrigo/.pico-sdk/sdk/2.1.0/src/rp2_common/pico_double/double_aeabi_rp2040.S.obj
                0x10002a0a                __wrap___aeabi_dcmpun
 *fill*         0x10002a22        0x2 
 .text.__wrap___aeabi_i2d
                0x10002a24       0x38 CMakeFiles/pio_matrix.dir/C_/Users/Rodrigo/.pico-sdk/sdk/2.1.0/src/rp2_common/pico_double/double_aeabi_rp2040.S.obj
                0x10002a24                __wrap___aeabi_ui2d
                0x10002a2c                __wrap___aeabi_i2d
 .text.__wrap___aeabi_d2iz
                0x10002a5c       0x48 CMakeFiles/pio_matrix.dir/C_/Users/Rodrigo/.pico-sdk/sdk/2.1.0/src/rp2_common/pico_double/double_aeabi_rp2040.S.obj
                0x10002a5c                double2int_z
                0x10002a5c                __wrap___aeabi_d2iz
 .text.__wrap___aeabi_d2uiz
                0x10002aa4       0x10 CMakeFiles/pio_matrix.dir/C_/Users/Rodrigo/.pico-sdk/sdk/2.1.0/src/rp2_common/pico_double/double_aeabi_rp2040.S.obj
                0x10002aa4                __wrap___aeabi_d2uiz
                0x10002aa4                double2uint
 .text.__wrap___aeabi_d2f
                0x10002ab4       0x10 CMakeFiles/pio_matrix.dir/C_/Users/Rodrigo/.pico-sdk/sdk/2.1.0/src/rp2_common/pico_double/double_aeabi_rp2040.S.obj
                0x10002ab4                __wrap___aeabi_d2f
 .text.missing_double_func_shim
                0x10002ac4        0xc CMakeFiles/pio_matrix.dir/C_/Users/Rodrigo/.pico-sdk/sdk/2.1.0/src/rp2_common/pico_double/double_init_rom_rp2040.c.obj
 .text.__aeabi_double_init
                0x10002ad0       0xa0 CMakeFiles/pio_matrix.dir/C_/Users/Rodrigo/.pico-sdk/sdk/2.1.0/src/rp2_common/pico_double/double_init_rom_rp2040.c.obj
                0x10002ad0                __aeabi_double_init
 .text.double_table_shim_on_use_helper
                0x10002b70       0x2c CMakeFiles/pio_matrix.dir/C_/Users/Rodrigo/.pico-sdk/sdk/2.1.0/src/rp2_common/pico_double/double_v1_rom_shim_rp2040.S.obj
                0x10002b70                double_table_shim_on_use_helper
 .text.__aeabi_lmul
                0x10002b9c       0x32 CMakeFiles/pio_matrix.dir/C_/Users/Rodrigo/.pico-sdk/sdk/2.1.0/src/rp2_common/pico_int64_ops/pico_int64_ops_aeabi.S.obj
                0x10002b9c                __wrap___aeabi_lmul
 *fill*         0x10002bce        0x2 
 .text.__wrap___aeabi_farithmetic
                0x10002bd0       0x48 CMakeFiles/pio_matrix.dir/C_/Users/Rodrigo/.pico-sdk/sdk/2.1.0/src/rp2_common/pico_float/float_aeabi_rp2040.S.obj
                0x10002bd0                __wrap___aeabi_frsub
                0x10002bd6                __wrap___aeabi_fsub
                0x10002bdc                __wrap___aeabi_fadd
                0x10002be2                __wrap___aeabi_fdiv
                0x10002c0a                __wrap___aeabi_fmul
 .text.__wrap___aeabi_ui2f
                0x10002c18        0xa CMakeFiles/pio_matrix.dir/C_/Users/Rodrigo/.pico-sdk/sdk/2.1.0/src/rp2_common/pico_float/float_aeabi_rp2040.S.obj
                0x10002c18                __wrap___aeabi_ui2f
                0x10002c18                uint2float
 *fill*         0x10002c22        0x2 
 .text.__wrap___aeabi_i2f
                0x10002c24       0x44 CMakeFiles/pio_matrix.dir/C_/Users/Rodrigo/.pico-sdk/sdk/2.1.0/src/rp2_common/pico_float/float_aeabi_rp2040.S.obj
                0x10002c24                __wrap___aeabi_i2f
                0x10002c24                int2float
 .text.__wrap___aeabi_f2uiz
                0x10002c68        0xc CMakeFiles/pio_matrix.dir/C_/Users/Rodrigo/.pico-sdk/sdk/2.1.0/src/rp2_common/pico_float/float_aeabi_rp2040.S.obj
                0x10002c68                __wrap___aeabi_f2uiz
                0x10002c68                float2uint_z
 .text.missing_float_func_shim
                0x10002c74        0xc CMakeFiles/pio_matrix.dir/C_/Users/Rodrigo/.pico-sdk/sdk/2.1.0/src/rp2_common/pico_float/float_init_rom_rp2040.c.obj
 .text.__aeabi_float_init
                0x10002c80       0x5c CMakeFiles/pio_matrix.dir/C_/Users/Rodrigo/.pico-sdk/sdk/2.1.0/src/rp2_common/pico_float/float_init_rom_rp2040.c.obj
                0x10002c80                __aeabi_float_init
 .text          0x10002cdc       0x10 CMakeFiles/pio_matrix.dir/C_/Users/Rodrigo/.pico-sdk/sdk/2.1.0/src/rp2_common/pico_mem_ops/mem_ops_aeabi.S.obj
                0x10002cdc                __aeabi_mem_init
 .text.memset   0x10002cec        0xc CMakeFiles/pio_matrix.dir/C_/Users/Rodrigo/.pico-sdk/sdk/2.1.0/src/rp2_common/pico_mem_ops/mem_ops_aeabi.S.obj
                0x10002cec                __wrap_memset
 .text.memcpy   0x10002cf8        0xc CMakeFiles/pio_matrix.dir/C_/Users/Rodrigo/.pico-sdk/sdk/2.1.0/src/rp2_common/pico_mem_ops/mem_ops_aeabi.S.obj
                0x10002cf8                __wrap_memcpy
                0x10002cf8                __wrap___aeabi_memcpy
 .text._out_null
                0x10002d04        0x4 CMakeFiles/pio_matrix.dir/C_/Users/Rodrigo/.pico-sdk/sdk/2.1.0/src/rp2_common/pico_printf/printf.c.obj
 .text._out_rev
                0x10002d08       0xac CMakeFiles/pio_matrix.dir/C_/Users/Rodrigo/.pico-sdk/sdk/2.1.0/src/rp2_common/pico_printf/printf.c.obj
 .text._ntoa_format
                0x10002db4      0x250 CMakeFiles/pio_matrix.dir/C_/Users/Rodrigo/.pico-sdk/sdk/2.1.0/src/rp2_common/pico_printf/printf.c.obj
 .text._out_char
                0x10003004       0x10 CMakeFiles/pio_matrix.dir/C_/Users/Rodrigo/.pico-sdk/sdk/2.1.0/src/rp2_common/pico_printf/printf.c.obj
 .text._out_fct
                0x10003014       0x10 CMakeFiles/pio_matrix.dir/C_/Users/Rodrigo/.pico-sdk/sdk/2.1.0/src/rp2_common/pico_printf/printf.c.obj
 .text._etoa    0x10003024      0x464 CMakeFiles/pio_matrix.dir/C_/Users/Rodrigo/.pico-sdk/sdk/2.1.0/src/rp2_common/pico_printf/printf.c.obj
 .text._ftoa    0x10003488      0x3c0 CMakeFiles/pio_matrix.dir/C_/Users/Rodrigo/.pico-sdk/sdk/2.1.0/src/rp2_common/pico_printf/printf.c.obj
 .text._vsnprintf
                0x10003848      0xbc8 CMakeFiles/pio_matrix.dir/C_/Users/Rodrigo/.pico-sdk/sdk/2.1.0/src/rp2_common/pico_printf/printf.c.obj
 .text.vfctprintf
                0x10004410       0x20 CMakeFiles/pio_matrix.dir/C_/Users/Rodrigo/.pico-sdk/sdk/2.1.0/src/rp2_common/pico_printf/printf.c.obj
                0x10004410                vfctprintf
 .text.weak_raw_vprintf
                0x10004430       0x30 CMakeFiles/pio_matrix.dir/C_/Users/Rodrigo/.pico-sdk/sdk/2.1.0/src/rp2_common/pico_printf/printf.c.obj
                0x10004430                weak_raw_vprintf
 .text._exit    0x10004460        0x4 CMakeFiles/pio_matrix.dir/C_/Users/Rodrigo/.pico-sdk/sdk/2.1.0/src/rp2_common/pico_clib_interface/newlib_interface.c.obj
                0x10004460                _exit
 .text.exit     0x10004464        0x8 CMakeFiles/pio_matrix.dir/C_/Users/Rodrigo/.pico-sdk/sdk/2.1.0/src/rp2_common/pico_clib_interface/newlib_interface.c.obj
                0x10004464                exit
 .text.runtime_init
                0x1000446c       0x2c CMakeFiles/pio_matrix.dir/C_/Users/Rodrigo/.pico-sdk/sdk/2.1.0/src/rp2_common/pico_clib_interface/newlib_interface.c.obj
                0x1000446c                runtime_init
 .text.stdio_out_chars_no_crlf
                0x10004498       0x10 CMakeFiles/pio_matrix.dir/C_/Users/Rodrigo/.pico-sdk/sdk/2.1.0/src/rp2_common/pico_stdio/stdio.c.obj
 .text.stdio_out_chars_crlf
                0x100044a8       0x94 CMakeFiles/pio_matrix.dir/C_/Users/Rodrigo/.pico-sdk/sdk/2.1.0/src/rp2_common/pico_stdio/stdio.c.obj
 .text.stdio_buffered_printer
                0x1000453c       0x64 CMakeFiles/pio_matrix.dir/C_/Users/Rodrigo/.pico-sdk/sdk/2.1.0/src/rp2_common/pico_stdio/stdio.c.obj
 .text.stdio_put_string
                0x100045a0      0x100 CMakeFiles/pio_matrix.dir/C_/Users/Rodrigo/.pico-sdk/sdk/2.1.0/src/rp2_common/pico_stdio/stdio.c.obj
                0x100045a0                stdio_put_string
 .text.stdio_set_driver_enabled
                0x100046a0       0x30 CMakeFiles/pio_matrix.dir/C_/Users/Rodrigo/.pico-sdk/sdk/2.1.0/src/rp2_common/pico_stdio/stdio.c.obj
                0x100046a0                stdio_set_driver_enabled
 .text.stdio_init_all
                0x100046d0        0x8 CMakeFiles/pio_matrix.dir/C_/Users/Rodrigo/.pico-sdk/sdk/2.1.0/src/rp2_common/pico_stdio/stdio.c.obj
                0x100046d0                stdio_init_all
 .text.__wrap_putchar
                0x100046d8       0x98 CMakeFiles/pio_matrix.dir/C_/Users/Rodrigo/.pico-sdk/sdk/2.1.0/src/rp2_common/pico_stdio/stdio.c.obj
                0x100046d8                __wrap_putchar
                0x100046d8                stdio_putchar
 .text.__wrap_puts
                0x10004770       0x3c CMakeFiles/pio_matrix.dir/C_/Users/Rodrigo/.pico-sdk/sdk/2.1.0/src/rp2_common/pico_stdio/stdio.c.obj
                0x10004770                stdio_puts
                0x10004770                __wrap_puts
 .text.__wrap_vprintf
                0x100047ac       0xd4 CMakeFiles/pio_matrix.dir/C_/Users/Rodrigo/.pico-sdk/sdk/2.1.0/src/rp2_common/pico_stdio/stdio.c.obj
                0x100047ac                stdio_vprintf
                0x100047ac                __wrap_vprintf
 .text.__wrap_printf
                0x10004880       0x18 CMakeFiles/pio_matrix.dir/C_/Users/Rodrigo/.pico-sdk/sdk/2.1.0/src/rp2_common/pico_stdio/stdio.c.obj
                0x10004880                __wrap_printf
                0x10004880                stdio_printf
 .text.resetd_init
                0x10004898        0x4 CMakeFiles/pio_matrix.dir/C_/Users/Rodrigo/.pico-sdk/sdk/2.1.0/src/rp2_common/pico_stdio_usb/reset_interface.c.obj
 .text.resetd_reset
                0x1000489c        0xc CMakeFiles/pio_matrix.dir/C_/Users/Rodrigo/.pico-sdk/sdk/2.1.0/src/rp2_common/pico_stdio_usb/reset_interface.c.obj
 .text.resetd_open
                0x100048a8       0x28 CMakeFiles/pio_matrix.dir/C_/Users/Rodrigo/.pico-sdk/sdk/2.1.0/src/rp2_common/pico_stdio_usb/reset_interface.c.obj
 .text.resetd_xfer_cb
                0x100048d0        0x4 CMakeFiles/pio_matrix.dir/C_/Users/Rodrigo/.pico-sdk/sdk/2.1.0/src/rp2_common/pico_stdio_usb/reset_interface.c.obj
 .text.resetd_control_xfer_cb
                0x100048d4       0x5c CMakeFiles/pio_matrix.dir/C_/Users/Rodrigo/.pico-sdk/sdk/2.1.0/src/rp2_common/pico_stdio_usb/reset_interface.c.obj
 .text.tud_descriptor_bos_cb
                0x10004930        0x8 CMakeFiles/pio_matrix.dir/C_/Users/Rodrigo/.pico-sdk/sdk/2.1.0/src/rp2_common/pico_stdio_usb/reset_interface.c.obj
                0x10004930                tud_descriptor_bos_cb
 .text.tud_vendor_control_xfer_cb
                0x10004938       0x34 CMakeFiles/pio_matrix.dir/C_/Users/Rodrigo/.pico-sdk/sdk/2.1.0/src/rp2_common/pico_stdio_usb/reset_interface.c.obj
                0x10004938                tud_vendor_control_xfer_cb
 .text.usbd_app_driver_get_cb
                0x1000496c        0xc CMakeFiles/pio_matrix.dir/C_/Users/Rodrigo/.pico-sdk/sdk/2.1.0/src/rp2_common/pico_stdio_usb/reset_interface.c.obj
                0x1000496c                usbd_app_driver_get_cb
 .text.tud_cdc_line_coding_cb
                0x10004978       0x2c CMakeFiles/pio_matrix.dir/C_/Users/Rodrigo/.pico-sdk/sdk/2.1.0/src/rp2_common/pico_stdio_usb/reset_interface.c.obj
                0x10004978                tud_cdc_line_coding_cb
 .text.stdio_usb_set_chars_available_callback
                0x100049a4       0x14 CMakeFiles/pio_matrix.dir/C_/Users/Rodrigo/.pico-sdk/sdk/2.1.0/src/rp2_common/pico_stdio_usb/stdio_usb.c.obj
                0x100049a4                stdio_usb_set_chars_available_callback
 .text.usb_irq  0x100049b8       0x10 CMakeFiles/pio_matrix.dir/C_/Users/Rodrigo/.pico-sdk/sdk/2.1.0/src/rp2_common/pico_stdio_usb/stdio_usb.c.obj
 .text.timer_task
                0x100049c8       0x64 CMakeFiles/pio_matrix.dir/C_/Users/Rodrigo/.pico-sdk/sdk/2.1.0/src/rp2_common/pico_stdio_usb/stdio_usb.c.obj
 .text.stdio_usb_in_chars
                0x10004a2c       0x90 CMakeFiles/pio_matrix.dir/C_/Users/Rodrigo/.pico-sdk/sdk/2.1.0/src/rp2_common/pico_stdio_usb/stdio_usb.c.obj
                0x10004a2c                stdio_usb_in_chars
 .text.stdio_usb_out_flush
                0x10004abc       0x50 CMakeFiles/pio_matrix.dir/C_/Users/Rodrigo/.pico-sdk/sdk/2.1.0/src/rp2_common/pico_stdio_usb/stdio_usb.c.obj
 .text.stdio_usb_out_chars
                0x10004b0c      0x104 CMakeFiles/pio_matrix.dir/C_/Users/Rodrigo/.pico-sdk/sdk/2.1.0/src/rp2_common/pico_stdio_usb/stdio_usb.c.obj
 .text.low_priority_worker_irq
                0x10004c10       0xcc CMakeFiles/pio_matrix.dir/C_/Users/Rodrigo/.pico-sdk/sdk/2.1.0/src/rp2_common/pico_stdio_usb/stdio_usb.c.obj
 .text.stdio_usb_init
                0x10004cdc       0xe8 CMakeFiles/pio_matrix.dir/C_/Users/Rodrigo/.pico-sdk/sdk/2.1.0/src/rp2_common/pico_stdio_usb/stdio_usb.c.obj
                0x10004cdc                stdio_usb_init
 .text.tud_descriptor_device_cb
                0x10004dc4        0x8 CMakeFiles/pio_matrix.dir/C_/Users/Rodrigo/.pico-sdk/sdk/2.1.0/src/rp2_common/pico_stdio_usb/stdio_usb_descriptors.c.obj
                0x10004dc4                tud_descriptor_device_cb
 .text.tud_descriptor_configuration_cb
                0x10004dcc        0x8 CMakeFiles/pio_matrix.dir/C_/Users/Rodrigo/.pico-sdk/sdk/2.1.0/src/rp2_common/pico_stdio_usb/stdio_usb_descriptors.c.obj
                0x10004dcc                tud_descriptor_configuration_cb
 .text.tud_descriptor_string_cb
                0x10004dd4       0x78 CMakeFiles/pio_matrix.dir/C_/Users/Rodrigo/.pico-sdk/sdk/2.1.0/src/rp2_common/pico_stdio_usb/stdio_usb_descriptors.c.obj
                0x10004dd4                tud_descriptor_string_cb
 .text.startup._retrieve_unique_id_on_boot
                0x10004e4c       0x10 CMakeFiles/pio_matrix.dir/C_/Users/Rodrigo/.pico-sdk/sdk/2.1.0/src/rp2_common/pico_unique_id/unique_id.c.obj
 .text.pico_get_unique_board_id_string
                0x10004e5c      0x1a8 CMakeFiles/pio_matrix.dir/C_/Users/Rodrigo/.pico-sdk/sdk/2.1.0/src/rp2_common/pico_unique_id/unique_id.c.obj
                0x10004e5c                pico_get_unique_board_id_string
 .text.flash_get_unique_id
                0x10005004       0x3c CMakeFiles/pio_matrix.dir/C_/Users/Rodrigo/.pico-sdk/sdk/2.1.0/src/rp2_common/hardware_flash/flash.c.obj
                0x10005004                flash_get_unique_id
 .text.dcd_init
                0x10005040       0x8c CMakeFiles/pio_matrix.dir/C_/Users/Rodrigo/.pico-sdk/sdk/2.1.0/lib/tinyusb/src/portable/raspberrypi/rp2040/dcd_rp2040.c.obj
                0x10005040                dcd_init
 .text.dcd_int_enable
                0x100050cc        0xc CMakeFiles/pio_matrix.dir/C_/Users/Rodrigo/.pico-sdk/sdk/2.1.0/lib/tinyusb/src/portable/raspberrypi/rp2040/dcd_rp2040.c.obj
                0x100050cc                dcd_int_enable
 .text.dcd_set_address
                0x100050d8       0x14 CMakeFiles/pio_matrix.dir/C_/Users/Rodrigo/.pico-sdk/sdk/2.1.0/lib/tinyusb/src/portable/raspberrypi/rp2040/dcd_rp2040.c.obj
                0x100050d8                dcd_set_address
 .text.dcd_sof_enable
                0x100050ec       0x1c CMakeFiles/pio_matrix.dir/C_/Users/Rodrigo/.pico-sdk/sdk/2.1.0/lib/tinyusb/src/portable/raspberrypi/rp2040/dcd_rp2040.c.obj
                0x100050ec                dcd_sof_enable
 .text.dcd_edpt0_status_complete
                0x10005108       0x1c CMakeFiles/pio_matrix.dir/C_/Users/Rodrigo/.pico-sdk/sdk/2.1.0/lib/tinyusb/src/portable/raspberrypi/rp2040/dcd_rp2040.c.obj
                0x10005108                dcd_edpt0_status_complete
 .text.dcd_edpt_open
                0x10005124      0x108 CMakeFiles/pio_matrix.dir/C_/Users/Rodrigo/.pico-sdk/sdk/2.1.0/lib/tinyusb/src/portable/raspberrypi/rp2040/dcd_rp2040.c.obj
                0x10005124                dcd_edpt_open
 .text.dcd_edpt_close_all
                0x1000522c        0x8 CMakeFiles/pio_matrix.dir/C_/Users/Rodrigo/.pico-sdk/sdk/2.1.0/lib/tinyusb/src/portable/raspberrypi/rp2040/dcd_rp2040.c.obj
                0x1000522c                dcd_edpt_close_all
 .text.dcd_edpt_xfer
                0x10005234       0x24 CMakeFiles/pio_matrix.dir/C_/Users/Rodrigo/.pico-sdk/sdk/2.1.0/lib/tinyusb/src/portable/raspberrypi/rp2040/dcd_rp2040.c.obj
                0x10005234                dcd_edpt_xfer
 .text.dcd_edpt_stall
                0x10005258       0x34 CMakeFiles/pio_matrix.dir/C_/Users/Rodrigo/.pico-sdk/sdk/2.1.0/lib/tinyusb/src/portable/raspberrypi/rp2040/dcd_rp2040.c.obj
                0x10005258                dcd_edpt_stall
 .text.dcd_edpt_clear_stall
                0x1000528c       0x30 CMakeFiles/pio_matrix.dir/C_/Users/Rodrigo/.pico-sdk/sdk/2.1.0/lib/tinyusb/src/portable/raspberrypi/rp2040/dcd_rp2040.c.obj
                0x1000528c                dcd_edpt_clear_stall
 .text.rp2040_usb_init
                0x100052bc       0x40 CMakeFiles/pio_matrix.dir/C_/Users/Rodrigo/.pico-sdk/sdk/2.1.0/lib/tinyusb/src/portable/raspberrypi/rp2040/rp2040_usb.c.obj
                0x100052bc                rp2040_usb_init
 .text.hw_endpoint_xfer_start
                0x100052fc       0x40 CMakeFiles/pio_matrix.dir/C_/Users/Rodrigo/.pico-sdk/sdk/2.1.0/lib/tinyusb/src/portable/raspberrypi/rp2040/rp2040_usb.c.obj
                0x100052fc                hw_endpoint_xfer_start
 .text.tud_event_hook_cb
                0x1000533c        0x4 CMakeFiles/pio_matrix.dir/C_/Users/Rodrigo/.pico-sdk/sdk/2.1.0/lib/tinyusb/src/device/usbd.c.obj
                0x1000533c                tud_event_hook_cb
 .text.tud_sof_cb
                0x10005340        0x4 CMakeFiles/pio_matrix.dir/C_/Users/Rodrigo/.pico-sdk/sdk/2.1.0/lib/tinyusb/src/device/usbd.c.obj
                0x10005340                tud_sof_cb
 .text.tud_descriptor_device_qualifier_cb
                0x10005344        0x4 CMakeFiles/pio_matrix.dir/C_/Users/Rodrigo/.pico-sdk/sdk/2.1.0/lib/tinyusb/src/device/usbd.c.obj
                0x10005344                tud_descriptor_device_qualifier_cb
 .text.tud_descriptor_other_speed_configuration_cb
                0x10005348        0x4 CMakeFiles/pio_matrix.dir/C_/Users/Rodrigo/.pico-sdk/sdk/2.1.0/lib/tinyusb/src/device/usbd.c.obj
                0x10005348                tud_descriptor_other_speed_configuration_cb
 .text.tud_mount_cb
                0x1000534c        0x4 CMakeFiles/pio_matrix.dir/C_/Users/Rodrigo/.pico-sdk/sdk/2.1.0/lib/tinyusb/src/device/usbd.c.obj
                0x1000534c                tud_mount_cb
 .text.tud_umount_cb
                0x10005350        0x4 CMakeFiles/pio_matrix.dir/C_/Users/Rodrigo/.pico-sdk/sdk/2.1.0/lib/tinyusb/src/device/usbd.c.obj
                0x10005350                tud_umount_cb
 .text.tud_suspend_cb
                0x10005354        0x4 CMakeFiles/pio_matrix.dir/C_/Users/Rodrigo/.pico-sdk/sdk/2.1.0/lib/tinyusb/src/device/usbd.c.obj
                0x10005354                tud_suspend_cb
 .text.tud_resume_cb
                0x10005358        0x4 CMakeFiles/pio_matrix.dir/C_/Users/Rodrigo/.pico-sdk/sdk/2.1.0/lib/tinyusb/src/device/usbd.c.obj
                0x10005358                tud_resume_cb
 .text.tud_mounted
                0x1000535c       0x10 CMakeFiles/pio_matrix.dir/C_/Users/Rodrigo/.pico-sdk/sdk/2.1.0/lib/tinyusb/src/device/usbd.c.obj
                0x1000535c                tud_mounted
 .text.tud_suspended
                0x1000536c       0x10 CMakeFiles/pio_matrix.dir/C_/Users/Rodrigo/.pico-sdk/sdk/2.1.0/lib/tinyusb/src/device/usbd.c.obj
                0x1000536c                tud_suspended
 .text.tud_init
                0x1000537c       0xe4 CMakeFiles/pio_matrix.dir/C_/Users/Rodrigo/.pico-sdk/sdk/2.1.0/lib/tinyusb/src/device/usbd.c.obj
                0x1000537c                tud_init
 .text.tud_task_ext
                0x10005460      0x800 CMakeFiles/pio_matrix.dir/C_/Users/Rodrigo/.pico-sdk/sdk/2.1.0/lib/tinyusb/src/device/usbd.c.obj
                0x10005460                tud_task_ext
 .text.usbd_open_edpt_pair
                0x10005c60       0x9c CMakeFiles/pio_matrix.dir/C_/Users/Rodrigo/.pico-sdk/sdk/2.1.0/lib/tinyusb/src/device/usbd.c.obj
                0x10005c60                usbd_open_edpt_pair
 .text.usbd_edpt_open
                0x10005cfc       0x34 CMakeFiles/pio_matrix.dir/C_/Users/Rodrigo/.pico-sdk/sdk/2.1.0/lib/tinyusb/src/device/usbd.c.obj
                0x10005cfc                usbd_edpt_open
 .text.usbd_edpt_claim
                0x10005d30       0x28 CMakeFiles/pio_matrix.dir/C_/Users/Rodrigo/.pico-sdk/sdk/2.1.0/lib/tinyusb/src/device/usbd.c.obj
                0x10005d30                usbd_edpt_claim
 .text.usbd_edpt_release
                0x10005d58       0x28 CMakeFiles/pio_matrix.dir/C_/Users/Rodrigo/.pico-sdk/sdk/2.1.0/lib/tinyusb/src/device/usbd.c.obj
                0x10005d58                usbd_edpt_release
 .text.usbd_edpt_xfer
                0x10005d80       0x4c CMakeFiles/pio_matrix.dir/C_/Users/Rodrigo/.pico-sdk/sdk/2.1.0/lib/tinyusb/src/device/usbd.c.obj
                0x10005d80                usbd_edpt_xfer
 .text.tud_control_status
                0x10005dcc       0x2c CMakeFiles/pio_matrix.dir/C_/Users/Rodrigo/.pico-sdk/sdk/2.1.0/lib/tinyusb/src/device/usbd_control.c.obj
                0x10005dcc                tud_control_status
 .text.tud_control_xfer
                0x10005df8       0xac CMakeFiles/pio_matrix.dir/C_/Users/Rodrigo/.pico-sdk/sdk/2.1.0/lib/tinyusb/src/device/usbd_control.c.obj
                0x10005df8                tud_control_xfer
 .text.usbd_control_reset
                0x10005ea4       0x14 CMakeFiles/pio_matrix.dir/C_/Users/Rodrigo/.pico-sdk/sdk/2.1.0/lib/tinyusb/src/device/usbd_control.c.obj
                0x10005ea4                usbd_control_reset
 .text.usbd_control_set_complete_callback
                0x10005eb8        0xc CMakeFiles/pio_matrix.dir/C_/Users/Rodrigo/.pico-sdk/sdk/2.1.0/lib/tinyusb/src/device/usbd_control.c.obj
                0x10005eb8                usbd_control_set_complete_callback
 .text.usbd_control_set_request
                0x10005ec4       0x1c CMakeFiles/pio_matrix.dir/C_/Users/Rodrigo/.pico-sdk/sdk/2.1.0/lib/tinyusb/src/device/usbd_control.c.obj
                0x10005ec4                usbd_control_set_request
 .text.usbd_control_xfer_cb
                0x10005ee0       0xec CMakeFiles/pio_matrix.dir/C_/Users/Rodrigo/.pico-sdk/sdk/2.1.0/lib/tinyusb/src/device/usbd_control.c.obj
                0x10005ee0                usbd_control_xfer_cb
 .text._prep_out_transaction.isra.0
                0x10005fcc       0x5c CMakeFiles/pio_matrix.dir/C_/Users/Rodrigo/.pico-sdk/sdk/2.1.0/lib/tinyusb/src/class/cdc/cdc_device.c.obj
 .text.tud_cdc_n_connected
                0x10006028       0x30 CMakeFiles/pio_matrix.dir/C_/Users/Rodrigo/.pico-sdk/sdk/2.1.0/lib/tinyusb/src/class/cdc/cdc_device.c.obj
                0x10006028                tud_cdc_n_connected
 .text.tud_cdc_n_available
                0x10006058       0x18 CMakeFiles/pio_matrix.dir/C_/Users/Rodrigo/.pico-sdk/sdk/2.1.0/lib/tinyusb/src/class/cdc/cdc_device.c.obj
                0x10006058                tud_cdc_n_available
 .text.tud_cdc_n_read
                0x10006070       0x98 CMakeFiles/pio_matrix.dir/C_/Users/Rodrigo/.pico-sdk/sdk/2.1.0/lib/tinyusb/src/class/cdc/cdc_device.c.obj
                0x10006070                tud_cdc_n_read
 .text.tud_cdc_n_write_flush
                0x10006108       0x78 CMakeFiles/pio_matrix.dir/C_/Users/Rodrigo/.pico-sdk/sdk/2.1.0/lib/tinyusb/src/class/cdc/cdc_device.c.obj
                0x10006108                tud_cdc_n_write_flush
 .text.tud_cdc_n_write
                0x10006180       0x40 CMakeFiles/pio_matrix.dir/C_/Users/Rodrigo/.pico-sdk/sdk/2.1.0/lib/tinyusb/src/class/cdc/cdc_device.c.obj
                0x10006180                tud_cdc_n_write
 .text.tud_cdc_n_write_available
                0x100061c0       0x18 CMakeFiles/pio_matrix.dir/C_/Users/Rodrigo/.pico-sdk/sdk/2.1.0/lib/tinyusb/src/class/cdc/cdc_device.c.obj
                0x100061c0                tud_cdc_n_write_available
 .text.cdcd_init
                0x100061d8       0x7c CMakeFiles/pio_matrix.dir/C_/Users/Rodrigo/.pico-sdk/sdk/2.1.0/lib/tinyusb/src/class/cdc/cdc_device.c.obj
                0x100061d8                cdcd_init
 .text.cdcd_deinit
                0x10006254       0x34 CMakeFiles/pio_matrix.dir/C_/Users/Rodrigo/.pico-sdk/sdk/2.1.0/lib/tinyusb/src/class/cdc/cdc_device.c.obj
                0x10006254                cdcd_deinit
 .text.cdcd_reset
                0x10006288       0x4c CMakeFiles/pio_matrix.dir/C_/Users/Rodrigo/.pico-sdk/sdk/2.1.0/lib/tinyusb/src/class/cdc/cdc_device.c.obj
                0x10006288                cdcd_reset
 .text.cdcd_open
                0x100062d4       0xb0 CMakeFiles/pio_matrix.dir/C_/Users/Rodrigo/.pico-sdk/sdk/2.1.0/lib/tinyusb/src/class/cdc/cdc_device.c.obj
                0x100062d4                cdcd_open
 .text.cdcd_control_xfer_cb
                0x10006384       0xe4 CMakeFiles/pio_matrix.dir/C_/Users/Rodrigo/.pico-sdk/sdk/2.1.0/lib/tinyusb/src/class/cdc/cdc_device.c.obj
                0x10006384                cdcd_control_xfer_cb
 .text.cdcd_xfer_cb
                0x10006468      0x100 CMakeFiles/pio_matrix.dir/C_/Users/Rodrigo/.pico-sdk/sdk/2.1.0/lib/tinyusb/src/class/cdc/cdc_device.c.obj
                0x10006468                cdcd_xfer_cb
 .text.vendord_init
                0x10006568       0x5c CMakeFiles/pio_matrix.dir/C_/Users/Rodrigo/.pico-sdk/sdk/2.1.0/lib/tinyusb/src/class/vendor/vendor_device.c.obj
                0x10006568                vendord_init
 .text.vendord_deinit
                0x100065c4       0x1c CMakeFiles/pio_matrix.dir/C_/Users/Rodrigo/.pico-sdk/sdk/2.1.0/lib/tinyusb/src/class/vendor/vendor_device.c.obj
                0x100065c4                vendord_deinit
 .text.vendord_reset
                0x100065e0       0x20 CMakeFiles/pio_matrix.dir/C_/Users/Rodrigo/.pico-sdk/sdk/2.1.0/lib/tinyusb/src/class/vendor/vendor_device.c.obj
                0x100065e0                vendord_reset
 .text.vendord_open
                0x10006600      0x138 CMakeFiles/pio_matrix.dir/C_/Users/Rodrigo/.pico-sdk/sdk/2.1.0/lib/tinyusb/src/class/vendor/vendor_device.c.obj
                0x10006600                vendord_open
 .text.vendord_xfer_cb
                0x10006738       0x9c CMakeFiles/pio_matrix.dir/C_/Users/Rodrigo/.pico-sdk/sdk/2.1.0/lib/tinyusb/src/class/vendor/vendor_device.c.obj
                0x10006738                vendord_xfer_cb
 .text.tusb_init
                0x100067d4        0xc CMakeFiles/pio_matrix.dir/C_/Users/Rodrigo/.pico-sdk/sdk/2.1.0/lib/tinyusb/src/tusb.c.obj
                0x100067d4                tusb_init
 .text.tu_edpt_claim
                0x100067e0       0x50 CMakeFiles/pio_matrix.dir/C_/Users/Rodrigo/.pico-sdk/sdk/2.1.0/lib/tinyusb/src/tusb.c.obj
                0x100067e0                tu_edpt_claim
 .text.tu_edpt_release
                0x10006830       0x38 CMakeFiles/pio_matrix.dir/C_/Users/Rodrigo/.pico-sdk/sdk/2.1.0/lib/tinyusb/src/tusb.c.obj
                0x10006830                tu_edpt_release
 .text.tu_edpt_validate
                0x10006868       0x7c CMakeFiles/pio_matrix.dir/C_/Users/Rodrigo/.pico-sdk/sdk/2.1.0/lib/tinyusb/src/tusb.c.obj
                0x10006868                tu_edpt_validate
 .text.tu_edpt_bind_driver
                0x100068e4       0x34 CMakeFiles/pio_matrix.dir/C_/Users/Rodrigo/.pico-sdk/sdk/2.1.0/lib/tinyusb/src/tusb.c.obj
                0x100068e4                tu_edpt_bind_driver
 .text.tu_edpt_stream_init
                0x10006918       0x6c CMakeFiles/pio_matrix.dir/C_/Users/Rodrigo/.pico-sdk/sdk/2.1.0/lib/tinyusb/src/tusb.c.obj
                0x10006918                tu_edpt_stream_init
 .text.tu_edpt_stream_deinit
                0x10006984        0x4 CMakeFiles/pio_matrix.dir/C_/Users/Rodrigo/.pico-sdk/sdk/2.1.0/lib/tinyusb/src/tusb.c.obj
                0x10006984                tu_edpt_stream_deinit
 .text.tu_edpt_stream_write_zlp_if_needed
                0x10006988       0x68 CMakeFiles/pio_matrix.dir/C_/Users/Rodrigo/.pico-sdk/sdk/2.1.0/lib/tinyusb/src/tusb.c.obj
                0x10006988                tu_edpt_stream_write_zlp_if_needed
 .text.tu_edpt_stream_write_xfer
                0x100069f0       0x64 CMakeFiles/pio_matrix.dir/C_/Users/Rodrigo/.pico-sdk/sdk/2.1.0/lib/tinyusb/src/tusb.c.obj
                0x100069f0                tu_edpt_stream_write_xfer
 .text.tu_edpt_stream_read_xfer
                0x10006a54       0xdc CMakeFiles/pio_matrix.dir/C_/Users/Rodrigo/.pico-sdk/sdk/2.1.0/lib/tinyusb/src/tusb.c.obj
                0x10006a54                tu_edpt_stream_read_xfer
 .text.tu_fifo_config
                0x10006b30       0x6c CMakeFiles/pio_matrix.dir/C_/Users/Rodrigo/.pico-sdk/sdk/2.1.0/lib/tinyusb/src/common/tusb_fifo.c.obj
                0x10006b30                tu_fifo_config
 .text.tu_fifo_count
                0x10006b9c       0x2c CMakeFiles/pio_matrix.dir/C_/Users/Rodrigo/.pico-sdk/sdk/2.1.0/lib/tinyusb/src/common/tusb_fifo.c.obj
                0x10006b9c                tu_fifo_count
 .text.tu_fifo_empty
                0x10006bc8       0x10 CMakeFiles/pio_matrix.dir/C_/Users/Rodrigo/.pico-sdk/sdk/2.1.0/lib/tinyusb/src/common/tusb_fifo.c.obj
                0x10006bc8                tu_fifo_empty
 .text.tu_fifo_remaining
                0x10006bd8       0x2c CMakeFiles/pio_matrix.dir/C_/Users/Rodrigo/.pico-sdk/sdk/2.1.0/lib/tinyusb/src/common/tusb_fifo.c.obj
                0x10006bd8                tu_fifo_remaining
 .text.tu_fifo_read
                0x10006c04       0x9c CMakeFiles/pio_matrix.dir/C_/Users/Rodrigo/.pico-sdk/sdk/2.1.0/lib/tinyusb/src/common/tusb_fifo.c.obj
                0x10006c04                tu_fifo_read
 .text.tu_fifo_read_n
                0x10006ca0       0xe8 CMakeFiles/pio_matrix.dir/C_/Users/Rodrigo/.pico-sdk/sdk/2.1.0/lib/tinyusb/src/common/tusb_fifo.c.obj
                0x10006ca0                tu_fifo_read_n
 .text.tu_fifo_write
                0x10006d88       0xa8 CMakeFiles/pio_matrix.dir/C_/Users/Rodrigo/.pico-sdk/sdk/2.1.0/lib/tinyusb/src/common/tusb_fifo.c.obj
                0x10006d88                tu_fifo_write
 .text.tu_fifo_write_n
                0x10006e30      0x178 CMakeFiles/pio_matrix.dir/C_/Users/Rodrigo/.pico-sdk/sdk/2.1.0/lib/tinyusb/src/common/tusb_fifo.c.obj
                0x10006e30                tu_fifo_write_n
 .text.tu_fifo_clear
                0x10006fa8       0x40 CMakeFiles/pio_matrix.dir/C_/Users/Rodrigo/.pico-sdk/sdk/2.1.0/lib/tinyusb/src/common/tusb_fifo.c.obj
                0x10006fa8                tu_fifo_clear
 .text.tu_fifo_set_overwritable
                0x10006fe8       0x48 CMakeFiles/pio_matrix.dir/C_/Users/Rodrigo/.pico-sdk/sdk/2.1.0/lib/tinyusb/src/common/tusb_fifo.c.obj
                0x10006fe8                tu_fifo_set_overwritable
 .text.pio_claim_unused_sm
                0x10007030       0x38 CMakeFiles/pio_matrix.dir/C_/Users/Rodrigo/.pico-sdk/sdk/2.1.0/src/rp2_common/hardware_pio/pio.c.obj
                0x10007030                pio_claim_unused_sm
 .text.pio_add_program
                0x10007068      0x104 CMakeFiles/pio_matrix.dir/C_/Users/Rodrigo/.pico-sdk/sdk/2.1.0/src/rp2_common/hardware_pio/pio.c.obj
                0x10007068                pio_add_program
 .text.pio_sm_set_consecutive_pindirs
                0x1000716c       0xb4 CMakeFiles/pio_matrix.dir/C_/Users/Rodrigo/.pico-sdk/sdk/2.1.0/src/rp2_common/hardware_pio/pio.c.obj
                0x1000716c                pio_sm_set_consecutive_pindirs
 .text.pio_sm_init
                0x10007220       0x9c CMakeFiles/pio_matrix.dir/C_/Users/Rodrigo/.pico-sdk/sdk/2.1.0/src/rp2_common/hardware_pio/pio.c.obj
                0x10007220                pio_sm_init
 .text.strlen   0x100072bc       0x5c C:/Users/Rodrigo/.pico-sdk/toolchain/13_3_Rel1/bin/../lib/gcc/arm-none-eabi/13.3.1/thumb/v6-m/nofp\libg.a(libc_a-strlen-stub.o)
                0x100072bc                strlen
 *(.fini)
 .fini          0x10007318        0x4 C:/Users/Rodrigo/.pico-sdk/toolchain/13_3_Rel1/bin/../lib/gcc/arm-none-eabi/13.3.1/thumb/v6-m/nofp/crti.o
                0x10007318                _fini
 *fill*         0x1000731c        0x4 
 .fini.__stub   0x10007320       0xc0 linker stubs
 *crtbegin.o(.ctors)
 *crtbegin?.o(.ctors)
 *(EXCLUDE_FILE(*crtend.o *crtend?.o) .ctors)
 *(SORT_BY_NAME(.ctors.*))
 *(.ctors)
 *crtbegin.o(.dtors)
 *crtbegin?.o(.dtors)
 *(EXCLUDE_FILE(*crtend.o *crtend?.o) .dtors)
 *(SORT_BY_NAME(.dtors.*))
 *(.dtors)
                0x100073e0                        . = ALIGN (0x4)
                0x100073e0                        PROVIDE (__preinit_array_start = .)
 *(SORT_BY_NAME(.preinit_array.*))
 .preinit_array.00100
                0x100073e0        0x4 CMakeFiles/pio_matrix.dir/C_/Users/Rodrigo/.pico-sdk/sdk/2.1.0/src/rp2_common/pico_runtime_init/runtime_init.c.obj
                0x100073e0                __pre_init_runtime_init_early_resets
 .preinit_array.00101
                0x100073e4        0x4 CMakeFiles/pio_matrix.dir/C_/Users/Rodrigo/.pico-sdk/sdk/2.1.0/src/rp2_common/pico_runtime_init/runtime_init.c.obj
                0x100073e4                __pre_init_runtime_init_usb_power_down
 .preinit_array.00275
                0x100073e8        0x4 CMakeFiles/pio_matrix.dir/C_/Users/Rodrigo/.pico-sdk/sdk/2.1.0/src/rp2_common/pico_bit_ops/bit_ops_aeabi.S.obj
 .preinit_array.00300
                0x100073ec        0x4 CMakeFiles/pio_matrix.dir/C_/Users/Rodrigo/.pico-sdk/sdk/2.1.0/src/rp2_common/pico_mem_ops/mem_ops_aeabi.S.obj
 .preinit_array.00350
                0x100073f0        0x4 CMakeFiles/pio_matrix.dir/C_/Users/Rodrigo/.pico-sdk/sdk/2.1.0/src/rp2_common/pico_double/double_aeabi_rp2040.S.obj
 .preinit_array.00350
                0x100073f4        0x4 CMakeFiles/pio_matrix.dir/C_/Users/Rodrigo/.pico-sdk/sdk/2.1.0/src/rp2_common/pico_float/float_aeabi_rp2040.S.obj
 .preinit_array.00500
                0x100073f8        0x4 CMakeFiles/pio_matrix.dir/C_/Users/Rodrigo/.pico-sdk/sdk/2.1.0/src/rp2_common/pico_runtime_init/runtime_init.c.obj
                0x100073f8                __pre_init_runtime_init_clocks
 .preinit_array.00600
                0x100073fc        0x4 CMakeFiles/pio_matrix.dir/C_/Users/Rodrigo/.pico-sdk/sdk/2.1.0/src/rp2_common/pico_runtime_init/runtime_init.c.obj
                0x100073fc                __pre_init_runtime_init_post_clock_resets
 .preinit_array.00700
                0x10007400        0x4 CMakeFiles/pio_matrix.dir/C_/Users/Rodrigo/.pico-sdk/sdk/2.1.0/src/rp2_common/pico_runtime_init/runtime_init.c.obj
                0x10007400                __pre_init_runtime_init_rp2040_gpio_ie_disable
 .preinit_array.01000
                0x10007404        0x4 CMakeFiles/pio_matrix.dir/C_/Users/Rodrigo/.pico-sdk/sdk/2.1.0/src/rp2_common/pico_runtime_init/runtime_init.c.obj
                0x10007404                __pre_init_runtime_init_spin_locks_reset
 .preinit_array.01100
                0x10007408        0x4 CMakeFiles/pio_matrix.dir/C_/Users/Rodrigo/.pico-sdk/sdk/2.1.0/src/common/pico_sync/mutex.c.obj
                0x10007408                __pre_init_runtime_init_mutex
 .preinit_array.10080
                0x1000740c        0x4 CMakeFiles/pio_matrix.dir/C_/Users/Rodrigo/.pico-sdk/sdk/2.1.0/src/rp2_common/pico_runtime_init/runtime_init.c.obj
                0x1000740c                __pre_init_runtime_init_install_ram_vector_table
 .preinit_array.11000
                0x10007410        0x4 CMakeFiles/pio_matrix.dir/C_/Users/Rodrigo/.pico-sdk/sdk/2.1.0/src/common/pico_time/time.c.obj
                0x10007410                __pre_init_runtime_init_default_alarm_pool
 .preinit_array.YYYYY
                0x10007414        0x4 CMakeFiles/pio_matrix.dir/C_/Users/Rodrigo/.pico-sdk/sdk/2.1.0/src/rp2_common/pico_runtime/runtime.c.obj
                0x10007414                __pre_init_first_per_core_initializer
 .preinit_array.ZZZZZ.01200
                0x10007418        0x4 CMakeFiles/pio_matrix.dir/C_/Users/Rodrigo/.pico-sdk/sdk/2.1.0/src/rp2_common/hardware_irq/irq.c.obj
                0x10007418                __pre_init_runtime_init_per_core_irq_priorities
 *(.preinit_array)
                0x1000741c                        PROVIDE (__preinit_array_end = .)
                0x1000741c                        . = ALIGN (0x4)
                0x1000741c                        PROVIDE (__init_array_start = .)
 *(SORT_BY_NAME(.init_array.*))
 *(.init_array)
 .init_array    0x1000741c        0x4 C:/Users/Rodrigo/.pico-sdk/toolchain/13_3_Rel1/bin/../lib/gcc/arm-none-eabi/13.3.1/thumb/v6-m/nofp/crtbegin.o
 .init_array    0x10007420        0x4 CMakeFiles/pio_matrix.dir/C_/Users/Rodrigo/.pico-sdk/sdk/2.1.0/src/rp2_common/pico_unique_id/unique_id.c.obj
                0x10007424                        PROVIDE (__init_array_end = .)
                0x10007424                        . = ALIGN (0x4)
                [!provide]                        PROVIDE (__fini_array_start = .)
 *(SORT_BY_NAME(.fini_array.*))
 *(.fini_array)
                [!provide]                        PROVIDE (__fini_array_end = .)
 *(.eh_frame*)
 .eh_frame      0x10007424        0x0 C:/Users/Rodrigo/.pico-sdk/toolchain/13_3_Rel1/bin/../lib/gcc/arm-none-eabi/13.3.1/thumb/v6-m/nofp/crtbegin.o
                0x10007424                        . = ALIGN (0x4)

.glue_7         0x10007424        0x0
 .glue_7        0x10007424        0x0 linker stubs

.glue_7t        0x10007424        0x0
 .glue_7t       0x10007424        0x0 linker stubs

.vfp11_veneer   0x10007424        0x0
 .vfp11_veneer  0x10007424        0x0 linker stubs

.v4_bx          0x10007424        0x0
 .v4_bx         0x10007424        0x0 linker stubs

.iplt           0x10007424        0x0
 .iplt          0x10007424        0x0 C:/Users/Rodrigo/.pico-sdk/toolchain/13_3_Rel1/bin/../lib/gcc/arm-none-eabi/13.3.1/thumb/v6-m/nofp/crtbegin.o

.rodata         0x10007428      0x6fc
 *(EXCLUDE_FILE(*libm.a: *libc.a:*lib_a-mem*.o *libgcc.a:) .rodata*)
 .rodata.gpio_irq_handler.str1.4
                0x10007428      0x200 CMakeFiles/pio_matrix.dir/pio_matrix.c.obj
                                 0x4e (size before relaxing)
 .rodata.linhas
                0x10007628       0x10 CMakeFiles/pio_matrix.dir/pio_matrix.c.obj
                0x10007628                linhas
 .rodata.colunas
                0x10007638       0x10 CMakeFiles/pio_matrix.dir/pio_matrix.c.obj
                0x10007638                colunas
 .rodata.pio_matrix_program
                0x10007648        0x8 CMakeFiles/pio_matrix.dir/pio_matrix.c.obj
 .rodata.pio_matrix_program_instructions
                0x10007650        0xe CMakeFiles/pio_matrix.dir/pio_matrix.c.obj
 *fill*         0x1000765e        0x2 
 .rodata        0x10007660       0x14 CMakeFiles/pio_matrix.dir/pio_matrix.c.obj
 .rodata.panic.str1.4
                0x10007674       0x12 CMakeFiles/pio_matrix.dir/C_/Users/Rodrigo/.pico-sdk/sdk/2.1.0/src/rp2_common/pico_platform_panic/panic.c.obj
 .rodata.spin_lock_claim_unused.str1.4
                0x10007674       0x1b CMakeFiles/pio_matrix.dir/C_/Users/Rodrigo/.pico-sdk/sdk/2.1.0/src/rp2_common/hardware_sync/sync.c.obj
 .rodata.user_irq_claim_unused.str1.4
                0x10007674       0x1b CMakeFiles/pio_matrix.dir/C_/Users/Rodrigo/.pico-sdk/sdk/2.1.0/src/rp2_common/hardware_irq/irq.c.obj
 .rodata.timer_hardware_alarm_claim.str1.4
                0x10007674       0x22 CMakeFiles/pio_matrix.dir/C_/Users/Rodrigo/.pico-sdk/sdk/2.1.0/src/rp2_common/hardware_timer/timer.c.obj
 .rodata.hard_assertion_failure.str1.4
                0x10007674        0xc CMakeFiles/pio_matrix.dir/C_/Users/Rodrigo/.pico-sdk/sdk/2.1.0/src/rp2_common/pico_runtime/runtime.c.obj
 .rodata.missing_double_func_shim.str1.4
                0x10007674       0x18 CMakeFiles/pio_matrix.dir/C_/Users/Rodrigo/.pico-sdk/sdk/2.1.0/src/rp2_common/pico_double/double_init_rom_rp2040.c.obj
 .rodata.missing_float_func_shim.str1.4
                0x10007674        0x1 CMakeFiles/pio_matrix.dir/C_/Users/Rodrigo/.pico-sdk/sdk/2.1.0/src/rp2_common/pico_float/float_init_rom_rp2040.c.obj
 .rodata.str1.4
                0x10007674       0x44 CMakeFiles/pio_matrix.dir/C_/Users/Rodrigo/.pico-sdk/sdk/2.1.0/src/rp2_common/pico_standard_binary_info/standard_binary_info.c.obj
 .rodata.__bi_84
                0x10007674        0xc CMakeFiles/pio_matrix.dir/C_/Users/Rodrigo/.pico-sdk/sdk/2.1.0/src/rp2_common/pico_standard_binary_info/standard_binary_info.c.obj
 .rodata.__bi_78
                0x10007680        0xc CMakeFiles/pio_matrix.dir/C_/Users/Rodrigo/.pico-sdk/sdk/2.1.0/src/rp2_common/pico_standard_binary_info/standard_binary_info.c.obj
 .rodata.__bi_60
                0x1000768c        0xc CMakeFiles/pio_matrix.dir/C_/Users/Rodrigo/.pico-sdk/sdk/2.1.0/src/rp2_common/pico_standard_binary_info/standard_binary_info.c.obj
 .rodata.__bi_54
                0x10007698        0xc CMakeFiles/pio_matrix.dir/C_/Users/Rodrigo/.pico-sdk/sdk/2.1.0/src/rp2_common/pico_standard_binary_info/standard_binary_info.c.obj
 .rodata.__bi_48
                0x100076a4        0xc CMakeFiles/pio_matrix.dir/C_/Users/Rodrigo/.pico-sdk/sdk/2.1.0/src/rp2_common/pico_standard_binary_info/standard_binary_info.c.obj
 .rodata.__bi_42
                0x100076b0        0xc CMakeFiles/pio_matrix.dir/C_/Users/Rodrigo/.pico-sdk/sdk/2.1.0/src/rp2_common/pico_standard_binary_info/standard_binary_info.c.obj
 .rodata.__bi_34
                0x100076bc        0xc CMakeFiles/pio_matrix.dir/C_/Users/Rodrigo/.pico-sdk/sdk/2.1.0/src/rp2_common/pico_standard_binary_info/standard_binary_info.c.obj
 .rodata.__bi_26
                0x100076c8        0xc CMakeFiles/pio_matrix.dir/C_/Users/Rodrigo/.pico-sdk/sdk/2.1.0/src/rp2_common/pico_standard_binary_info/standard_binary_info.c.obj
 .rodata._ftoa.str1.4
                0x100076d4       0x15 CMakeFiles/pio_matrix.dir/C_/Users/Rodrigo/.pico-sdk/sdk/2.1.0/src/rp2_common/pico_printf/printf.c.obj
 .rodata._vsnprintf
                0x100076d4      0x19c CMakeFiles/pio_matrix.dir/C_/Users/Rodrigo/.pico-sdk/sdk/2.1.0/src/rp2_common/pico_printf/printf.c.obj
 .rodata.pow10.0
                0x10007870       0x50 CMakeFiles/pio_matrix.dir/C_/Users/Rodrigo/.pico-sdk/sdk/2.1.0/src/rp2_common/pico_printf/printf.c.obj
 .rodata.crlf_str.0
                0x100078c0        0x2 CMakeFiles/pio_matrix.dir/C_/Users/Rodrigo/.pico-sdk/sdk/2.1.0/src/rp2_common/pico_stdio/stdio.c.obj
 *fill*         0x100078c2        0x2 
 .rodata._resetd_driver
                0x100078c4       0x20 CMakeFiles/pio_matrix.dir/C_/Users/Rodrigo/.pico-sdk/sdk/2.1.0/src/rp2_common/pico_stdio_usb/reset_interface.c.obj
 .rodata.desc_ms_os_20
                0x100078e4       0xa6 CMakeFiles/pio_matrix.dir/C_/Users/Rodrigo/.pico-sdk/sdk/2.1.0/src/rp2_common/pico_stdio_usb/reset_interface.c.obj
 *fill*         0x1000798a        0x2 
 .rodata.desc_bos
                0x1000798c       0x21 CMakeFiles/pio_matrix.dir/C_/Users/Rodrigo/.pico-sdk/sdk/2.1.0/src/rp2_common/pico_stdio_usb/reset_interface.c.obj
                0x1000798c                desc_bos
 .rodata.str1.4
                0x100079ad       0x13 CMakeFiles/pio_matrix.dir/C_/Users/Rodrigo/.pico-sdk/sdk/2.1.0/src/rp2_common/pico_stdio_usb/stdio_usb.c.obj
 *fill*         0x100079ad        0x3 
 .rodata.__bi_197.0
                0x100079b0        0xc CMakeFiles/pio_matrix.dir/C_/Users/Rodrigo/.pico-sdk/sdk/2.1.0/src/rp2_common/pico_stdio_usb/stdio_usb.c.obj
 .rodata.str1.4
                0x100079bc       0x2a CMakeFiles/pio_matrix.dir/C_/Users/Rodrigo/.pico-sdk/sdk/2.1.0/src/rp2_common/pico_stdio_usb/stdio_usb_descriptors.c.obj
 .rodata.usbd_desc_str
                0x100079bc       0x18 CMakeFiles/pio_matrix.dir/C_/Users/Rodrigo/.pico-sdk/sdk/2.1.0/src/rp2_common/pico_stdio_usb/stdio_usb_descriptors.c.obj
 .rodata.usbd_desc_cfg
                0x100079d4       0x54 CMakeFiles/pio_matrix.dir/C_/Users/Rodrigo/.pico-sdk/sdk/2.1.0/src/rp2_common/pico_stdio_usb/stdio_usb_descriptors.c.obj
 .rodata.usbd_desc_device
                0x10007a28       0x12 CMakeFiles/pio_matrix.dir/C_/Users/Rodrigo/.pico-sdk/sdk/2.1.0/src/rp2_common/pico_stdio_usb/stdio_usb_descriptors.c.obj
 .rodata.str1.4
                0x10007a3a       0x14 CMakeFiles/pio_matrix.dir/C_/Users/Rodrigo/.pico-sdk/sdk/2.1.0/lib/tinyusb/src/portable/raspberrypi/rp2040/dcd_rp2040.c.obj
 .rodata.str1.4
                0x10007a3a       0x48 CMakeFiles/pio_matrix.dir/C_/Users/Rodrigo/.pico-sdk/sdk/2.1.0/lib/tinyusb/src/portable/raspberrypi/rp2040/rp2040_usb.c.obj
 *fill*         0x10007a3a        0x2 
 .rodata.tud_task_ext
                0x10007a3c       0x8c CMakeFiles/pio_matrix.dir/C_/Users/Rodrigo/.pico-sdk/sdk/2.1.0/lib/tinyusb/src/device/usbd.c.obj
 .rodata        0x10007ac8       0x1c CMakeFiles/pio_matrix.dir/C_/Users/Rodrigo/.pico-sdk/sdk/2.1.0/lib/tinyusb/src/device/usbd.c.obj
 .rodata._usbd_driver
                0x10007ae4       0x40 CMakeFiles/pio_matrix.dir/C_/Users/Rodrigo/.pico-sdk/sdk/2.1.0/lib/tinyusb/src/device/usbd.c.obj
 .rodata.pio_claim_unused_sm.str1.4
                0x10007b24       0x24 CMakeFiles/pio_matrix.dir/C_/Users/Rodrigo/.pico-sdk/sdk/2.1.0/src/rp2_common/hardware_pio/pio.c.obj
                0x10007b48                        . = ALIGN (0x4)
 *(SORT_BY_ALIGNMENT(SORT_BY_NAME(.flashdata*)))
                0x10007b48                        . = ALIGN (0x4)

.ARM.extab
 *(.ARM.extab* .gnu.linkonce.armextab.*)
                0x10007b24                        __exidx_start = .

.ARM.exidx
 *(.ARM.exidx* .gnu.linkonce.armexidx.*)
                0x10007b24                        __exidx_end = .
                0x10007b48                        . = ALIGN (0x4)
                0x10007b24                        __binary_info_start = .

.binary_info    0x10007b24       0x24
 *(.binary_info.keep.*)
 .binary_info.keep.__bi_ptr84
                0x10007b24        0x4 CMakeFiles/pio_matrix.dir/C_/Users/Rodrigo/.pico-sdk/sdk/2.1.0/src/rp2_common/pico_standard_binary_info/standard_binary_info.c.obj
 .binary_info.keep.__bi_ptr78
                0x10007b28        0x4 CMakeFiles/pio_matrix.dir/C_/Users/Rodrigo/.pico-sdk/sdk/2.1.0/src/rp2_common/pico_standard_binary_info/standard_binary_info.c.obj
 .binary_info.keep.__bi_ptr60
                0x10007b2c        0x4 CMakeFiles/pio_matrix.dir/C_/Users/Rodrigo/.pico-sdk/sdk/2.1.0/src/rp2_common/pico_standard_binary_info/standard_binary_info.c.obj
 .binary_info.keep.__bi_ptr54
                0x10007b30        0x4 CMakeFiles/pio_matrix.dir/C_/Users/Rodrigo/.pico-sdk/sdk/2.1.0/src/rp2_common/pico_standard_binary_info/standard_binary_info.c.obj
 .binary_info.keep.__bi_ptr48
                0x10007b34        0x4 CMakeFiles/pio_matrix.dir/C_/Users/Rodrigo/.pico-sdk/sdk/2.1.0/src/rp2_common/pico_standard_binary_info/standard_binary_info.c.obj
 .binary_info.keep.__bi_ptr42
                0x10007b38        0x4 CMakeFiles/pio_matrix.dir/C_/Users/Rodrigo/.pico-sdk/sdk/2.1.0/src/rp2_common/pico_standard_binary_info/standard_binary_info.c.obj
 .binary_info.keep.__bi_ptr34
                0x10007b3c        0x4 CMakeFiles/pio_matrix.dir/C_/Users/Rodrigo/.pico-sdk/sdk/2.1.0/src/rp2_common/pico_standard_binary_info/standard_binary_info.c.obj
 .binary_info.keep.__bi_ptr26
                0x10007b40        0x4 CMakeFiles/pio_matrix.dir/C_/Users/Rodrigo/.pico-sdk/sdk/2.1.0/src/rp2_common/pico_standard_binary_info/standard_binary_info.c.obj
 *(.binary_info.*)
 .binary_info.__bi_ptr197
                0x10007b44        0x4 CMakeFiles/pio_matrix.dir/C_/Users/Rodrigo/.pico-sdk/sdk/2.1.0/src/rp2_common/pico_stdio_usb/stdio_usb.c.obj
                0x10007b48                        __binary_info_end = .

.rel.dyn        0x10007b48        0x0
 .rel.iplt      0x10007b48        0x0 C:/Users/Rodrigo/.pico-sdk/toolchain/13_3_Rel1/bin/../lib/gcc/arm-none-eabi/13.3.1/thumb/v6-m/nofp/crtbegin.o
                0x10007b48                        . = ALIGN (0x4)

.ram_vector_table
                0x20000000       0xc0
 *(.ram_vector_table)
 .ram_vector_table
                0x20000000       0xc0 CMakeFiles/pio_matrix.dir/C_/Users/Rodrigo/.pico-sdk/sdk/2.1.0/src/rp2_common/pico_runtime_init/runtime_init.c.obj
                0x20000000                ram_vector_table

.uninitialized_data
                0x200000c0        0x0
                0x200000c0                        . = ALIGN (0x4)
 *(.uninitialized_data*)

.data           0x200000c0     0x2330 load address 0x10007b48
                0x200000c0                        __data_start__ = .
 *(vtable)
 *(.time_critical*)
 .time_critical.mutex_try_enter
                0x200000c0       0x40 CMakeFiles/pio_matrix.dir/C_/Users/Rodrigo/.pico-sdk/sdk/2.1.0/src/common/pico_sync/mutex.c.obj
                0x200000c0                mutex_try_enter
 .time_critical.mutex_try_enter_block_until
                0x20000100       0x9c CMakeFiles/pio_matrix.dir/C_/Users/Rodrigo/.pico-sdk/sdk/2.1.0/src/common/pico_sync/mutex.c.obj
                0x20000100                mutex_try_enter_block_until
 .time_critical.mutex_enter_timeout_ms
                0x2000019c       0x90 CMakeFiles/pio_matrix.dir/C_/Users/Rodrigo/.pico-sdk/sdk/2.1.0/src/common/pico_sync/mutex.c.obj
                0x2000019c                mutex_enter_timeout_ms
 .time_critical.mutex_exit
                0x2000022c       0x28 CMakeFiles/pio_matrix.dir/C_/Users/Rodrigo/.pico-sdk/sdk/2.1.0/src/common/pico_sync/mutex.c.obj
                0x2000022c                mutex_exit
 .time_critical.flash_init_boot2_copyout
                0x20000254       0x30 CMakeFiles/pio_matrix.dir/C_/Users/Rodrigo/.pico-sdk/sdk/2.1.0/src/rp2_common/hardware_flash/flash.c.obj
 .time_critical.flash_enable_xip_via_boot2
                0x20000284        0xc CMakeFiles/pio_matrix.dir/C_/Users/Rodrigo/.pico-sdk/sdk/2.1.0/src/rp2_common/hardware_flash/flash.c.obj
 .time_critical.flash_cs_force
                0x20000290       0x38 CMakeFiles/pio_matrix.dir/C_/Users/Rodrigo/.pico-sdk/sdk/2.1.0/src/rp2_common/hardware_flash/flash.c.obj
 .time_critical.flash_do_cmd
                0x200002c8       0xc0 CMakeFiles/pio_matrix.dir/C_/Users/Rodrigo/.pico-sdk/sdk/2.1.0/src/rp2_common/hardware_flash/flash.c.obj
                0x200002c8                flash_do_cmd
 .time_critical.reset_non_control_endpoints
                0x20000388       0x68 CMakeFiles/pio_matrix.dir/C_/Users/Rodrigo/.pico-sdk/sdk/2.1.0/lib/tinyusb/src/portable/raspberrypi/rp2040/dcd_rp2040.c.obj
 .time_critical.hw_handle_buff_status
                0x200003f0       0xb0 CMakeFiles/pio_matrix.dir/C_/Users/Rodrigo/.pico-sdk/sdk/2.1.0/lib/tinyusb/src/portable/raspberrypi/rp2040/dcd_rp2040.c.obj
 .time_critical.dcd_rp2040_irq
                0x200004a0      0x578 CMakeFiles/pio_matrix.dir/C_/Users/Rodrigo/.pico-sdk/sdk/2.1.0/lib/tinyusb/src/portable/raspberrypi/rp2040/dcd_rp2040.c.obj
 .time_critical.prepare_ep_buffer
                0x20000a18       0xe0 CMakeFiles/pio_matrix.dir/C_/Users/Rodrigo/.pico-sdk/sdk/2.1.0/lib/tinyusb/src/portable/raspberrypi/rp2040/rp2040_usb.c.obj
 .time_critical.sync_ep_buffer
                0x20000af8       0xa8 CMakeFiles/pio_matrix.dir/C_/Users/Rodrigo/.pico-sdk/sdk/2.1.0/lib/tinyusb/src/portable/raspberrypi/rp2040/rp2040_usb.c.obj
 .time_critical._hw_endpoint_xfer_sync
                0x20000ba0       0x28 CMakeFiles/pio_matrix.dir/C_/Users/Rodrigo/.pico-sdk/sdk/2.1.0/lib/tinyusb/src/portable/raspberrypi/rp2040/rp2040_usb.c.obj
 .time_critical.e15_is_bulkin_ep
                0x20000bc8       0x28 CMakeFiles/pio_matrix.dir/C_/Users/Rodrigo/.pico-sdk/sdk/2.1.0/lib/tinyusb/src/portable/raspberrypi/rp2040/rp2040_usb.c.obj
 .time_critical.e15_is_critical_frame_period
                0x20000bf0       0x34 CMakeFiles/pio_matrix.dir/C_/Users/Rodrigo/.pico-sdk/sdk/2.1.0/lib/tinyusb/src/portable/raspberrypi/rp2040/rp2040_usb.c.obj
 .time_critical.hw_endpoint_reset_transfer
                0x20000c24        0xc CMakeFiles/pio_matrix.dir/C_/Users/Rodrigo/.pico-sdk/sdk/2.1.0/lib/tinyusb/src/portable/raspberrypi/rp2040/rp2040_usb.c.obj
                0x20000c24                hw_endpoint_reset_transfer
 .time_critical._hw_endpoint_buffer_control_update32
                0x20000c30       0x50 CMakeFiles/pio_matrix.dir/C_/Users/Rodrigo/.pico-sdk/sdk/2.1.0/lib/tinyusb/src/portable/raspberrypi/rp2040/rp2040_usb.c.obj
                0x20000c30                _hw_endpoint_buffer_control_update32
 .time_critical.hw_endpoint_start_next_buffer
                0x20000c80       0x6c CMakeFiles/pio_matrix.dir/C_/Users/Rodrigo/.pico-sdk/sdk/2.1.0/lib/tinyusb/src/portable/raspberrypi/rp2040/rp2040_usb.c.obj
                0x20000c80                hw_endpoint_start_next_buffer
 .time_critical.hw_endpoint_xfer_continue
                0x20000cec       0x40 CMakeFiles/pio_matrix.dir/C_/Users/Rodrigo/.pico-sdk/sdk/2.1.0/lib/tinyusb/src/portable/raspberrypi/rp2040/rp2040_usb.c.obj
                0x20000cec                hw_endpoint_xfer_continue
 .time_critical.tinyusb
                0x20000d2c      0x1e4 CMakeFiles/pio_matrix.dir/C_/Users/Rodrigo/.pico-sdk/sdk/2.1.0/lib/tinyusb/src/device/usbd.c.obj
                0x20000d2c                dcd_event_handler
 *(.text*)
 .text          0x20000f10        0x4 C:/Users/Rodrigo/.pico-sdk/toolchain/13_3_Rel1/bin/../lib/gcc/arm-none-eabi/13.3.1/thumb/v6-m/nofp\libgcc.a(_dvmd_tls.o)
                0x20000f10                __aeabi_idiv0
                0x20000f10                __aeabi_ldiv0
 *fill*         0x20000f14        0x4 
 .text.__stub   0x20000f18       0x80 linker stubs
                0x20000f98                        . = ALIGN (0x4)
 *(.rodata*)
                0x20000f98                        . = ALIGN (0x4)
 *(.data*)
 *fill*         0x20000f98        0x0 
 .data.desenho6
                0x20000f98      0x3e8 CMakeFiles/pio_matrix.dir/pio_matrix.c.obj
                0x20000f98                desenho6
 .data.desenho5
                0x20001380      0x3e8 CMakeFiles/pio_matrix.dir/pio_matrix.c.obj
                0x20001380                desenho5
 .data.desenho4
                0x20001768      0x3e8 CMakeFiles/pio_matrix.dir/pio_matrix.c.obj
                0x20001768                desenho4
 .data.desenho3
                0x20001b50      0x3e8 CMakeFiles/pio_matrix.dir/pio_matrix.c.obj
                0x20001b50                desenho3
 .data.desenho2
                0x20001f38      0x3e8 CMakeFiles/pio_matrix.dir/pio_matrix.c.obj
                0x20001f38                desenho2
 .data.striped_spin_lock_num
                0x20002320        0x1 CMakeFiles/pio_matrix.dir/C_/Users/Rodrigo/.pico-sdk/sdk/2.1.0/src/rp2_common/hardware_sync/sync.c.obj
 *fill*         0x20002321        0x3 
 .data          0x20002324       0x48 CMakeFiles/pio_matrix.dir/C_/Users/Rodrigo/.pico-sdk/sdk/2.1.0/src/rp2_common/hardware_irq/irq_handler_chain.S.obj
                0x20002324                irq_handler_chain_slots
                0x20002354                irq_handler_chain_first_slot
                0x2000235e                irq_handler_chain_remove_tail
 .data.default_alarm_pool
                0x2000236c       0x18 CMakeFiles/pio_matrix.dir/C_/Users/Rodrigo/.pico-sdk/sdk/2.1.0/src/common/pico_time/time.c.obj
 *fill*         0x20002384        0xc 
 .data.aeabi_bits_funcs
                0x20002390       0x10 CMakeFiles/pio_matrix.dir/C_/Users/Rodrigo/.pico-sdk/sdk/2.1.0/src/rp2_common/pico_bit_ops/bit_ops_aeabi.S.obj
                0x20002390                aeabi_bits_funcs
                0x200023a0                aeabi_bits_funcs_end
 .data.aeabi_mem_funcs
                0x200023a0       0x10 CMakeFiles/pio_matrix.dir/C_/Users/Rodrigo/.pico-sdk/sdk/2.1.0/src/rp2_common/pico_mem_ops/mem_ops_aeabi.S.obj
                0x200023a0                aeabi_mem_funcs
                0x200023b0                aeabi_mem_funcs_end
 .data.stdio_usb
                0x200023b0       0x18 CMakeFiles/pio_matrix.dir/C_/Users/Rodrigo/.pico-sdk/sdk/2.1.0/src/rp2_common/pico_stdio_usb/stdio_usb.c.obj
                0x200023b0                stdio_usb
 .data._usbd_qdef
                0x200023c8       0x1c CMakeFiles/pio_matrix.dir/C_/Users/Rodrigo/.pico-sdk/sdk/2.1.0/lib/tinyusb/src/device/usbd.c.obj
                0x200023c8                _usbd_qdef
 .data._usbd_rhport
                0x200023e4        0x1 CMakeFiles/pio_matrix.dir/C_/Users/Rodrigo/.pico-sdk/sdk/2.1.0/lib/tinyusb/src/device/usbd.c.obj
                0x200023e8                        . = ALIGN (0x4)
 *fill*         0x200023e5        0x3 
 *(.after_data.*)
                0x200023e8                        . = ALIGN (0x4)
                0x200023e8                        PROVIDE (__mutex_array_start = .)
 *(SORT_BY_NAME(.mutex_array.*))
 *(.mutex_array)
 .mutex_array   0x200023e8        0x8 CMakeFiles/pio_matrix.dir/C_/Users/Rodrigo/.pico-sdk/sdk/2.1.0/src/rp2_common/pico_stdio/stdio.c.obj
                0x200023f0                        PROVIDE (__mutex_array_end = .)
                0x200023f0                        . = ALIGN (0x4)
 *(.jcr)
                0x200023f0                        . = ALIGN (0x4)

.tm_clone_table
                0x200023f0        0x0 load address 0x10009e78
 .tm_clone_table
                0x200023f0        0x0 C:/Users/Rodrigo/.pico-sdk/toolchain/13_3_Rel1/bin/../lib/gcc/arm-none-eabi/13.3.1/thumb/v6-m/nofp/crtbegin.o
 .tm_clone_table
                0x200023f0        0x0 C:/Users/Rodrigo/.pico-sdk/toolchain/13_3_Rel1/bin/../lib/gcc/arm-none-eabi/13.3.1/thumb/v6-m/nofp/crtend.o

.igot.plt       0x200023f0        0x0 load address 0x10009e78
 .igot.plt      0x200023f0        0x0 C:/Users/Rodrigo/.pico-sdk/toolchain/13_3_Rel1/bin/../lib/gcc/arm-none-eabi/13.3.1/thumb/v6-m/nofp/crtbegin.o

.tdata          0x200023f0        0x0 load address 0x10009e78
                0x200023f0                        . = ALIGN (0x4)
 *(.tdata .tdata.* .gnu.linkonce.td.*)
                0x200023f0                        __tdata_end = .
                0x200023f0                        PROVIDE (__data_end__ = .)
                0x10007b48                        __etext = LOADADDR (.data)

.tbss           0x200023f0        0x0 load address 0x10009e78
                0x200023f0                        . = ALIGN (0x4)
                0x200023f0                        __bss_start__ = .
                0x200023f0                        __tls_base = .
 *(.tbss .tbss.* .gnu.linkonce.tb.*)
 *(.tcommon)
                0x200023f0                        __tls_end = .

.bss            0x200023f0     0x1094 load address 0x10009e78
                0x200023f0                        . = ALIGN (0x4)
                0x200023f0                        __tbss_end = .
 *(SORT_BY_ALIGNMENT(SORT_BY_NAME(.bss*)))
 .bss.default_alarm_pool_entries
                0x200023f0      0x180 CMakeFiles/pio_matrix.dir/C_/Users/Rodrigo/.pico-sdk/sdk/2.1.0/src/common/pico_time/time.c.obj
 .bss.last_avail_time.1
                0x20002570        0x8 CMakeFiles/pio_matrix.dir/C_/Users/Rodrigo/.pico-sdk/sdk/2.1.0/src/rp2_common/pico_stdio_usb/stdio_usb.c.obj
 .bss.sd_table  0x20002578      0x100 CMakeFiles/pio_matrix.dir/C_/Users/Rodrigo/.pico-sdk/sdk/2.1.0/src/rp2_common/pico_double/double_init_rom_rp2040.c.obj
                0x20002578                sd_table
 .bss._app_driver
                0x20002678        0x4 CMakeFiles/pio_matrix.dir/C_/Users/Rodrigo/.pico-sdk/sdk/2.1.0/lib/tinyusb/src/device/usbd.c.obj
 .bss._cdcd_fifo_cfg
                0x2000267c        0x1 CMakeFiles/pio_matrix.dir/C_/Users/Rodrigo/.pico-sdk/sdk/2.1.0/lib/tinyusb/src/class/cdc/cdc_device.c.obj
 *fill*         0x2000267d        0x3 
 .bss._cdcd_itf
                0x20002680      0x2c8 CMakeFiles/pio_matrix.dir/C_/Users/Rodrigo/.pico-sdk/sdk/2.1.0/lib/tinyusb/src/class/cdc/cdc_device.c.obj
 .bss._ctrl_xfer
                0x20002948       0x14 CMakeFiles/pio_matrix.dir/C_/Users/Rodrigo/.pico-sdk/sdk/2.1.0/lib/tinyusb/src/device/usbd_control.c.obj
 .bss._ubsd_mutexdef
                0x2000295c        0x8 CMakeFiles/pio_matrix.dir/C_/Users/Rodrigo/.pico-sdk/sdk/2.1.0/lib/tinyusb/src/device/usbd.c.obj
 .bss._usbd_ctrl_buf
                0x20002964       0x40 CMakeFiles/pio_matrix.dir/C_/Users/Rodrigo/.pico-sdk/sdk/2.1.0/lib/tinyusb/src/device/usbd_control.c.obj
 .bss._usbd_dev
                0x200029a4       0x54 CMakeFiles/pio_matrix.dir/C_/Users/Rodrigo/.pico-sdk/sdk/2.1.0/lib/tinyusb/src/device/usbd.c.obj
 .bss._usbd_mutex
                0x200029f8        0x4 CMakeFiles/pio_matrix.dir/C_/Users/Rodrigo/.pico-sdk/sdk/2.1.0/lib/tinyusb/src/device/usbd.c.obj
 .bss._usbd_q   0x200029fc        0x4 CMakeFiles/pio_matrix.dir/C_/Users/Rodrigo/.pico-sdk/sdk/2.1.0/lib/tinyusb/src/device/usbd.c.obj
 .bss._usbd_qdef_buf
                0x20002a00       0xc0 CMakeFiles/pio_matrix.dir/C_/Users/Rodrigo/.pico-sdk/sdk/2.1.0/lib/tinyusb/src/device/usbd.c.obj
                0x20002a00                _usbd_qdef_buf
 .bss._used_instruction_space
                0x20002ac0        0x8 CMakeFiles/pio_matrix.dir/C_/Users/Rodrigo/.pico-sdk/sdk/2.1.0/src/rp2_common/hardware_pio/pio.c.obj
 .bss._vendord_itf
                0x20002ac8      0x2cc CMakeFiles/pio_matrix.dir/C_/Users/Rodrigo/.pico-sdk/sdk/2.1.0/lib/tinyusb/src/class/vendor/vendor_device.c.obj
 .bss.boot2_copyout
                0x20002d94      0x100 CMakeFiles/pio_matrix.dir/C_/Users/Rodrigo/.pico-sdk/sdk/2.1.0/src/rp2_common/hardware_flash/flash.c.obj
 .bss.callbacks
                0x20002e94        0x8 CMakeFiles/pio_matrix.dir/C_/Users/Rodrigo/.pico-sdk/sdk/2.1.0/src/rp2_common/hardware_gpio/gpio.c.obj
 .bss.chars_available_callback
                0x20002e9c        0x4 CMakeFiles/pio_matrix.dir/C_/Users/Rodrigo/.pico-sdk/sdk/2.1.0/src/rp2_common/pico_stdio_usb/stdio_usb.c.obj
 .bss.chars_available_param
                0x20002ea0        0x4 CMakeFiles/pio_matrix.dir/C_/Users/Rodrigo/.pico-sdk/sdk/2.1.0/src/rp2_common/pico_stdio_usb/stdio_usb.c.obj
 .bss.claimed   0x20002ea4        0x4 CMakeFiles/pio_matrix.dir/C_/Users/Rodrigo/.pico-sdk/sdk/2.1.0/src/rp2_common/hardware_sync/sync.c.obj
 .bss.claimed   0x20002ea8        0x1 CMakeFiles/pio_matrix.dir/C_/Users/Rodrigo/.pico-sdk/sdk/2.1.0/src/rp2_common/hardware_timer/timer.c.obj
 *fill*         0x20002ea9        0x3 
 .bss.claimed   0x20002eac        0x1 CMakeFiles/pio_matrix.dir/C_/Users/Rodrigo/.pico-sdk/sdk/2.1.0/src/rp2_common/hardware_pio/pio.c.obj
 *fill*         0x20002ead        0x3 
 .bss.configured_freq
                0x20002eb0       0x28 CMakeFiles/pio_matrix.dir/C_/Users/Rodrigo/.pico-sdk/sdk/2.1.0/src/rp2_common/hardware_clocks/clocks.c.obj
 .bss.desc_str.0
                0x20002ed8       0x28 CMakeFiles/pio_matrix.dir/C_/Users/Rodrigo/.pico-sdk/sdk/2.1.0/src/rp2_common/pico_stdio_usb/stdio_usb_descriptors.c.obj
 .bss.drivers   0x20002f00        0x4 CMakeFiles/pio_matrix.dir/C_/Users/Rodrigo/.pico-sdk/sdk/2.1.0/src/rp2_common/pico_stdio/stdio.c.obj
 .bss.e15_last_sof
                0x20002f04        0x4 CMakeFiles/pio_matrix.dir/C_/Users/Rodrigo/.pico-sdk/sdk/2.1.0/lib/tinyusb/src/portable/raspberrypi/rp2040/rp2040_usb.c.obj
                0x20002f04                e15_last_sof
 .bss.filter    0x20002f08        0x4 CMakeFiles/pio_matrix.dir/C_/Users/Rodrigo/.pico-sdk/sdk/2.1.0/src/rp2_common/pico_stdio/stdio.c.obj
 .bss.hw_endpoints
                0x20002f0c      0x400 CMakeFiles/pio_matrix.dir/C_/Users/Rodrigo/.pico-sdk/sdk/2.1.0/lib/tinyusb/src/portable/raspberrypi/rp2040/dcd_rp2040.c.obj
 .bss.lazy_vsnprintf
                0x2000330c        0x4 CMakeFiles/pio_matrix.dir/C_/Users/Rodrigo/.pico-sdk/sdk/2.1.0/src/rp2_common/pico_printf/printf.c.obj
 .bss.load_value
                0x20003310        0x4 CMakeFiles/pio_matrix.dir/C_/Users/Rodrigo/.pico-sdk/sdk/2.1.0/src/rp2_common/hardware_watchdog/watchdog.c.obj
 .bss.next_buffer_ptr
                0x20003314        0x4 CMakeFiles/pio_matrix.dir/C_/Users/Rodrigo/.pico-sdk/sdk/2.1.0/lib/tinyusb/src/portable/raspberrypi/rp2040/dcd_rp2040.c.obj
 .bss.object.0  0x20003318       0x18 C:/Users/Rodrigo/.pico-sdk/toolchain/13_3_Rel1/bin/../lib/gcc/arm-none-eabi/13.3.1/thumb/v6-m/nofp/crtbegin.o
 .bss.one_shot_timer_crit_sec
                0x20003330        0x8 CMakeFiles/pio_matrix.dir/C_/Users/Rodrigo/.pico-sdk/sdk/2.1.0/src/rp2_common/pico_stdio_usb/stdio_usb.c.obj
 .bss.pools     0x20003338       0x10 CMakeFiles/pio_matrix.dir/C_/Users/Rodrigo/.pico-sdk/sdk/2.1.0/src/common/pico_time/time.c.obj
 .bss.raw_irq_mask
                0x20003348        0x8 CMakeFiles/pio_matrix.dir/C_/Users/Rodrigo/.pico-sdk/sdk/2.1.0/src/rp2_common/hardware_gpio/gpio.c.obj
 .bss.retrieved_id
                0x20003350        0x8 CMakeFiles/pio_matrix.dir/C_/Users/Rodrigo/.pico-sdk/sdk/2.1.0/src/rp2_common/pico_unique_id/unique_id.c.obj
 .bss.sf_clz_func
                0x20003358        0x4 CMakeFiles/pio_matrix.dir/C_/Users/Rodrigo/.pico-sdk/sdk/2.1.0/src/rp2_common/pico_double/double_init_rom_rp2040.c.obj
                0x20003358                sf_clz_func
 .bss.sf_table  0x2000335c      0x100 CMakeFiles/pio_matrix.dir/C_/Users/Rodrigo/.pico-sdk/sdk/2.1.0/src/rp2_common/pico_float/float_init_rom_rp2040.c.obj
                0x2000335c                sf_table
 .bss.sleep_notifier
                0x2000345c        0x4 CMakeFiles/pio_matrix.dir/C_/Users/Rodrigo/.pico-sdk/sdk/2.1.0/src/common/pico_time/time.c.obj
 .bss.stdio_usb_mutex
                0x20003460        0x8 CMakeFiles/pio_matrix.dir/C_/Users/Rodrigo/.pico-sdk/sdk/2.1.0/src/rp2_common/pico_stdio_usb/stdio_usb.c.obj
 .bss.usbd_serial_str
                0x20003468       0x11 CMakeFiles/pio_matrix.dir/C_/Users/Rodrigo/.pico-sdk/sdk/2.1.0/src/rp2_common/pico_stdio_usb/stdio_usb_descriptors.c.obj
 .bss._app_driver_count
                0x20003479        0x1 CMakeFiles/pio_matrix.dir/C_/Users/Rodrigo/.pico-sdk/sdk/2.1.0/lib/tinyusb/src/device/usbd.c.obj
 .bss._sof_enable
                0x2000347a        0x1 CMakeFiles/pio_matrix.dir/C_/Users/Rodrigo/.pico-sdk/sdk/2.1.0/lib/tinyusb/src/portable/raspberrypi/rp2040/dcd_rp2040.c.obj
 .bss._usbd_queued_setup
                0x2000347b        0x1 CMakeFiles/pio_matrix.dir/C_/Users/Rodrigo/.pico-sdk/sdk/2.1.0/lib/tinyusb/src/device/usbd.c.obj
 .bss.boot2_copyout_valid
                0x2000347c        0x1 CMakeFiles/pio_matrix.dir/C_/Users/Rodrigo/.pico-sdk/sdk/2.1.0/src/rp2_common/hardware_flash/flash.c.obj
 .bss.irq_handler_chain_free_slot_head
                0x2000347d        0x1 CMakeFiles/pio_matrix.dir/C_/Users/Rodrigo/.pico-sdk/sdk/2.1.0/src/rp2_common/hardware_irq/irq.c.obj
 .bss.itf_num   0x2000347e        0x1 CMakeFiles/pio_matrix.dir/C_/Users/Rodrigo/.pico-sdk/sdk/2.1.0/src/rp2_common/pico_stdio_usb/reset_interface.c.obj
 .bss.low_priority_irq_num
                0x2000347f        0x1 CMakeFiles/pio_matrix.dir/C_/Users/Rodrigo/.pico-sdk/sdk/2.1.0/src/rp2_common/pico_stdio_usb/stdio_usb.c.obj
 .bss.one_shot_timer_pending
                0x20003480        0x1 CMakeFiles/pio_matrix.dir/C_/Users/Rodrigo/.pico-sdk/sdk/2.1.0/src/rp2_common/pico_stdio_usb/stdio_usb.c.obj
 .bss.user_irq_claimed
                0x20003481        0x1 CMakeFiles/pio_matrix.dir/C_/Users/Rodrigo/.pico-sdk/sdk/2.1.0/src/rp2_common/hardware_irq/irq.c.obj
 *(COMMON)
                0x20003484                        . = ALIGN (0x4)
 *fill*         0x20003482        0x2 
                0x20003484                        __bss_end__ = .

.heap           0x20003484      0x800 load address 0x10009e78
                0x20003484                        __end__ = .
                0x20003484                        end = __end__
 *(.heap*)
 .heap          0x20003484      0x800 CMakeFiles/pio_matrix.dir/C_/Users/Rodrigo/.pico-sdk/sdk/2.1.0/src/rp2_common/pico_crt0/crt0.S.obj
                0x20040000                        __HeapLimit = (ORIGIN (RAM) + LENGTH (RAM))

.scratch_x      0x20040000        0x0 load address 0x10009e78
                0x20040000                        __scratch_x_start__ = .
 *(.scratch_x.*)
                0x20040000                        . = ALIGN (0x4)
                0x20040000                        __scratch_x_end__ = .
                0x10009e78                        __scratch_x_source__ = LOADADDR (.scratch_x)

.scratch_y      0x20041000        0x0 load address 0x10009e78
                0x20041000                        __scratch_y_start__ = .
 *(.scratch_y.*)
                0x20041000                        . = ALIGN (0x4)
                0x20041000                        __scratch_y_end__ = .
                0x10009e78                        __scratch_y_source__ = LOADADDR (.scratch_y)

.stack1_dummy
 *(.stack1*)

.stack_dummy    0x20041000      0x800
 *(.stack*)
 .stack         0x20041000      0x800 CMakeFiles/pio_matrix.dir/C_/Users/Rodrigo/.pico-sdk/sdk/2.1.0/src/rp2_common/pico_crt0/crt0.S.obj

.flash_end      0x10009e78        0x0
 *(.embedded_end_block*)
                0x10009e78                        PROVIDE (__flash_binary_end = .)
                0x20040000                        __StackLimit = (ORIGIN (RAM) + LENGTH (RAM))
                0x20041000                        __StackOneTop = (ORIGIN (SCRATCH_X) + LENGTH (SCRATCH_X))
                0x20042000                        __StackTop = (ORIGIN (SCRATCH_Y) + LENGTH (SCRATCH_Y))
                0x20041000                        __StackOneBottom = (__StackOneTop - SIZEOF (.stack1_dummy))
                0x20041800                        __StackBottom = (__StackTop - SIZEOF (.stack_dummy))
                0x20042000                        PROVIDE (__stack = __StackTop)
                [!provide]                        PROVIDE (__heap_start = __end__)
                [!provide]                        PROVIDE (__heap_end = __HeapLimit)
                [!provide]                        PROVIDE (__tls_align = MAX (ALIGNOF (.tdata), ALIGNOF (.tbss)))
                [!provide]                        PROVIDE (__tls_size_align = (((__tls_size + __tls_align) - 0x1) & ~ ((__tls_align - 0x1))))
                [!provide]                        PROVIDE (__arm32_tls_tcb_offset = MAX (0x8, __tls_align))
                [!provide]                        PROVIDE (_end = __end__)
                [!provide]                        PROVIDE (__llvm_libc_heap_limit = __HeapLimit)
                0x00000001                        ASSERT ((__StackLimit >= __HeapLimit), region RAM overflowed)